Archive member included because of file (symbol)

C:/Users/opeRaptor/workspace_v6_0/lpmsp430g2553_Enrf24/Debug\liblpmsp430g2553_Enrf24.a(Enrf24.o)
                              ./Enrf24_WiFi.o (Enrf24::available(unsigned char))
C:/Users/opeRaptor/workspace_v6_0/lpmsp430g2553_SPI/Debug\liblpmsp430g2553_SPI.a(SPI.o)
                              ./Enrf24_WiFi.o (SPIClass::begin())
C:/Users/opeRaptor/workspace_v6_0/lpmsp430g2553_SPI/Debug\liblpmsp430g2553_SPI.a(usci_spi.o)
                              C:/Users/opeRaptor/workspace_v6_0/lpmsp430g2553_SPI/Debug\liblpmsp430g2553_SPI.a(SPI.o) (spi_initialize())
C:/Users/opeRaptor/workspace_v6_0/lpmsp430g2553_core/Debug\liblpmsp430g2553_core.a(wiring.o)
                              C:/Users/opeRaptor/workspace_v6_0/lpmsp430g2553_Enrf24/Debug\liblpmsp430g2553_Enrf24.a(Enrf24.o) (millis)
C:/Users/opeRaptor/workspace_v6_0/lpmsp430g2553_core/Debug\liblpmsp430g2553_core.a(wiring_digital.o)
                              ./Enrf24_WiFi.o (pinMode)
C:/Users/opeRaptor/workspace_v6_0/lpmsp430g2553_core/Debug\liblpmsp430g2553_core.a(HardwareSerial.o)
                              ./Enrf24_WiFi.o (Serial)
C:/Users/opeRaptor/workspace_v6_0/lpmsp430g2553_core/Debug\liblpmsp430g2553_core.a(main.o)
                              (main)
C:/Users/opeRaptor/workspace_v6_0/lpmsp430g2553_core/Debug\liblpmsp430g2553_core.a(Print.o)
                              C:/Users/opeRaptor/workspace_v6_0/lpmsp430g2553_Enrf24/Debug\liblpmsp430g2553_Enrf24.a(Enrf24.o) (Print::write(unsigned char const*, unsigned int))
C:/Users/opeRaptor/workspace_v6_0/lpmsp430g2553_core/Debug\liblpmsp430g2553_core.a(Stream.o)
                              ./Enrf24_WiFi.o (Stream::find(char*))
C:/Users/opeRaptor/workspace_v6_0/lpmsp430g2553_core/Debug\liblpmsp430g2553_core.a(WString.o)
                              ./Enrf24_WiFi.o (String::operator=(String const&))
C:/Users/opeRaptor/workspace_v6_0/lpmsp430g2553_core/Debug\liblpmsp430g2553_core.a(atof.o)
                              C:/Users/opeRaptor/workspace_v6_0/lpmsp430g2553_core/Debug\liblpmsp430g2553_core.a(WString.o) (atof)
C:/Users/opeRaptor/workspace_v6_0/lpmsp430g2553_core/Debug\liblpmsp430g2553_core.a(dtostrf.o)
                              C:/Users/opeRaptor/workspace_v6_0/lpmsp430g2553_core/Debug\liblpmsp430g2553_core.a(WString.o) (dtostrf)
C:/Users/opeRaptor/workspace_v6_0/lpmsp430g2553_core/Debug\liblpmsp430g2553_core.a(itoa.o)
                              C:/Users/opeRaptor/workspace_v6_0/lpmsp430g2553_core/Debug\liblpmsp430g2553_core.a(WString.o) (ltoa)
C:/Users/opeRaptor/workspace_v6_0/lpmsp430g2553_core/Debug\liblpmsp430g2553_core.a(usci_isr_handler.o)
                              C:/Users/opeRaptor/workspace_v6_0/lpmsp430g2553_core/Debug\liblpmsp430g2553_core.a(HardwareSerial.o) (usci_isr_install)
C:/Users/opeRaptor/workspace_v6_0/lpmsp430g2553_core/Debug\liblpmsp430g2553_core.a(new.o)
                              C:/Users/opeRaptor/workspace_v6_0/lpmsp430g2553_core/Debug\liblpmsp430g2553_core.a(Print.o) (__cxa_pure_virtual)
C:/Users/opeRaptor/workspace_v6_0/lpmsp430g2553_core/Debug\liblpmsp430g2553_core.a(twi.o)
                              C:/Users/opeRaptor/workspace_v6_0/lpmsp430g2553_core/Debug\liblpmsp430g2553_core.a(usci_isr_handler.o) (i2c_txrx_isr)
c:/program files (x86)/energia-0101e0014/hardware/tools/msp430/bin/../lib/gcc/msp430/4.6.3/../../../../msp430/lib\libm.a(ef_pow.o)
                              C:/Users/opeRaptor/workspace_v6_0/lpmsp430g2553_core/Debug\liblpmsp430g2553_core.a(dtostrf.o) (powf)
c:/program files (x86)/energia-0101e0014/hardware/tools/msp430/bin/../lib/gcc/msp430/4.6.3/../../../../msp430/lib\libm.a(sf_scalbn.o)
                              c:/program files (x86)/energia-0101e0014/hardware/tools/msp430/bin/../lib/gcc/msp430/4.6.3/../../../../msp430/lib\libm.a(ef_pow.o) (scalbnf)
c:/program files (x86)/energia-0101e0014/hardware/tools/msp430/bin/../lib/gcc/msp430/4.6.3/../../../../msp430/lib\libm.a(ef_sqrt.o)
                              c:/program files (x86)/energia-0101e0014/hardware/tools/msp430/bin/../lib/gcc/msp430/4.6.3/../../../../msp430/lib\libm.a(ef_pow.o) (__ieee754_sqrtf)
c:/program files (x86)/energia-0101e0014/hardware/tools/msp430/bin/../lib/gcc/msp430/4.6.3\libgcc.a(_mulqi3.o)
                              C:/Users/opeRaptor/workspace_v6_0/lpmsp430g2553_core/Debug\liblpmsp430g2553_core.a(Print.o) (__mulqi3)
c:/program files (x86)/energia-0101e0014/hardware/tools/msp430/bin/../lib/gcc/msp430/4.6.3\libgcc.a(_mulhi3.o)
                              C:/Users/opeRaptor/workspace_v6_0/lpmsp430g2553_core/Debug\liblpmsp430g2553_core.a(wiring.o) (__mulhi3)
c:/program files (x86)/energia-0101e0014/hardware/tools/msp430/bin/../lib/gcc/msp430/4.6.3\libgcc.a(_mulsi3.o)
                              C:/Users/opeRaptor/workspace_v6_0/lpmsp430g2553_core/Debug\liblpmsp430g2553_core.a(wiring.o) (__mulsi3)
[...]
Memory Configuration

Name             Origin             Length             Attributes
sfr              0x00000000         0x00000010
peripheral_8bit  0x00000010         0x000000f0
peripheral_16bit 0x00000100         0x00000100
ram              0x00000200         0x00000200         xw
infomem          0x00001000         0x00000100
infod            0x00001000         0x00000040
infoc            0x00001040         0x00000040
infob            0x00001080         0x00000040
infoa            0x000010c0         0x00000040
rom              0x0000c000         0x00003fe0         xr
vectors          0x0000ffe0         0x00000020
bsl              0x00000000         0x00000000
ram2             0x00000000         0x00000000         xw
ram_mirror       0x00000000         0x00000000         xw
usbram           0x00000000         0x00000000         xw
far_rom          0x00000000         0x00000000
*default*        0x00000000         0xffffffff

Linker script and memory map

LOAD c:/program files (x86)/energia-0101e0014/hardware/tools/msp430/bin/../lib/gcc/msp430/4.6.3/crt0ivtbl16.o
LOAD ./Enrf24_WiFi.o
START GROUP
LOAD C:/Users/opeRaptor/workspace_v6_0/lpmsp430g2553_Enrf24/Debug\liblpmsp430g2553_Enrf24.a
LOAD C:/Users/opeRaptor/workspace_v6_0/lpmsp430g2553_SPI/Debug\liblpmsp430g2553_SPI.a
LOAD C:/Users/opeRaptor/workspace_v6_0/lpmsp430g2553_core/Debug\liblpmsp430g2553_core.a
LOAD c:/program files (x86)/energia-0101e0014/hardware/tools/msp430/bin/../lib/gcc/msp430/4.6.3/../../../../msp430/lib\libm.a
END GROUP
LOAD c:/program files (x86)/energia-0101e0014/hardware/tools/msp430/bin/../lib/gcc/msp430/4.6.3\libgcc.a
LOAD c:/program files (x86)/energia-0101e0014/hardware/tools/msp430/bin/../lib/gcc/msp430/4.6.3/../../../../msp430/lib\libc.a
LOAD c:/program files (x86)/energia-0101e0014/hardware/tools/msp430/bin/../lib/gcc/msp430/4.6.3\libgcc.a
LOAD c:/program files (x86)/energia-0101e0014/hardware/tools/msp430/bin/../lib/gcc/msp430/4.6.3\libcrt0.a
                0x00000040                PROVIDE (__info_segment_size, 0x40)
                0x00001000                PROVIDE (__infod, 0x1000)
                0x00001040                PROVIDE (__infoc, 0x1040)
                0x00001080                PROVIDE (__infob, 0x1080)
                0x000010c0                PROVIDE (__infoa, 0x10c0)
                0x00000000                __IE1 = 0x0
                0x00000002                __IFG1 = 0x2
                0x00000001                __IE2 = 0x1
                0x00000003                __IFG2 = 0x3
                0x00000048                __ADC10DTC0 = 0x48
                0x00000049                __ADC10DTC1 = 0x49
                0x0000004a                __ADC10AE0 = 0x4a
                0x000001b0                __ADC10CTL0 = 0x1b0
                0x000001b2                __ADC10CTL1 = 0x1b2
                0x000001b4                __ADC10MEM = 0x1b4
                0x000001bc                __ADC10SA = 0x1bc
                0x00000056                __DCOCTL = 0x56
                0x00000057                __BCSCTL1 = 0x57
                0x00000058                __BCSCTL2 = 0x58
                0x00000053                __BCSCTL3 = 0x53
                0x00000059                __CACTL1 = 0x59
                0x0000005a                __CACTL2 = 0x5a
                0x0000005b                __CAPD = 0x5b
                0x00000128                __FCTL1 = 0x128
                0x0000012a                __FCTL2 = 0x12a
                0x0000012c                __FCTL3 = 0x12c
                0x00000020                __P1IN = 0x20
                0x00000021                __P1OUT = 0x21
                0x00000022                __P1DIR = 0x22
                0x00000023                __P1IFG = 0x23
                0x00000024                __P1IES = 0x24
                0x00000025                __P1IE = 0x25
                0x00000026                __P1SEL = 0x26
                0x00000041                __P1SEL2 = 0x41
                0x00000027                __P1REN = 0x27
                0x00000028                __P2IN = 0x28
                0x00000029                __P2OUT = 0x29
                0x0000002a                __P2DIR = 0x2a
                0x0000002b                __P2IFG = 0x2b
                0x0000002c                __P2IES = 0x2c
                0x0000002d                __P2IE = 0x2d
                0x0000002e                __P2SEL = 0x2e
                0x00000042                __P2SEL2 = 0x42
                0x0000002f                __P2REN = 0x2f
                0x00000018                __P3IN = 0x18
                0x00000019                __P3OUT = 0x19
                0x0000001a                __P3DIR = 0x1a
                0x0000001b                __P3SEL = 0x1b
                0x00000043                __P3SEL2 = 0x43
                0x00000010                __P3REN = 0x10
                0x0000012e                __TA0IV = 0x12e
                0x00000160                __TA0CTL = 0x160
                0x00000162                __TA0CCTL0 = 0x162
                0x00000164                __TA0CCTL1 = 0x164
                0x00000166                __TA0CCTL2 = 0x166
                0x00000170                __TA0R = 0x170
                0x00000172                __TA0CCR0 = 0x172
                0x00000174                __TA0CCR1 = 0x174
                0x00000176                __TA0CCR2 = 0x176
                0x0000011e                __TA1IV = 0x11e
                0x00000180                __TA1CTL = 0x180
                0x00000182                __TA1CCTL0 = 0x182
                0x00000184                __TA1CCTL1 = 0x184
                0x00000186                __TA1CCTL2 = 0x186
                0x00000190                __TA1R = 0x190
                0x00000192                __TA1CCR0 = 0x192
                0x00000194                __TA1CCR1 = 0x194
                0x00000196                __TA1CCR2 = 0x196
                0x00000060                __UCA0CTL0 = 0x60
                0x00000061                __UCA0CTL1 = 0x61
                0x00000062                __UCA0BR0 = 0x62
                0x00000063                __UCA0BR1 = 0x63
                0x00000064                __UCA0MCTL = 0x64
                0x00000065                __UCA0STAT = 0x65
                0x00000066                __UCA0RXBUF = 0x66
                0x00000067                __UCA0TXBUF = 0x67
                0x0000005d                __UCA0ABCTL = 0x5d
                0x0000005e                __UCA0IRTCTL = 0x5e
                0x0000005f                __UCA0IRRCTL = 0x5f
                0x00000068                __UCB0CTL0 = 0x68
                0x00000069                __UCB0CTL1 = 0x69
                0x0000006a                __UCB0BR0 = 0x6a
                0x0000006b                __UCB0BR1 = 0x6b
                0x0000006c                __UCB0I2CIE = 0x6c
                0x0000006d                __UCB0STAT = 0x6d
                0x0000006e                __UCB0RXBUF = 0x6e
                0x0000006f                __UCB0TXBUF = 0x6f
                0x00000118                __UCB0I2COA = 0x118
                0x0000011a                __UCB0I2CSA = 0x11a
                0x00000120                __WDTCTL = 0x120
                0x000010f8                __CALDCO_16MHZ = 0x10f8
                0x000010f9                __CALBC1_16MHZ = 0x10f9
                0x000010fa                __CALDCO_12MHZ = 0x10fa
                0x000010fb                __CALBC1_12MHZ = 0x10fb
                0x000010fc                __CALDCO_8MHZ = 0x10fc
                0x000010fd                __CALBC1_8MHZ = 0x10fd
                0x000010fe                __CALDCO_1MHZ = 0x10fe
                0x000010ff                __CALBC1_1MHZ = 0x10ff

.hash
 *(.hash)

.dynsym
 *(.dynsym)

.dynstr
 *(.dynstr)

.gnu.version
 *(.gnu.version)

.gnu.version_d
 *(.gnu.version_d)

.gnu.version_r
 *(.gnu.version_r)

.rel.init
 *(.rel.init)

.rela.init
 *(.rela.init)

.rel.fini
 *(.rel.fini)

.rela.fini
 *(.rela.fini)

.rel.text
 *(.rel.text .rel.text.* .rel.gnu.linkonce.t.*)

.rela.text
 *(.rela.text .rela.text.* .rela.gnu.linkonce.t.*)

.rel.rodata
 *(.rel.rodata .rel.rodata.* .rel.gnu.linkonce.r.*)

.rela.rodata
 *(.rela.rodata .rela.rodata.* .rela.gnu.linkonce.r.*)

.rel.data
 *(.rel.data .rel.data.* .rel.gnu.linkonce.d.*)

.rela.data
 *(.rela.data .rela.data.* .rela.gnu.linkonce.d.*)

.rel.bss
 *(.rel.bss .rel.bss.* .rel.gnu.linkonce.b.*)

.rela.bss
 *(.rela.bss .rela.bss.* .rela.gnu.linkonce.b.*)

.rel.ctors
 *(.rel.ctors)

.rela.ctors
 *(.rela.ctors)

.rel.dtors
 *(.rel.dtors)

.rela.dtors
 *(.rela.dtors)

.rel.got
 *(.rel.got)

.rela.got
 *(.rela.got)

.rel.plt
 *(.rel.plt)

.rela.plt
 *(.rela.plt)

.text           0x0000c000     0x1ba2
                0x0000c000                . = ALIGN (0x2)
 *(.init .init.*)
 *(.init0)
 .init0         0x0000c000        0x0 c:/program files (x86)/energia-0101e0014/hardware/tools/msp430/bin/../lib/gcc/msp430/4.6.3\libcrt0.a(_reset_vector__.o)
                0x0000c000                _reset_vector__
 *(.init1)
 .init1         0x0000c000        0xc c:/program files (x86)/energia-0101e0014/hardware/tools/msp430/bin/../lib/gcc/msp430/4.6.3\libcrt0.a(__watchdog_support.o)
                0x0000c000                __watchdog_support
 *(.init2)
 .init2         0x0000c00c        0x4 c:/program files (x86)/energia-0101e0014/hardware/tools/msp430/bin/../lib/gcc/msp430/4.6.3\libcrt0.a(__init_stack.o)
                0x0000c00c                __init_stack
 *(.init3)
 .init3         0x0000c010        0x0 c:/program files (x86)/energia-0101e0014/hardware/tools/msp430/bin/../lib/gcc/msp430/4.6.3\libcrt0.a(__low_level_init.o)
                0x0000c010                __low_level_init
 *(.init4)
 .init4         0x0000c010       0x18 c:/program files (x86)/energia-0101e0014/hardware/tools/msp430/bin/../lib/gcc/msp430/4.6.3\libcrt0.a(_copy_data.o)
                0x0000c010                __do_copy_data
 .init4         0x0000c028       0x16 c:/program files (x86)/energia-0101e0014/hardware/tools/msp430/bin/../lib/gcc/msp430/4.6.3\libcrt0.a(_clear_bss.o)
                0x0000c028                __do_clear_bss
 *(.init5)
 *(.init6)
 .init6         0x0000c03e       0x14 c:/program files (x86)/energia-0101e0014/hardware/tools/msp430/bin/../lib/gcc/msp430/4.6.3\libcrt0.a(_ctors430.o)
                0x0000c03e                __do_global_ctors
 *(.init7)
 *(.init8)
 *(.init9)
 .init9         0x0000c052       0x1a C:/Users/opeRaptor/workspace_v6_0/lpmsp430g2553_core/Debug\liblpmsp430g2553_core.a(main.o)
                0x0000c052                main
 *(.fini9)
 .fini9         0x0000c06c        0x0 c:/program files (x86)/energia-0101e0014/hardware/tools/msp430/bin/../lib/gcc/msp430/4.6.3\libcrt0.a(__stop_progExec__.o)
                0x0000c06c                __stop_progExec__
 *(.fini8)
 *(.fini7)
 *(.fini6)
 .fini6         0x0000c06c       0x14 c:/program files (x86)/energia-0101e0014/hardware/tools/msp430/bin/../lib/gcc/msp430/4.6.3\libcrt0.a(_dtors430.o)
                0x0000c06c                __do_global_dtors
 *(.fini5)
 *(.fini4)
 *(.fini3)
 *(.fini2)
 *(.fini1)
 *(.fini0)
 .fini0         0x0000c080        0x6 c:/program files (x86)/energia-0101e0014/hardware/tools/msp430/bin/../lib/gcc/msp430/4.6.3\libcrt0.a(_endless_loop__.o)
                0x0000c080                _endless_loop__
 *(.fini .fini.*)
                0x0000c086                . = ALIGN (0x2)
                0x0000c086                __ctors_start = .
 *(.ctors)
 .ctors         0x0000c086        0x2 ./Enrf24_WiFi.o
 .ctors         0x0000c088        0x2 C:/Users/opeRaptor/workspace_v6_0/lpmsp430g2553_core/Debug\liblpmsp430g2553_core.a(HardwareSerial.o)
                0x0000c08a                __ctors_end = .
                0x0000c08a                __dtors_start = .
 *(.dtors)
 .dtors         0x0000c08a        0x2 ./Enrf24_WiFi.o
                0x0000c08c                __dtors_end = .
                0x0000c08c                . = ALIGN (0x2)
 *(.text .text.* .gnu.linkonce.t.*)
 .text          0x0000c08c        0x4 c:/program files (x86)/energia-0101e0014/hardware/tools/msp430/bin/../lib/gcc/msp430/4.6.3/crt0ivtbl16.o
                0x0000c08c                __isr_14
                0x0000c08c                __isr_4
                0x0000c08c                __isr_11
                0x0000c08c                __isr_5
                0x0000c08c                __isr_2
                0x0000c08c                __isr_0
                0x0000c08c                __isr_8
                0x0000c08c                __isr_3
                0x0000c08c                __isr_12
                0x0000c08c                __isr_13
                0x0000c08c                __isr_9
                0x0000c08c                __isr_1
 .text._Z41__static_initialization_and_destruction_0ii.constprop.2
                0x0000c090       0x32 ./Enrf24_WiFi.o
 .text._Z8WiFisendii
                0x0000c0c2       0xc0 ./Enrf24_WiFi.o
                0x0000c0c2                WiFisend(int, int)
 .text.loop     0x0000c182       0x78 ./Enrf24_WiFi.o
                0x0000c182                loop
 .text._Z11connectWiFiv
                0x0000c1fa       0x80 ./Enrf24_WiFi.o
                0x0000c1fa                connectWiFi()
 .text.setup    0x0000c27a       0x80 ./Enrf24_WiFi.o
                0x0000c27a                setup
 .text.startup._GLOBAL__sub_I_GET
                0x0000c2fa        0x8 ./Enrf24_WiFi.o
 .text.exit._GLOBAL__sub_D_GET
                0x0000c302        0x8 ./Enrf24_WiFi.o
 .text._ZN6Enrf24C2Ehhh
                0x0000c30a       0x2a C:/Users/opeRaptor/workspace_v6_0/lpmsp430g2553_Enrf24/Debug\liblpmsp430g2553_Enrf24.a(Enrf24.o)
                0x0000c30a                Enrf24::Enrf24(unsigned char, unsigned char, unsigned char)
                0x0000c30a                Enrf24::Enrf24(unsigned char, unsigned char, unsigned char)
 .text._ZN6Enrf248_readRegEh
                0x0000c334       0x36 C:/Users/opeRaptor/workspace_v6_0/lpmsp430g2553_Enrf24/Debug\liblpmsp430g2553_Enrf24.a(Enrf24.o)
                0x0000c334                Enrf24::_readReg(unsigned char)
 .text._ZN6Enrf2416_readRegMultiLSBEhPhj
                0x0000c36a       0x60 C:/Users/opeRaptor/workspace_v6_0/lpmsp430g2553_Enrf24/Debug\liblpmsp430g2553_Enrf24.a(Enrf24.o)
                0x0000c36a                Enrf24::_readRegMultiLSB(unsigned char, unsigned char*, unsigned int)
 .text._ZN6Enrf249_writeRegEhh
                0x0000c3ca       0x3c C:/Users/opeRaptor/workspace_v6_0/lpmsp430g2553_Enrf24/Debug\liblpmsp430g2553_Enrf24.a(Enrf24.o)
                0x0000c3ca                Enrf24::_writeReg(unsigned char, unsigned char)
 .text._ZN6Enrf2417_writeRegMultiLSBEhPhj
                0x0000c406       0x56 C:/Users/opeRaptor/workspace_v6_0/lpmsp430g2553_Enrf24/Debug\liblpmsp430g2553_Enrf24.a(Enrf24.o)
                0x0000c406                Enrf24::_writeRegMultiLSB(unsigned char, unsigned char*, unsigned int)
 .text._ZN6Enrf249_issueCmdEh
                0x0000c45c       0x2c C:/Users/opeRaptor/workspace_v6_0/lpmsp430g2553_Enrf24/Debug\liblpmsp430g2553_Enrf24.a(Enrf24.o)
                0x0000c45c                Enrf24::_issueCmd(unsigned char)
 .text._ZN6Enrf2416_issueCmdPayloadEhPhj
                0x0000c488       0x4c C:/Users/opeRaptor/workspace_v6_0/lpmsp430g2553_Enrf24/Debug\liblpmsp430g2553_Enrf24.a(Enrf24.o)
                0x0000c488                Enrf24::_issueCmdPayload(unsigned char, unsigned char*, unsigned int)
 .text._ZN6Enrf2415_readCmdPayloadEhPhjj
                0x0000c4d4       0x5c C:/Users/opeRaptor/workspace_v6_0/lpmsp430g2553_Enrf24/Debug\liblpmsp430g2553_Enrf24.a(Enrf24.o)
                0x0000c4d4                Enrf24::_readCmdPayload(unsigned char, unsigned char*, unsigned int, unsigned int)
 .text._ZN6Enrf248_isAliveEv
                0x0000c530       0x22 C:/Users/opeRaptor/workspace_v6_0/lpmsp430g2553_Enrf24/Debug\liblpmsp430g2553_Enrf24.a(Enrf24.o)
                0x0000c530                Enrf24::_isAlive()
 .text._ZN6Enrf2414_irq_getreasonEv
                0x0000c552       0x18 C:/Users/opeRaptor/workspace_v6_0/lpmsp430g2553_Enrf24/Debug\liblpmsp430g2553_Enrf24.a(Enrf24.o)
                0x0000c552                Enrf24::_irq_getreason()
 .text._ZN6Enrf2410_irq_clearEh
                0x0000c56a       0x10 C:/Users/opeRaptor/workspace_v6_0/lpmsp430g2553_Enrf24/Debug\liblpmsp430g2553_Enrf24.a(Enrf24.o)
                0x0000c56a                Enrf24::_irq_clear(unsigned char)
 .text._ZN6Enrf2411_readTXaddrEPh
                0x0000c57a       0x10 C:/Users/opeRaptor/workspace_v6_0/lpmsp430g2553_Enrf24/Debug\liblpmsp430g2553_Enrf24.a(Enrf24.o)
                0x0000c57a                Enrf24::_readTXaddr(unsigned char*)
 .text._ZN6Enrf2414_writeRXaddrP0EPh
                0x0000c58a       0x10 C:/Users/opeRaptor/workspace_v6_0/lpmsp430g2553_Enrf24/Debug\liblpmsp430g2553_Enrf24.a(Enrf24.o)
                0x0000c58a                Enrf24::_writeRXaddrP0(unsigned char*)
 .text._ZN6Enrf2416_maintenanceHookEv
                0x0000c59a       0xb4 C:/Users/opeRaptor/workspace_v6_0/lpmsp430g2553_Enrf24/Debug\liblpmsp430g2553_Enrf24.a(Enrf24.o)
                0x0000c59a                Enrf24::_maintenanceHook()
 .text._ZN6Enrf249availableEh
                0x0000c64e       0x44 C:/Users/opeRaptor/workspace_v6_0/lpmsp430g2553_Enrf24/Debug\liblpmsp430g2553_Enrf24.a(Enrf24.o)
                0x0000c64e                Enrf24::available(unsigned char)
 .text._ZN6Enrf244readEPvh
                0x0000c692       0x8a C:/Users/opeRaptor/workspace_v6_0/lpmsp430g2553_Enrf24/Debug\liblpmsp430g2553_Enrf24.a(Enrf24.o)
                0x0000c692                Enrf24::read(void*, unsigned char)
 .text._ZN6Enrf249deepsleepEv
                0x0000c71c       0x2c C:/Users/opeRaptor/workspace_v6_0/lpmsp430g2553_Enrf24/Debug\liblpmsp430g2553_Enrf24.a(Enrf24.o)
                0x0000c71c                Enrf24::deepsleep()
 .text._ZN6Enrf248enableRXEv
                0x0000c748       0x3e C:/Users/opeRaptor/workspace_v6_0/lpmsp430g2553_Enrf24/Debug\liblpmsp430g2553_Enrf24.a(Enrf24.o)
                0x0000c748                Enrf24::enableRX()
 .text._ZN6Enrf245flushEv
                0x0000c786      0x156 C:/Users/opeRaptor/workspace_v6_0/lpmsp430g2553_Enrf24/Debug\liblpmsp430g2553_Enrf24.a(Enrf24.o)
                0x0000c786                Enrf24::flush()
 .text._ZN6Enrf245writeEh
                0x0000c8dc       0x2e C:/Users/opeRaptor/workspace_v6_0/lpmsp430g2553_Enrf24/Debug\liblpmsp430g2553_Enrf24.a(Enrf24.o)
                0x0000c8dc                Enrf24::write(unsigned char)
 .text._ZN6Enrf2410setChannelEh
                0x0000c90a       0x16 C:/Users/opeRaptor/workspace_v6_0/lpmsp430g2553_Enrf24/Debug\liblpmsp430g2553_Enrf24.a(Enrf24.o)
                0x0000c90a                Enrf24::setChannel(unsigned char)
 .text._ZN6Enrf2410setTXpowerEa
                0x0000c920       0x54 C:/Users/opeRaptor/workspace_v6_0/lpmsp430g2553_Enrf24/Debug\liblpmsp430g2553_Enrf24.a(Enrf24.o)
                0x0000c920                Enrf24::setTXpower(signed char)
 .text._ZN6Enrf248setSpeedEm
                0x0000c974       0x64 C:/Users/opeRaptor/workspace_v6_0/lpmsp430g2553_Enrf24/Debug\liblpmsp430g2553_Enrf24.a(Enrf24.o)
                0x0000c974                Enrf24::setSpeed(unsigned long)
 .text._ZN6Enrf246setCRCEhh
                0x0000c9d8       0x3c C:/Users/opeRaptor/workspace_v6_0/lpmsp430g2553_Enrf24/Debug\liblpmsp430g2553_Enrf24.a(Enrf24.o)
                0x0000c9d8                Enrf24::setCRC(unsigned char, unsigned char)
 .text._ZN6Enrf2416setAutoAckParamsEhj
                0x0000ca14       0x34 C:/Users/opeRaptor/workspace_v6_0/lpmsp430g2553_Enrf24/Debug\liblpmsp430g2553_Enrf24.a(Enrf24.o)
                0x0000ca14                Enrf24::setAutoAckParams(unsigned char, unsigned int)
 .text._ZN6Enrf2416setAddressLengthEj
                0x0000ca48       0x38 C:/Users/opeRaptor/workspace_v6_0/lpmsp430g2553_Enrf24/Debug\liblpmsp430g2553_Enrf24.a(Enrf24.o)
                0x0000ca48                Enrf24::setAddressLength(unsigned int)
 .text._ZN6Enrf245beginEmh
                0x0000ca80      0x138 C:/Users/opeRaptor/workspace_v6_0/lpmsp430g2553_Enrf24/Debug\liblpmsp430g2553_Enrf24.a(Enrf24.o)
                0x0000ca80                Enrf24::begin(unsigned long, unsigned char)
 .text._ZN6Enrf2412setRXaddressEPKv
                0x0000cbb8       0x10 C:/Users/opeRaptor/workspace_v6_0/lpmsp430g2553_Enrf24/Debug\liblpmsp430g2553_Enrf24.a(Enrf24.o)
                0x0000cbb8                Enrf24::setRXaddress(void const*)
 .text._ZN8SPIClass5beginEv
                0x0000cbc8        0x6 C:/Users/opeRaptor/workspace_v6_0/lpmsp430g2553_SPI/Debug\liblpmsp430g2553_SPI.a(SPI.o)
                0x0000cbc8                SPIClass::begin()
 .text._ZN8SPIClass11setBitOrderEh
                0x0000cbce        0x6 C:/Users/opeRaptor/workspace_v6_0/lpmsp430g2553_SPI/Debug\liblpmsp430g2553_SPI.a(SPI.o)
                0x0000cbce                SPIClass::setBitOrder(unsigned char)
 .text._ZN8SPIClass11setDataModeEh
                0x0000cbd4        0x6 C:/Users/opeRaptor/workspace_v6_0/lpmsp430g2553_SPI/Debug\liblpmsp430g2553_SPI.a(SPI.o)
                0x0000cbd4                SPIClass::setDataMode(unsigned char)
 .text._Z14spi_initializev
                0x0000cbda       0x40 C:/Users/opeRaptor/workspace_v6_0/lpmsp430g2553_SPI/Debug\liblpmsp430g2553_SPI.a(usci_spi.o)
                0x0000cbda                spi_initialize()
 .text._Z8spi_sendh
                0x0000cc1a       0x12 C:/Users/opeRaptor/workspace_v6_0/lpmsp430g2553_SPI/Debug\liblpmsp430g2553_SPI.a(usci_spi.o)
                0x0000cc1a                spi_send(unsigned char)
 .text._Z16spi_set_bitorderh
                0x0000cc2c       0x26 C:/Users/opeRaptor/workspace_v6_0/lpmsp430g2553_SPI/Debug\liblpmsp430g2553_SPI.a(usci_spi.o)
                0x0000cc2c                spi_set_bitorder(unsigned char)
 .text._Z16spi_set_datamodeh
                0x0000cc52       0x4e C:/Users/opeRaptor/workspace_v6_0/lpmsp430g2553_SPI/Debug\liblpmsp430g2553_SPI.a(usci_spi.o)
                0x0000cc52                spi_set_datamode(unsigned char)
 .text.enableXtal
                0x0000cca0       0x42 C:/Users/opeRaptor/workspace_v6_0/lpmsp430g2553_core/Debug\liblpmsp430g2553_core.a(wiring.o)
                0x0000cca0                enableXtal
 .text.enableWatchDogIntervalMode
                0x0000cce2        0xc C:/Users/opeRaptor/workspace_v6_0/lpmsp430g2553_core/Debug\liblpmsp430g2553_core.a(wiring.o)
                0x0000cce2                enableWatchDogIntervalMode
 .text.initClocks
                0x0000ccee       0x1c C:/Users/opeRaptor/workspace_v6_0/lpmsp430g2553_core/Debug\liblpmsp430g2553_core.a(wiring.o)
                0x0000ccee                initClocks
 .text.init     0x0000cd0a       0x12 C:/Users/opeRaptor/workspace_v6_0/lpmsp430g2553_core/Debug\liblpmsp430g2553_core.a(wiring.o)
                0x0000cd0a                init
 .text.micros   0x0000cd1c       0x24 C:/Users/opeRaptor/workspace_v6_0/lpmsp430g2553_core/Debug\liblpmsp430g2553_core.a(wiring.o)
                0x0000cd1c                micros
 .text.millis   0x0000cd40       0x12 C:/Users/opeRaptor/workspace_v6_0/lpmsp430g2553_core/Debug\liblpmsp430g2553_core.a(wiring.o)
                0x0000cd40                millis
 .text.delayMicroseconds
                0x0000cd52       0x12 C:/Users/opeRaptor/workspace_v6_0/lpmsp430g2553_core/Debug\liblpmsp430g2553_core.a(wiring.o)
                0x0000cd52                delayMicroseconds
 .text.delay    0x0000cd64       0x48 C:/Users/opeRaptor/workspace_v6_0/lpmsp430g2553_core/Debug\liblpmsp430g2553_core.a(wiring.o)
                0x0000cd64                delay
 .text.watchdog_isr
                0x0000cdac       0x82 C:/Users/opeRaptor/workspace_v6_0/lpmsp430g2553_core/Debug\liblpmsp430g2553_core.a(wiring.o)
                0x0000cdac                __isr_10
                0x0000cdac                watchdog_isr
 .text.pinMode  0x0000ce2e       0x76 C:/Users/opeRaptor/workspace_v6_0/lpmsp430g2553_core/Debug\liblpmsp430g2553_core.a(wiring_digital.o)
                0x0000ce2e                pinMode
 .text.pinMode_int
                0x0000cea4       0x9a C:/Users/opeRaptor/workspace_v6_0/lpmsp430g2553_core/Debug\liblpmsp430g2553_core.a(wiring_digital.o)
                0x0000cea4                pinMode_int
 .text.digitalRead
                0x0000cf3e       0x3e C:/Users/opeRaptor/workspace_v6_0/lpmsp430g2553_core/Debug\liblpmsp430g2553_core.a(wiring_digital.o)
                0x0000cf3e                digitalRead
 .text.digitalWrite
                0x0000cf7c       0x4a C:/Users/opeRaptor/workspace_v6_0/lpmsp430g2553_core/Debug\liblpmsp430g2553_core.a(wiring_digital.o)
                0x0000cf7c                digitalWrite
 .text._ZN14HardwareSerial9availableEv
                0x0000cfc6       0x12 C:/Users/opeRaptor/workspace_v6_0/lpmsp430g2553_core/Debug\liblpmsp430g2553_core.a(HardwareSerial.o)
                0x0000cfc6                HardwareSerial::available()
 .text._ZN14HardwareSerial4peekEv
                0x0000cfd8       0x1e C:/Users/opeRaptor/workspace_v6_0/lpmsp430g2553_core/Debug\liblpmsp430g2553_core.a(HardwareSerial.o)
                0x0000cfd8                HardwareSerial::peek()
 .text._ZN14HardwareSerial4readEv
                0x0000cff6       0x2c C:/Users/opeRaptor/workspace_v6_0/lpmsp430g2553_core/Debug\liblpmsp430g2553_core.a(HardwareSerial.o)
                0x0000cff6                HardwareSerial::read()
 .text._ZN14HardwareSerial5flushEv
                0x0000d022       0x12 C:/Users/opeRaptor/workspace_v6_0/lpmsp430g2553_core/Debug\liblpmsp430g2553_core.a(HardwareSerial.o)
                0x0000d022                HardwareSerial::flush()
 .text._ZN14HardwareSerial5writeEh
                0x0000d034       0x3c C:/Users/opeRaptor/workspace_v6_0/lpmsp430g2553_core/Debug\liblpmsp430g2553_core.a(HardwareSerial.o)
                0x0000d034                HardwareSerial::write(unsigned char)
 .text._Z11serialEventv
                0x0000d070        0x2 C:/Users/opeRaptor/workspace_v6_0/lpmsp430g2553_core/Debug\liblpmsp430g2553_core.a(HardwareSerial.o)
                0x0000d070                serialEvent()
 .text._Z14serialEventRunv
                0x0000d072       0x12 C:/Users/opeRaptor/workspace_v6_0/lpmsp430g2553_core/Debug\liblpmsp430g2553_core.a(HardwareSerial.o)
                0x0000d072                serialEventRun()
 .text._ZN14HardwareSerial5beginEm
                0x0000d084      0x128 C:/Users/opeRaptor/workspace_v6_0/lpmsp430g2553_core/Debug\liblpmsp430g2553_core.a(HardwareSerial.o)
                0x0000d084                HardwareSerial::begin(unsigned long)
 .text.uart_rx_isr
                0x0000d1ac       0x28 C:/Users/opeRaptor/workspace_v6_0/lpmsp430g2553_core/Debug\liblpmsp430g2553_core.a(HardwareSerial.o)
                0x0000d1ac                uart_rx_isr
 .text.uart_tx_isr
                0x0000d1d4       0x3c C:/Users/opeRaptor/workspace_v6_0/lpmsp430g2553_core/Debug\liblpmsp430g2553_core.a(HardwareSerial.o)
                0x0000d1d4                uart_tx_isr
 .text.startup._GLOBAL__sub_I_rx_buffer
                0x0000d210       0x44 C:/Users/opeRaptor/workspace_v6_0/lpmsp430g2553_core/Debug\liblpmsp430g2553_core.a(HardwareSerial.o)
 .text._ZN5Print5writeEPKhj
                0x0000d254       0x2e C:/Users/opeRaptor/workspace_v6_0/lpmsp430g2553_core/Debug\liblpmsp430g2553_core.a(Print.o)
                0x0000d254                Print::write(unsigned char const*, unsigned int)
 .text._ZN5Print5printERK6String
                0x0000d282       0x3e C:/Users/opeRaptor/workspace_v6_0/lpmsp430g2553_core/Debug\liblpmsp430g2553_core.a(Print.o)
                0x0000d282                Print::print(String const&)
 .text._ZN5Print5printEPKc
                0x0000d2c0       0x16 C:/Users/opeRaptor/workspace_v6_0/lpmsp430g2553_core/Debug\liblpmsp430g2553_core.a(Print.o)
                0x0000d2c0                Print::print(char const*)
 .text._ZN5Print5printEc
                0x0000d2d6        0x6 C:/Users/opeRaptor/workspace_v6_0/lpmsp430g2553_core/Debug\liblpmsp430g2553_core.a(Print.o)
                0x0000d2d6                Print::print(char)
 .text._ZN5Print7printlnEv
                0x0000d2dc       0x22 C:/Users/opeRaptor/workspace_v6_0/lpmsp430g2553_core/Debug\liblpmsp430g2553_core.a(Print.o)
                0x0000d2dc                Print::println()
 .text._ZN5Print7printlnERK6String
                0x0000d2fe       0x1a C:/Users/opeRaptor/workspace_v6_0/lpmsp430g2553_core/Debug\liblpmsp430g2553_core.a(Print.o)
                0x0000d2fe                Print::println(String const&)
 .text._ZN5Print7printlnEPKc
                0x0000d318       0x1a C:/Users/opeRaptor/workspace_v6_0/lpmsp430g2553_core/Debug\liblpmsp430g2553_core.a(Print.o)
                0x0000d318                Print::println(char const*)
 .text._ZN5Print11printNumberEmh
                0x0000d332       0x98 C:/Users/opeRaptor/workspace_v6_0/lpmsp430g2553_core/Debug\liblpmsp430g2553_core.a(Print.o)
                0x0000d332                Print::printNumber(unsigned long, unsigned char)
 .text._ZN5Print5printEmi
                0x0000d3ca       0x1e C:/Users/opeRaptor/workspace_v6_0/lpmsp430g2553_core/Debug\liblpmsp430g2553_core.a(Print.o)
                0x0000d3ca                Print::print(unsigned long, int)
 .text._ZN5Print5printEji
                0x0000d3e8        0xc C:/Users/opeRaptor/workspace_v6_0/lpmsp430g2553_core/Debug\liblpmsp430g2553_core.a(Print.o)
                0x0000d3e8                Print::print(unsigned int, int)
 .text._ZN5Print7printlnEji
                0x0000d3f4       0x1a C:/Users/opeRaptor/workspace_v6_0/lpmsp430g2553_core/Debug\liblpmsp430g2553_core.a(Print.o)
                0x0000d3f4                Print::println(unsigned int, int)
 .text._ZN6Stream9timedReadEv
                0x0000d40e       0x3c C:/Users/opeRaptor/workspace_v6_0/lpmsp430g2553_core/Debug\liblpmsp430g2553_core.a(Stream.o)
                0x0000d40e                Stream::timedRead()
 .text._ZN6Stream9findUntilEPcjS0_j
                0x0000d44a       0x86 C:/Users/opeRaptor/workspace_v6_0/lpmsp430g2553_core/Debug\liblpmsp430g2553_core.a(Stream.o)
                0x0000d44a                Stream::findUntil(char*, unsigned int, char*, unsigned int)
 .text._ZN6Stream9findUntilEPcS0_
                0x0000d4d0       0x2e C:/Users/opeRaptor/workspace_v6_0/lpmsp430g2553_core/Debug\liblpmsp430g2553_core.a(Stream.o)
                0x0000d4d0                Stream::findUntil(char*, char*)
 .text._ZN6Stream4findEPc
                0x0000d4fe        0xa C:/Users/opeRaptor/workspace_v6_0/lpmsp430g2553_core/Debug\liblpmsp430g2553_core.a(Stream.o)
                0x0000d4fe                Stream::find(char*)
 .text._ZN6StringD2Ev
                0x0000d508        0x8 C:/Users/opeRaptor/workspace_v6_0/lpmsp430g2553_core/Debug\liblpmsp430g2553_core.a(WString.o)
                0x0000d508                String::~String()
                0x0000d508                String::~String()
 .text._ZN6String10invalidateEv
                0x0000d510       0x1e C:/Users/opeRaptor/workspace_v6_0/lpmsp430g2553_core/Debug\liblpmsp430g2553_core.a(WString.o)
                0x0000d510                String::invalidate()
 .text._ZN6String12changeBufferEj
                0x0000d52e       0x3e C:/Users/opeRaptor/workspace_v6_0/lpmsp430g2553_core/Debug\liblpmsp430g2553_core.a(WString.o)
                0x0000d52e                String::changeBuffer(unsigned int)
 .text._ZN6String7reserveEj
                0x0000d56c       0x32 C:/Users/opeRaptor/workspace_v6_0/lpmsp430g2553_core/Debug\liblpmsp430g2553_core.a(WString.o)
                0x0000d56c                String::reserve(unsigned int)
 .text._ZN6String4copyEPKcj
                0x0000d59e       0x34 C:/Users/opeRaptor/workspace_v6_0/lpmsp430g2553_core/Debug\liblpmsp430g2553_core.a(WString.o)
                0x0000d59e                String::copy(char const*, unsigned int)
 .text._ZN6StringC2EPKc
                0x0000d5d2       0x24 C:/Users/opeRaptor/workspace_v6_0/lpmsp430g2553_core/Debug\liblpmsp430g2553_core.a(WString.o)
                0x0000d5d2                String::String(char const*)
                0x0000d5d2                String::String(char const*)
 .text._ZN6StringaSERKS_
                0x0000d5f6       0x24 C:/Users/opeRaptor/workspace_v6_0/lpmsp430g2553_core/Debug\liblpmsp430g2553_core.a(WString.o)
                0x0000d5f6                String::operator=(String const&)
 .text._ZN6String6concatEPKcj
                0x0000d61a       0x40 C:/Users/opeRaptor/workspace_v6_0/lpmsp430g2553_core/Debug\liblpmsp430g2553_core.a(WString.o)
                0x0000d61a                String::concat(char const*, unsigned int)
 .text._ZN6String6concatEPKc
                0x0000d65a       0x1c C:/Users/opeRaptor/workspace_v6_0/lpmsp430g2553_core/Debug\liblpmsp430g2553_core.a(WString.o)
                0x0000d65a                String::concat(char const*)
 .text._ZN6String6concatEi
                0x0000d676       0x30 C:/Users/opeRaptor/workspace_v6_0/lpmsp430g2553_core/Debug\liblpmsp430g2553_core.a(WString.o)
                0x0000d676                String::concat(int)
 .text._ZNK6StringixEj
                0x0000d6a6       0x1a C:/Users/opeRaptor/workspace_v6_0/lpmsp430g2553_core/Debug\liblpmsp430g2553_core.a(WString.o)
                0x0000d6a6                String::operator[](unsigned int) const
 .text.ltoa     0x0000d6c0       0xde C:/Users/opeRaptor/workspace_v6_0/lpmsp430g2553_core/Debug\liblpmsp430g2553_core.a(itoa.o)
                0x0000d6c0                ltoa
 .text.itoa     0x0000d79e       0x1a C:/Users/opeRaptor/workspace_v6_0/lpmsp430g2553_core/Debug\liblpmsp430g2553_core.a(itoa.o)
                0x0000d79e                itoa
 .text.usci_isr_install
                0x0000d7b8        0x2 C:/Users/opeRaptor/workspace_v6_0/lpmsp430g2553_core/Debug\liblpmsp430g2553_core.a(usci_isr_handler.o)
                0x0000d7b8                usci_isr_install
 .text.USCIAB0TX_ISR
                0x0000d7ba       0x52 C:/Users/opeRaptor/workspace_v6_0/lpmsp430g2553_core/Debug\liblpmsp430g2553_core.a(usci_isr_handler.o)
                0x0000d7ba                USCIAB0TX_ISR
                0x0000d7ba                __isr_6
 .text.USCIAB0RX_ISR
                0x0000d80c       0x44 C:/Users/opeRaptor/workspace_v6_0/lpmsp430g2553_core/Debug\liblpmsp430g2553_core.a(usci_isr_handler.o)
                0x0000d80c                USCIAB0RX_ISR
                0x0000d80c                __isr_7
 .text.i2c_txrx_isr
                0x0000d850       0xe8 C:/Users/opeRaptor/workspace_v6_0/lpmsp430g2553_core/Debug\liblpmsp430g2553_core.a(twi.o)
                0x0000d850                i2c_txrx_isr
 .text.i2c_state_isr
                0x0000d938       0xa2 C:/Users/opeRaptor/workspace_v6_0/lpmsp430g2553_core/Debug\liblpmsp430g2553_core.a(twi.o)
                0x0000d938                i2c_state_isr
 .text.libgcc   0x0000d9da       0x16 c:/program files (x86)/energia-0101e0014/hardware/tools/msp430/bin/../lib/gcc/msp430/4.6.3\libgcc.a(_mulqi3.o)
                0x0000d9da                __mulqi3
 .text.libgcc   0x0000d9f0       0x22 c:/program files (x86)/energia-0101e0014/hardware/tools/msp430/bin/../lib/gcc/msp430/4.6.3\libgcc.a(_udivmod16.o)
                0x0000d9f0                __ext_udivmod16
                0x0000d9f0                __udivhi3
                0x0000da0a                __umodhi3
 .text.libgcc   0x0000da12       0x40 c:/program files (x86)/energia-0101e0014/hardware/tools/msp430/bin/../lib/gcc/msp430/4.6.3\libgcc.a(_udivmod32.o)
                0x0000da12                __ext_udivmod32
                0x0000da12                __udivsi3
                0x0000da48                __umodsi3
 .text          0x0000da52       0x14 c:/program files (x86)/energia-0101e0014/hardware/tools/msp430/bin/../lib/gcc/msp430/4.6.3/../../../../msp430/lib\libc.a(strcpy.o)
                0x0000da52                strcpy
 .text          0x0000da66       0x2a c:/program files (x86)/energia-0101e0014/hardware/tools/msp430/bin/../lib/gcc/msp430/4.6.3/../../../../msp430/lib\libc.a(strncpy.o)
                0x0000da66                strncpy
 .text          0x0000da90      0x110 c:/program files (x86)/energia-0101e0014/hardware/tools/msp430/bin/../lib/gcc/msp430/4.6.3/../../../../msp430/lib\libc.a(malloc.o)
                0x0000da90                malloc
                0x0000db98                free
 .text.crt0     0x0000dba0        0x2 c:/program files (x86)/energia-0101e0014/hardware/tools/msp430/bin/../lib/gcc/msp430/4.6.3\libcrt0.a(_unexpected_.o)
                0x0000dba0                _unexpected_
                0x0000dba2                . = ALIGN (0x2)

.rodata         0x0000dba2      0x148
                0x0000dba2                . = ALIGN (0x2)
 *(.rodata .rodata.* .gnu.linkonce.r.*)
 .rodata._Z41__static_initialization_and_destruction_0ii.constprop.2
                0x0000dba2       0x29 ./Enrf24_WiFi.o
 .rodata._Z8WiFisendii
                0x0000dbcb       0x4c ./Enrf24_WiFi.o
 .rodata.loop   0x0000dc17       0x16 ./Enrf24_WiFi.o
 .rodata._Z11connectWiFiv
                0x0000dc2d       0x40 ./Enrf24_WiFi.o
 .rodata.setup  0x0000dc6d        0x3 ./Enrf24_WiFi.o
 .rodata._ZL6rxaddr
                0x0000dc70        0x5 ./Enrf24_WiFi.o
 *fill*         0x0000dc75        0x1 00
 .rodata._ZTV6Enrf24
                0x0000dc76        0x8 C:/Users/opeRaptor/workspace_v6_0/lpmsp430g2553_Enrf24/Debug\liblpmsp430g2553_Enrf24.a(Enrf24.o)
                0x0000dc76                vtable for Enrf24
 .rodata.digital_pin_to_bit_mask
                0x0000dc7e       0x15 C:/Users/opeRaptor/workspace_v6_0/lpmsp430g2553_core/Debug\liblpmsp430g2553_core.a(wiring_digital.o)
                0x0000dc7e                digital_pin_to_bit_mask
 .rodata.digital_pin_to_port
                0x0000dc93       0x15 C:/Users/opeRaptor/workspace_v6_0/lpmsp430g2553_core/Debug\liblpmsp430g2553_core.a(wiring_digital.o)
                0x0000dc93                digital_pin_to_port
 .rodata.port_to_sel2
                0x0000dca8        0x8 C:/Users/opeRaptor/workspace_v6_0/lpmsp430g2553_core/Debug\liblpmsp430g2553_core.a(wiring_digital.o)
                0x0000dca8                port_to_sel2
 .rodata.port_to_sel0
                0x0000dcb0        0x8 C:/Users/opeRaptor/workspace_v6_0/lpmsp430g2553_core/Debug\liblpmsp430g2553_core.a(wiring_digital.o)
                0x0000dcb0                port_to_sel0
 .rodata.port_to_ren
                0x0000dcb8        0x8 C:/Users/opeRaptor/workspace_v6_0/lpmsp430g2553_core/Debug\liblpmsp430g2553_core.a(wiring_digital.o)
                0x0000dcb8                port_to_ren
 .rodata.port_to_dir
                0x0000dcc0        0x8 C:/Users/opeRaptor/workspace_v6_0/lpmsp430g2553_core/Debug\liblpmsp430g2553_core.a(wiring_digital.o)
                0x0000dcc0                port_to_dir
 .rodata.port_to_output
                0x0000dcc8        0x8 C:/Users/opeRaptor/workspace_v6_0/lpmsp430g2553_core/Debug\liblpmsp430g2553_core.a(wiring_digital.o)
                0x0000dcc8                port_to_output
 .rodata.port_to_input
                0x0000dcd0        0x8 C:/Users/opeRaptor/workspace_v6_0/lpmsp430g2553_core/Debug\liblpmsp430g2553_core.a(wiring_digital.o)
                0x0000dcd0                port_to_input
 .rodata._ZTV14HardwareSerial
                0x0000dcd8       0x10 C:/Users/opeRaptor/workspace_v6_0/lpmsp430g2553_core/Debug\liblpmsp430g2553_core.a(HardwareSerial.o)
                0x0000dcd8                vtable for HardwareSerial
 .rodata._ZN6Stream4findEPc
                0x0000dce8        0x1 C:/Users/opeRaptor/workspace_v6_0/lpmsp430g2553_core/Debug\liblpmsp430g2553_core.a(Stream.o)
                0x0000dcea                . = ALIGN (0x2)
 *fill*         0x0000dce9        0x1 00
                0x0000dcea                _etext = .

.data           0x00000200        0x0 load address 0x0000dcea
                0x00000200                . = ALIGN (0x2)
                0x00000200                PROVIDE (__data_start, .)
 *(.data .data.* .gnu.linkonce.d.*)
                0x00000200                . = ALIGN (0x2)
                0x00000200                _edata = .
                0x0000dcea                PROVIDE (__data_load_start, LOADADDR (.data))
                0x00000000                PROVIDE (__data_size, SIZEOF (.data))

.bss            0x00000200       0xc8 load address 0x0000dcea
                0x00000200                PROVIDE (__bss_start, .)
 *(.bss .bss.*)
 .bss.radio     0x00000200       0x2e ./Enrf24_WiFi.o
                0x00000200                radio
 .bss.GET       0x0000022e        0x6 ./Enrf24_WiFi.o
                0x0000022e                GET
 .bss.vlo_freq  0x00000234        0x2 C:/Users/opeRaptor/workspace_v6_0/lpmsp430g2553_core/Debug\liblpmsp430g2553_core.a(wiring.o)
                0x00000234                vlo_freq
 .bss.stay_asleep
                0x00000236        0x1 C:/Users/opeRaptor/workspace_v6_0/lpmsp430g2553_core/Debug\liblpmsp430g2553_core.a(wiring.o)
                0x00000236                stay_asleep
 .bss.sleeping  0x00000237        0x1 C:/Users/opeRaptor/workspace_v6_0/lpmsp430g2553_core/Debug\liblpmsp430g2553_core.a(wiring.o)
                0x00000237                sleeping
 .bss.wdt_fract
                0x00000238        0x2 C:/Users/opeRaptor/workspace_v6_0/lpmsp430g2553_core/Debug\liblpmsp430g2553_core.a(wiring.o)
                0x00000238                wdt_fract
 .bss.wdt_millis
                0x0000023a        0x4 C:/Users/opeRaptor/workspace_v6_0/lpmsp430g2553_core/Debug\liblpmsp430g2553_core.a(wiring.o)
                0x0000023a                wdt_millis
 .bss.wdt_overflow_count
                0x0000023e        0x4 C:/Users/opeRaptor/workspace_v6_0/lpmsp430g2553_core/Debug\liblpmsp430g2553_core.a(wiring.o)
                0x0000023e                wdt_overflow_count
 .bss.Serial    0x00000242       0x1a C:/Users/opeRaptor/workspace_v6_0/lpmsp430g2553_core/Debug\liblpmsp430g2553_core.a(HardwareSerial.o)
                0x00000242                Serial
 .bss.tx_buffer
                0x0000025c       0x14 C:/Users/opeRaptor/workspace_v6_0/lpmsp430g2553_core/Debug\liblpmsp430g2553_core.a(HardwareSerial.o)
                0x0000025c                tx_buffer
 .bss.rx_buffer
                0x00000270       0x14 C:/Users/opeRaptor/workspace_v6_0/lpmsp430g2553_core/Debug\liblpmsp430g2553_core.a(HardwareSerial.o)
                0x00000270                rx_buffer
 .bss.still_asleep
                0x00000284        0x1 C:/Users/opeRaptor/workspace_v6_0/lpmsp430g2553_core/Debug\liblpmsp430g2553_core.a(usci_isr_handler.o)
 .bss.twi_error
                0x00000285        0x1 C:/Users/opeRaptor/workspace_v6_0/lpmsp430g2553_core/Debug\liblpmsp430g2553_core.a(twi.o)
 .bss.twi_rxBufferIndex
                0x00000286        0x1 C:/Users/opeRaptor/workspace_v6_0/lpmsp430g2553_core/Debug\liblpmsp430g2553_core.a(twi.o)
 .bss.twi_txBufferLength
                0x00000287        0x1 C:/Users/opeRaptor/workspace_v6_0/lpmsp430g2553_core/Debug\liblpmsp430g2553_core.a(twi.o)
 .bss.twi_txBufferIndex
                0x00000288        0x1 C:/Users/opeRaptor/workspace_v6_0/lpmsp430g2553_core/Debug\liblpmsp430g2553_core.a(twi.o)
 .bss.twi_masterBufferIndex
                0x00000289        0x1 C:/Users/opeRaptor/workspace_v6_0/lpmsp430g2553_core/Debug\liblpmsp430g2553_core.a(twi.o)
 .bss.twi_inRepStart
                0x0000028a        0x1 C:/Users/opeRaptor/workspace_v6_0/lpmsp430g2553_core/Debug\liblpmsp430g2553_core.a(twi.o)
 .bss.twi_sendStop
                0x0000028b        0x1 C:/Users/opeRaptor/workspace_v6_0/lpmsp430g2553_core/Debug\liblpmsp430g2553_core.a(twi.o)
 .bss.twi_state
                0x0000028c        0x1 C:/Users/opeRaptor/workspace_v6_0/lpmsp430g2553_core/Debug\liblpmsp430g2553_core.a(twi.o)
 .bss.twi_masterBufferLength
                0x0000028d        0x1 C:/Users/opeRaptor/workspace_v6_0/lpmsp430g2553_core/Debug\liblpmsp430g2553_core.a(twi.o)
 .bss.twi_masterBuffer
                0x0000028e       0x10 C:/Users/opeRaptor/workspace_v6_0/lpmsp430g2553_core/Debug\liblpmsp430g2553_core.a(twi.o)
 .bss.twi_txBuffer
                0x0000029e       0x10 C:/Users/opeRaptor/workspace_v6_0/lpmsp430g2553_core/Debug\liblpmsp430g2553_core.a(twi.o)
 .bss.twi_onSlaveReceive
                0x000002ae        0x2 C:/Users/opeRaptor/workspace_v6_0/lpmsp430g2553_core/Debug\liblpmsp430g2553_core.a(twi.o)
 .bss.twi_onSlaveTransmit
                0x000002b0        0x2 C:/Users/opeRaptor/workspace_v6_0/lpmsp430g2553_core/Debug\liblpmsp430g2553_core.a(twi.o)
 .bss.twi_rxBuffer
                0x000002b2       0x10 C:/Users/opeRaptor/workspace_v6_0/lpmsp430g2553_core/Debug\liblpmsp430g2553_core.a(twi.o)
 .bss           0x000002c2        0x1 c:/program files (x86)/energia-0101e0014/hardware/tools/msp430/bin/../lib/gcc/msp430/4.6.3/../../../../msp430/lib\libc.a(malloc.o)
 *(COMMON)
 *fill*         0x000002c3        0x1 00
 COMMON         0x000002c4        0x4 C:/Users/opeRaptor/workspace_v6_0/lpmsp430g2553_core/Debug\liblpmsp430g2553_core.a(wiring.o)
                0x000002c4                SMILLIS_INC
                0x000002c6                SFRACT_INC
                0x000002c8                . = ALIGN (0x2)
                0x000002c8                PROVIDE (__bss_end, .)
                0x000000c8                PROVIDE (__bss_size, SIZEOF (.bss))

.noinit         0x000002c8        0x2 load address 0x0000dcea
                0x000002c8                PROVIDE (__noinit_start, .)
 *(.noinit .noinit.*)
 .noinit.crt0   0x000002c8        0x2 c:/program files (x86)/energia-0101e0014/hardware/tools/msp430/bin/../lib/gcc/msp430/4.6.3\libcrt0.a(__watchdog_support.o)
                0x000002c8                __wdt_clear_value
                0x000002ca                . = ALIGN (0x2)
                0x000002ca                PROVIDE (__noinit_end, .)
                0x000002ca                . = ALIGN (0x2)
                0x000002ca                _end = .

.infomem        0x00001000        0x0
 *(.infomem)
                0x00001000                . = ALIGN (0x2)
 *(.infomem.*)

.infomemnobits  0x00001000        0x0
 *(.infomemnobits)
                0x00001000                . = ALIGN (0x2)
 *(.infomemnobits.*)

.infoa
 *(.infoa .infoa.*)

.infob
 *(.infob .infob.*)

.infoc
 *(.infoc .infoc.*)

.infod
 *(.infod .infod.*)

.vectors        0x0000ffe0       0x20
                0x0000ffe0                PROVIDE (__vectors_start, .)
 *(.vectors*)
 .vectors       0x0000ffe0       0x20 c:/program files (x86)/energia-0101e0014/hardware/tools/msp430/bin/../lib/gcc/msp430/4.6.3/crt0ivtbl16.o
                0x0000ffe0                __ivtbl_16
                0x00010000                _vectors_end = .

.fartext        0x00000000        0x0
                0x00000000                . = ALIGN (0x2)
 *(.fartext)
                0x00000000                . = ALIGN (0x2)
 *(.fartext.*)
                0x00000000                _efartext = .

.profiler
 *(.profiler)

.stab
 *(.stab)

.stabstr
 *(.stabstr)

.stab.excl
 *(.stab.excl)

.stab.exclstr
 *(.stab.exclstr)

.stab.index
 *(.stab.index)

.stab.indexstr
 *(.stab.indexstr)

.comment
 *(.comment)

.debug
 *(.debug)

.line
 *(.line)

.debug_srcinfo
 *(.debug_srcinfo)

.debug_sfnames
 *(.debug_sfnames)

.debug_aranges  0x00000000      0x864
 *(.debug_aranges)
 .debug_aranges
                0x00000000       0x2c ./Enrf24_WiFi.o
 .debug_aranges
                0x0000002c       0xb8 C:/Users/opeRaptor/workspace_v6_0/lpmsp430g2553_Enrf24/Debug\liblpmsp430g2553_Enrf24.a(Enrf24.o)
 .debug_aranges
                0x000000e4       0x24 C:/Users/opeRaptor/workspace_v6_0/lpmsp430g2553_SPI/Debug\liblpmsp430g2553_SPI.a(SPI.o)
 .debug_aranges
                0x00000108       0x28 C:/Users/opeRaptor/workspace_v6_0/lpmsp430g2553_SPI/Debug\liblpmsp430g2553_SPI.a(usci_spi.o)
 .debug_aranges
                0x00000130       0x48 C:/Users/opeRaptor/workspace_v6_0/lpmsp430g2553_core/Debug\liblpmsp430g2553_core.a(wiring.o)
 .debug_aranges
                0x00000178       0x20 C:/Users/opeRaptor/workspace_v6_0/lpmsp430g2553_core/Debug\liblpmsp430g2553_core.a(wiring_digital.o)
 .debug_aranges
                0x00000198       0x44 C:/Users/opeRaptor/workspace_v6_0/lpmsp430g2553_core/Debug\liblpmsp430g2553_core.a(HardwareSerial.o)
 .debug_aranges
                0x000001dc       0x14 C:/Users/opeRaptor/workspace_v6_0/lpmsp430g2553_core/Debug\liblpmsp430g2553_core.a(main.o)
 .debug_aranges
                0x000001f0       0x70 C:/Users/opeRaptor/workspace_v6_0/lpmsp430g2553_core/Debug\liblpmsp430g2553_core.a(Print.o)
 .debug_aranges
                0x00000260       0x50 C:/Users/opeRaptor/workspace_v6_0/lpmsp430g2553_core/Debug\liblpmsp430g2553_core.a(Stream.o)
 .debug_aranges
                0x000002b0      0x144 C:/Users/opeRaptor/workspace_v6_0/lpmsp430g2553_core/Debug\liblpmsp430g2553_core.a(WString.o)
 .debug_aranges
                0x000003f4       0x14 C:/Users/opeRaptor/workspace_v6_0/lpmsp430g2553_core/Debug\liblpmsp430g2553_core.a(atof.o)
 .debug_aranges
                0x00000408       0x14 C:/Users/opeRaptor/workspace_v6_0/lpmsp430g2553_core/Debug\liblpmsp430g2553_core.a(dtostrf.o)
 .debug_aranges
                0x0000041c       0x20 C:/Users/opeRaptor/workspace_v6_0/lpmsp430g2553_core/Debug\liblpmsp430g2553_core.a(itoa.o)
 .debug_aranges
                0x0000043c       0x1c C:/Users/opeRaptor/workspace_v6_0/lpmsp430g2553_core/Debug\liblpmsp430g2553_core.a(usci_isr_handler.o)
 .debug_aranges
                0x00000458       0x28 C:/Users/opeRaptor/workspace_v6_0/lpmsp430g2553_core/Debug\liblpmsp430g2553_core.a(new.o)
 .debug_aranges
                0x00000480       0x38 C:/Users/opeRaptor/workspace_v6_0/lpmsp430g2553_core/Debug\liblpmsp430g2553_core.a(twi.o)
 .debug_aranges
                0x000004b8       0x14 c:/program files (x86)/energia-0101e0014/hardware/tools/msp430/bin/../lib/gcc/msp430/4.6.3/../../../../msp430/lib\libm.a(ef_pow.o)
 .debug_aranges
                0x000004cc       0x14 c:/program files (x86)/energia-0101e0014/hardware/tools/msp430/bin/../lib/gcc/msp430/4.6.3/../../../../msp430/lib\libm.a(sf_scalbn.o)
 .debug_aranges
                0x000004e0       0x14 c:/program files (x86)/energia-0101e0014/hardware/tools/msp430/bin/../lib/gcc/msp430/4.6.3/../../../../msp430/lib\libm.a(ef_sqrt.o)
 .debug_aranges
                0x000004f4       0x14 c:/program files (x86)/energia-0101e0014/hardware/tools/msp430/bin/../lib/gcc/msp430/4.6.3\libgcc.a(_mulqi3.o)
 .debug_aranges
                0x00000508       0x14 c:/program files (x86)/energia-0101e0014/hardware/tools/msp430/bin/../lib/gcc/msp430/4.6.3\libgcc.a(_mulhi3.o)
 .debug_aranges
                0x0000051c       0x14 c:/program files (x86)/energia-0101e0014/hardware/tools/msp430/bin/../lib/gcc/msp430/4.6.3\libgcc.a(_mulsi3.o)
 .debug_aranges
                0x00000530       0x14 c:/program files (x86)/energia-0101e0014/hardware/tools/msp430/bin/../lib/gcc/msp430/4.6.3\libgcc.a(_udivmod16.o)
 .debug_aranges
                0x00000544       0x14 c:/program files (x86)/energia-0101e0014/hardware/tools/msp430/bin/../lib/gcc/msp430/4.6.3\libgcc.a(_udivmod32.o)
 .debug_aranges
                0x00000558       0x14 c:/program files (x86)/energia-0101e0014/hardware/tools/msp430/bin/../lib/gcc/msp430/4.6.3\libgcc.a(_fixunssfsi.o)
 .debug_aranges
                0x0000056c       0x14 c:/program files (x86)/energia-0101e0014/hardware/tools/msp430/bin/../lib/gcc/msp430/4.6.3\libgcc.a(_addsub_sf.o)
 .debug_aranges
                0x00000580       0x14 c:/program files (x86)/energia-0101e0014/hardware/tools/msp430/bin/../lib/gcc/msp430/4.6.3\libgcc.a(_mul_sf.o)
 .debug_aranges
                0x00000594       0x14 c:/program files (x86)/energia-0101e0014/hardware/tools/msp430/bin/../lib/gcc/msp430/4.6.3\libgcc.a(_div_sf.o)
 .debug_aranges
                0x000005a8       0x14 c:/program files (x86)/energia-0101e0014/hardware/tools/msp430/bin/../lib/gcc/msp430/4.6.3\libgcc.a(_gt_sf.o)
 .debug_aranges
                0x000005bc       0x14 c:/program files (x86)/energia-0101e0014/hardware/tools/msp430/bin/../lib/gcc/msp430/4.6.3\libgcc.a(_ge_sf.o)
 .debug_aranges
                0x000005d0       0x14 c:/program files (x86)/energia-0101e0014/hardware/tools/msp430/bin/../lib/gcc/msp430/4.6.3\libgcc.a(_lt_sf.o)
 .debug_aranges
                0x000005e4       0x14 c:/program files (x86)/energia-0101e0014/hardware/tools/msp430/bin/../lib/gcc/msp430/4.6.3\libgcc.a(_le_sf.o)
 .debug_aranges
                0x000005f8       0x14 c:/program files (x86)/energia-0101e0014/hardware/tools/msp430/bin/../lib/gcc/msp430/4.6.3\libgcc.a(_si_to_sf.o)
 .debug_aranges
                0x0000060c       0x14 c:/program files (x86)/energia-0101e0014/hardware/tools/msp430/bin/../lib/gcc/msp430/4.6.3\libgcc.a(_sf_to_si.o)
 .debug_aranges
                0x00000620       0x14 c:/program files (x86)/energia-0101e0014/hardware/tools/msp430/bin/../lib/gcc/msp430/4.6.3\libgcc.a(_usi_to_sf.o)
 .debug_aranges
                0x00000634       0x14 c:/program files (x86)/energia-0101e0014/hardware/tools/msp430/bin/../lib/gcc/msp430/4.6.3\libgcc.a(_clzsi2.o)
 .debug_aranges
                0x00000648       0x14 c:/program files (x86)/energia-0101e0014/hardware/tools/msp430/bin/../lib/gcc/msp430/4.6.3\libgcc.a(_pack_sf.o)
 .debug_aranges
                0x0000065c       0x14 c:/program files (x86)/energia-0101e0014/hardware/tools/msp430/bin/../lib/gcc/msp430/4.6.3\libgcc.a(_unpack_sf.o)
 .debug_aranges
                0x00000670       0x14 c:/program files (x86)/energia-0101e0014/hardware/tools/msp430/bin/../lib/gcc/msp430/4.6.3\libgcc.a(_fpcmp_parts_sf.o)
 .debug_aranges
                0x00000684       0x14 c:/program files (x86)/energia-0101e0014/hardware/tools/msp430/bin/../lib/gcc/msp430/4.6.3/../../../../msp430/lib\libc.a(strchr.o)
 .debug_aranges
                0x00000698       0x14 c:/program files (x86)/energia-0101e0014/hardware/tools/msp430/bin/../lib/gcc/msp430/4.6.3/../../../../msp430/lib\libc.a(strcmp.o)
 .debug_aranges
                0x000006ac       0x14 c:/program files (x86)/energia-0101e0014/hardware/tools/msp430/bin/../lib/gcc/msp430/4.6.3/../../../../msp430/lib\libc.a(strncmp.o)
 .debug_aranges
                0x000006c0       0x14 c:/program files (x86)/energia-0101e0014/hardware/tools/msp430/bin/../lib/gcc/msp430/4.6.3/../../../../msp430/lib\libc.a(strcpy.o)
 .debug_aranges
                0x000006d4       0x14 c:/program files (x86)/energia-0101e0014/hardware/tools/msp430/bin/../lib/gcc/msp430/4.6.3/../../../../msp430/lib\libc.a(strncpy.o)
 .debug_aranges
                0x000006e8       0x14 c:/program files (x86)/energia-0101e0014/hardware/tools/msp430/bin/../lib/gcc/msp430/4.6.3/../../../../msp430/lib\libc.a(memcpy.o)
 .debug_aranges
                0x000006fc       0x14 c:/program files (x86)/energia-0101e0014/hardware/tools/msp430/bin/../lib/gcc/msp430/4.6.3/../../../../msp430/lib\libc.a(memmove.o)
 .debug_aranges
                0x00000710       0x14 c:/program files (x86)/energia-0101e0014/hardware/tools/msp430/bin/../lib/gcc/msp430/4.6.3/../../../../msp430/lib\libc.a(strrchr.o)
 .debug_aranges
                0x00000724       0x14 c:/program files (x86)/energia-0101e0014/hardware/tools/msp430/bin/../lib/gcc/msp430/4.6.3/../../../../msp430/lib\libc.a(strstr.o)
 .debug_aranges
                0x00000738       0x14 c:/program files (x86)/energia-0101e0014/hardware/tools/msp430/bin/../lib/gcc/msp430/4.6.3/../../../../msp430/lib\libc.a(atol.o)
 .debug_aranges
                0x0000074c       0x14 c:/program files (x86)/energia-0101e0014/hardware/tools/msp430/bin/../lib/gcc/msp430/4.6.3/../../../../msp430/lib\libc.a(malloc.o)
 .debug_aranges
                0x00000760       0x14 c:/program files (x86)/energia-0101e0014/hardware/tools/msp430/bin/../lib/gcc/msp430/4.6.3/../../../../msp430/lib\libc.a(strtol.o)
 .debug_aranges
                0x00000774       0x14 c:/program files (x86)/energia-0101e0014/hardware/tools/msp430/bin/../lib/gcc/msp430/4.6.3/../../../../msp430/lib\libc.a(sprintf.o)
 .debug_aranges
                0x00000788       0x14 c:/program files (x86)/energia-0101e0014/hardware/tools/msp430/bin/../lib/gcc/msp430/4.6.3/../../../../msp430/lib\libc.a(vuprintf.o)
 .debug_aranges
                0x0000079c       0x14 c:/program files (x86)/energia-0101e0014/hardware/tools/msp430/bin/../lib/gcc/msp430/4.6.3\libgcc.a(_divmod32.o)
 .debug_aranges
                0x000007b0       0x14 c:/program files (x86)/energia-0101e0014/hardware/tools/msp430/bin/../lib/gcc/msp430/4.6.3\libgcc.a(_udivmod64.o)
 .debug_aranges
                0x000007c4       0x14 c:/program files (x86)/energia-0101e0014/hardware/tools/msp430/bin/../lib/gcc/msp430/4.6.3\libcrt0.a(__watchdog_support.o)
 .debug_aranges
                0x000007d8       0x14 c:/program files (x86)/energia-0101e0014/hardware/tools/msp430/bin/../lib/gcc/msp430/4.6.3\libcrt0.a(__init_stack.o)
 .debug_aranges
                0x000007ec       0x14 c:/program files (x86)/energia-0101e0014/hardware/tools/msp430/bin/../lib/gcc/msp430/4.6.3\libcrt0.a(_copy_data.o)
 .debug_aranges
                0x00000800       0x14 c:/program files (x86)/energia-0101e0014/hardware/tools/msp430/bin/../lib/gcc/msp430/4.6.3\libcrt0.a(_clear_bss.o)
 .debug_aranges
                0x00000814       0x14 c:/program files (x86)/energia-0101e0014/hardware/tools/msp430/bin/../lib/gcc/msp430/4.6.3\libcrt0.a(_endless_loop__.o)
 .debug_aranges
                0x00000828       0x14 c:/program files (x86)/energia-0101e0014/hardware/tools/msp430/bin/../lib/gcc/msp430/4.6.3\libcrt0.a(_unexpected_.o)
 .debug_aranges
                0x0000083c       0x14 c:/program files (x86)/energia-0101e0014/hardware/tools/msp430/bin/../lib/gcc/msp430/4.6.3\libcrt0.a(_ctors430.o)
 .debug_aranges
                0x00000850       0x14 c:/program files (x86)/energia-0101e0014/hardware/tools/msp430/bin/../lib/gcc/msp430/4.6.3\libcrt0.a(_dtors430.o)

.debug_pubnames
 *(.debug_pubnames)

.debug_info     0x00000000    0x10897
 *(.debug_info)
 .debug_info    0x00000000     0x11d8 ./Enrf24_WiFi.o
 .debug_info    0x000011d8     0x1577 C:/Users/opeRaptor/workspace_v6_0/lpmsp430g2553_Enrf24/Debug\liblpmsp430g2553_Enrf24.a(Enrf24.o)
 .debug_info    0x0000274f      0x37b C:/Users/opeRaptor/workspace_v6_0/lpmsp430g2553_SPI/Debug\liblpmsp430g2553_SPI.a(SPI.o)
 .debug_info    0x00002aca      0x3a7 C:/Users/opeRaptor/workspace_v6_0/lpmsp430g2553_SPI/Debug\liblpmsp430g2553_SPI.a(usci_spi.o)
 .debug_info    0x00002e71      0x5e9 C:/Users/opeRaptor/workspace_v6_0/lpmsp430g2553_core/Debug\liblpmsp430g2553_core.a(wiring.o)
 .debug_info    0x0000345a      0x74f C:/Users/opeRaptor/workspace_v6_0/lpmsp430g2553_core/Debug\liblpmsp430g2553_core.a(wiring_digital.o)
 .debug_info    0x00003ba9     0x1834 C:/Users/opeRaptor/workspace_v6_0/lpmsp430g2553_core/Debug\liblpmsp430g2553_core.a(HardwareSerial.o)
 .debug_info    0x000053dd      0x25c C:/Users/opeRaptor/workspace_v6_0/lpmsp430g2553_core/Debug\liblpmsp430g2553_core.a(main.o)
 .debug_info    0x00005639     0x1b82 C:/Users/opeRaptor/workspace_v6_0/lpmsp430g2553_core/Debug\liblpmsp430g2553_core.a(Print.o)
 .debug_info    0x000071bb     0x16b2 C:/Users/opeRaptor/workspace_v6_0/lpmsp430g2553_core/Debug\liblpmsp430g2553_core.a(Stream.o)
 .debug_info    0x0000886d     0x2767 C:/Users/opeRaptor/workspace_v6_0/lpmsp430g2553_core/Debug\liblpmsp430g2553_core.a(WString.o)
 .debug_info    0x0000afd4       0xd6 C:/Users/opeRaptor/workspace_v6_0/lpmsp430g2553_core/Debug\liblpmsp430g2553_core.a(atof.o)
 .debug_info    0x0000b0aa      0x14b C:/Users/opeRaptor/workspace_v6_0/lpmsp430g2553_core/Debug\liblpmsp430g2553_core.a(dtostrf.o)
 .debug_info    0x0000b1f5      0x224 C:/Users/opeRaptor/workspace_v6_0/lpmsp430g2553_core/Debug\liblpmsp430g2553_core.a(itoa.o)
 .debug_info    0x0000b419      0x2cf C:/Users/opeRaptor/workspace_v6_0/lpmsp430g2553_core/Debug\liblpmsp430g2553_core.a(usci_isr_handler.o)
 .debug_info    0x0000b6e8      0x142 C:/Users/opeRaptor/workspace_v6_0/lpmsp430g2553_core/Debug\liblpmsp430g2553_core.a(new.o)
 .debug_info    0x0000b82a      0x5f0 C:/Users/opeRaptor/workspace_v6_0/lpmsp430g2553_core/Debug\liblpmsp430g2553_core.a(twi.o)
 .debug_info    0x0000be1a      0x5ea c:/program files (x86)/energia-0101e0014/hardware/tools/msp430/bin/../lib/gcc/msp430/4.6.3/../../../../msp430/lib\libm.a(ef_pow.o)
 .debug_info    0x0000c404      0x1e4 c:/program files (x86)/energia-0101e0014/hardware/tools/msp430/bin/../lib/gcc/msp430/4.6.3/../../../../msp430/lib\libm.a(sf_scalbn.o)
 .debug_info    0x0000c5e8      0x208 c:/program files (x86)/energia-0101e0014/hardware/tools/msp430/bin/../lib/gcc/msp430/4.6.3/../../../../msp430/lib\libm.a(ef_sqrt.o)
 .debug_info    0x0000c7f0       0x8d c:/program files (x86)/energia-0101e0014/hardware/tools/msp430/bin/../lib/gcc/msp430/4.6.3\libgcc.a(_mulqi3.o)
 .debug_info    0x0000c87d       0x8d c:/program files (x86)/energia-0101e0014/hardware/tools/msp430/bin/../lib/gcc/msp430/4.6.3\libgcc.a(_mulhi3.o)
 .debug_info    0x0000c90a       0x8d c:/program files (x86)/energia-0101e0014/hardware/tools/msp430/bin/../lib/gcc/msp430/4.6.3\libgcc.a(_mulsi3.o)
 .debug_info    0x0000c997       0x8d c:/program files (x86)/energia-0101e0014/hardware/tools/msp430/bin/../lib/gcc/msp430/4.6.3\libgcc.a(_udivmod16.o)
 .debug_info    0x0000ca24       0x8d c:/program files (x86)/energia-0101e0014/hardware/tools/msp430/bin/../lib/gcc/msp430/4.6.3\libgcc.a(_udivmod32.o)
 .debug_info    0x0000cab1       0xb5 c:/program files (x86)/energia-0101e0014/hardware/tools/msp430/bin/../lib/gcc/msp430/4.6.3\libgcc.a(_fixunssfsi.o)
 .debug_info    0x0000cb66      0x425 c:/program files (x86)/energia-0101e0014/hardware/tools/msp430/bin/../lib/gcc/msp430/4.6.3\libgcc.a(_addsub_sf.o)
 .debug_info    0x0000cf8b      0x3c9 c:/program files (x86)/energia-0101e0014/hardware/tools/msp430/bin/../lib/gcc/msp430/4.6.3\libgcc.a(_mul_sf.o)
 .debug_info    0x0000d354      0x35c c:/program files (x86)/energia-0101e0014/hardware/tools/msp430/bin/../lib/gcc/msp430/4.6.3\libgcc.a(_div_sf.o)
 .debug_info    0x0000d6b0      0x26e c:/program files (x86)/energia-0101e0014/hardware/tools/msp430/bin/../lib/gcc/msp430/4.6.3\libgcc.a(_gt_sf.o)
 .debug_info    0x0000d91e      0x26e c:/program files (x86)/energia-0101e0014/hardware/tools/msp430/bin/../lib/gcc/msp430/4.6.3\libgcc.a(_ge_sf.o)
 .debug_info    0x0000db8c      0x26e c:/program files (x86)/energia-0101e0014/hardware/tools/msp430/bin/../lib/gcc/msp430/4.6.3\libgcc.a(_lt_sf.o)
 .debug_info    0x0000ddfa      0x26e c:/program files (x86)/energia-0101e0014/hardware/tools/msp430/bin/../lib/gcc/msp430/4.6.3\libgcc.a(_le_sf.o)
 .debug_info    0x0000e068      0x20b c:/program files (x86)/energia-0101e0014/hardware/tools/msp430/bin/../lib/gcc/msp430/4.6.3\libgcc.a(_si_to_sf.o)
 .debug_info    0x0000e273      0x289 c:/program files (x86)/energia-0101e0014/hardware/tools/msp430/bin/../lib/gcc/msp430/4.6.3\libgcc.a(_sf_to_si.o)
 .debug_info    0x0000e4fc      0x144 c:/program files (x86)/energia-0101e0014/hardware/tools/msp430/bin/../lib/gcc/msp430/4.6.3\libgcc.a(_thenan_sf.o)
 .debug_info    0x0000e640      0x204 c:/program files (x86)/energia-0101e0014/hardware/tools/msp430/bin/../lib/gcc/msp430/4.6.3\libgcc.a(_usi_to_sf.o)
 .debug_info    0x0000e844      0x109 c:/program files (x86)/energia-0101e0014/hardware/tools/msp430/bin/../lib/gcc/msp430/4.6.3\libgcc.a(_clzsi2.o)
 .debug_info    0x0000e94d      0x2b1 c:/program files (x86)/energia-0101e0014/hardware/tools/msp430/bin/../lib/gcc/msp430/4.6.3\libgcc.a(_pack_sf.o)
 .debug_info    0x0000ebfe      0x23e c:/program files (x86)/energia-0101e0014/hardware/tools/msp430/bin/../lib/gcc/msp430/4.6.3\libgcc.a(_unpack_sf.o)
 .debug_info    0x0000ee3c      0x1d5 c:/program files (x86)/energia-0101e0014/hardware/tools/msp430/bin/../lib/gcc/msp430/4.6.3\libgcc.a(_fpcmp_parts_sf.o)
 .debug_info    0x0000f011       0xa0 c:/program files (x86)/energia-0101e0014/hardware/tools/msp430/bin/../lib/gcc/msp430/4.6.3\libgcc.a(_clz.o)
 .debug_info    0x0000f0b1       0xa7 c:/program files (x86)/energia-0101e0014/hardware/tools/msp430/bin/../lib/gcc/msp430/4.6.3/../../../../msp430/lib\libc.a(strchr.o)
 .debug_info    0x0000f158       0xa4 c:/program files (x86)/energia-0101e0014/hardware/tools/msp430/bin/../lib/gcc/msp430/4.6.3/../../../../msp430/lib\libc.a(strcmp.o)
 .debug_info    0x0000f1fc       0xbb c:/program files (x86)/energia-0101e0014/hardware/tools/msp430/bin/../lib/gcc/msp430/4.6.3/../../../../msp430/lib\libc.a(strncmp.o)
 .debug_info    0x0000f2b7       0xb6 c:/program files (x86)/energia-0101e0014/hardware/tools/msp430/bin/../lib/gcc/msp430/4.6.3/../../../../msp430/lib\libc.a(strcpy.o)
 .debug_info    0x0000f36d       0xe1 c:/program files (x86)/energia-0101e0014/hardware/tools/msp430/bin/../lib/gcc/msp430/4.6.3/../../../../msp430/lib\libc.a(strncpy.o)
 .debug_info    0x0000f44e      0x113 c:/program files (x86)/energia-0101e0014/hardware/tools/msp430/bin/../lib/gcc/msp430/4.6.3/../../../../msp430/lib\libc.a(memcpy.o)
 .debug_info    0x0000f561      0x113 c:/program files (x86)/energia-0101e0014/hardware/tools/msp430/bin/../lib/gcc/msp430/4.6.3/../../../../msp430/lib\libc.a(memmove.o)
 .debug_info    0x0000f674       0xb7 c:/program files (x86)/energia-0101e0014/hardware/tools/msp430/bin/../lib/gcc/msp430/4.6.3/../../../../msp430/lib\libc.a(strrchr.o)
 .debug_info    0x0000f72b       0xe0 c:/program files (x86)/energia-0101e0014/hardware/tools/msp430/bin/../lib/gcc/msp430/4.6.3/../../../../msp430/lib\libc.a(strstr.o)
 .debug_info    0x0000f80b       0x95 c:/program files (x86)/energia-0101e0014/hardware/tools/msp430/bin/../lib/gcc/msp430/4.6.3/../../../../msp430/lib\libc.a(atol.o)
 .debug_info    0x0000f8a0      0x151 c:/program files (x86)/energia-0101e0014/hardware/tools/msp430/bin/../lib/gcc/msp430/4.6.3/../../../../msp430/lib\libc.a(malloc.o)
 .debug_info    0x0000f9f1      0x1d7 c:/program files (x86)/energia-0101e0014/hardware/tools/msp430/bin/../lib/gcc/msp430/4.6.3/../../../../msp430/lib\libc.a(strtol.o)
 .debug_info    0x0000fbc8      0x277 c:/program files (x86)/energia-0101e0014/hardware/tools/msp430/bin/../lib/gcc/msp430/4.6.3/../../../../msp430/lib\libc.a(sprintf.o)
 .debug_info    0x0000fe3f      0x565 c:/program files (x86)/energia-0101e0014/hardware/tools/msp430/bin/../lib/gcc/msp430/4.6.3/../../../../msp430/lib\libc.a(vuprintf.o)
 .debug_info    0x000103a4       0x39 c:/program files (x86)/energia-0101e0014/hardware/tools/msp430/bin/../lib/gcc/msp430/4.6.3/../../../../msp430/lib\libc.a(errno.o)
 .debug_info    0x000103dd       0x8d c:/program files (x86)/energia-0101e0014/hardware/tools/msp430/bin/../lib/gcc/msp430/4.6.3\libgcc.a(_divmod32.o)
 .debug_info    0x0001046a       0x8d c:/program files (x86)/energia-0101e0014/hardware/tools/msp430/bin/../lib/gcc/msp430/4.6.3\libgcc.a(_udivmod64.o)
 .debug_info    0x000104f7       0x74 c:/program files (x86)/energia-0101e0014/hardware/tools/msp430/bin/../lib/gcc/msp430/4.6.3\libcrt0.a(__watchdog_support.o)
 .debug_info    0x0001056b       0x74 c:/program files (x86)/energia-0101e0014/hardware/tools/msp430/bin/../lib/gcc/msp430/4.6.3\libcrt0.a(__init_stack.o)
 .debug_info    0x000105df       0x74 c:/program files (x86)/energia-0101e0014/hardware/tools/msp430/bin/../lib/gcc/msp430/4.6.3\libcrt0.a(_copy_data.o)
 .debug_info    0x00010653       0x74 c:/program files (x86)/energia-0101e0014/hardware/tools/msp430/bin/../lib/gcc/msp430/4.6.3\libcrt0.a(_clear_bss.o)
 .debug_info    0x000106c7       0x74 c:/program files (x86)/energia-0101e0014/hardware/tools/msp430/bin/../lib/gcc/msp430/4.6.3\libcrt0.a(_endless_loop__.o)
 .debug_info    0x0001073b       0x74 c:/program files (x86)/energia-0101e0014/hardware/tools/msp430/bin/../lib/gcc/msp430/4.6.3\libcrt0.a(_unexpected_.o)
 .debug_info    0x000107af       0x74 c:/program files (x86)/energia-0101e0014/hardware/tools/msp430/bin/../lib/gcc/msp430/4.6.3\libcrt0.a(_ctors430.o)
 .debug_info    0x00010823       0x74 c:/program files (x86)/energia-0101e0014/hardware/tools/msp430/bin/../lib/gcc/msp430/4.6.3\libcrt0.a(_dtors430.o)
 *(.gnu.linkonce.wi.*)

.debug_abbrev   0x00000000     0x4513
 *(.debug_abbrev)
 .debug_abbrev  0x00000000      0x335 ./Enrf24_WiFi.o
 .debug_abbrev  0x00000335      0x3f8 C:/Users/opeRaptor/workspace_v6_0/lpmsp430g2553_Enrf24/Debug\liblpmsp430g2553_Enrf24.a(Enrf24.o)
 .debug_abbrev  0x0000072d      0x133 C:/Users/opeRaptor/workspace_v6_0/lpmsp430g2553_SPI/Debug\liblpmsp430g2553_SPI.a(SPI.o)
 .debug_abbrev  0x00000860       0xec C:/Users/opeRaptor/workspace_v6_0/lpmsp430g2553_SPI/Debug\liblpmsp430g2553_SPI.a(usci_spi.o)
 .debug_abbrev  0x0000094c      0x22e C:/Users/opeRaptor/workspace_v6_0/lpmsp430g2553_core/Debug\liblpmsp430g2553_core.a(wiring.o)
 .debug_abbrev  0x00000b7a      0x15b C:/Users/opeRaptor/workspace_v6_0/lpmsp430g2553_core/Debug\liblpmsp430g2553_core.a(wiring_digital.o)
 .debug_abbrev  0x00000cd5      0x456 C:/Users/opeRaptor/workspace_v6_0/lpmsp430g2553_core/Debug\liblpmsp430g2553_core.a(HardwareSerial.o)
 .debug_abbrev  0x0000112b       0x8f C:/Users/opeRaptor/workspace_v6_0/lpmsp430g2553_core/Debug\liblpmsp430g2553_core.a(main.o)
 .debug_abbrev  0x000011ba      0x32d C:/Users/opeRaptor/workspace_v6_0/lpmsp430g2553_core/Debug\liblpmsp430g2553_core.a(Print.o)
 .debug_abbrev  0x000014e7      0x348 C:/Users/opeRaptor/workspace_v6_0/lpmsp430g2553_core/Debug\liblpmsp430g2553_core.a(Stream.o)
 .debug_abbrev  0x0000182f      0x365 C:/Users/opeRaptor/workspace_v6_0/lpmsp430g2553_core/Debug\liblpmsp430g2553_core.a(WString.o)
 .debug_abbrev  0x00001b94       0x83 C:/Users/opeRaptor/workspace_v6_0/lpmsp430g2553_core/Debug\liblpmsp430g2553_core.a(atof.o)
 .debug_abbrev  0x00001c17       0xe9 C:/Users/opeRaptor/workspace_v6_0/lpmsp430g2553_core/Debug\liblpmsp430g2553_core.a(dtostrf.o)
 .debug_abbrev  0x00001d00       0xad C:/Users/opeRaptor/workspace_v6_0/lpmsp430g2553_core/Debug\liblpmsp430g2553_core.a(itoa.o)
 .debug_abbrev  0x00001dad       0xf1 C:/Users/opeRaptor/workspace_v6_0/lpmsp430g2553_core/Debug\liblpmsp430g2553_core.a(usci_isr_handler.o)
 .debug_abbrev  0x00001e9e       0xec C:/Users/opeRaptor/workspace_v6_0/lpmsp430g2553_core/Debug\liblpmsp430g2553_core.a(new.o)
 .debug_abbrev  0x00001f8a      0x1d3 C:/Users/opeRaptor/workspace_v6_0/lpmsp430g2553_core/Debug\liblpmsp430g2553_core.a(twi.o)
 .debug_abbrev  0x0000215d      0x140 c:/program files (x86)/energia-0101e0014/hardware/tools/msp430/bin/../lib/gcc/msp430/4.6.3/../../../../msp430/lib\libm.a(ef_pow.o)
 .debug_abbrev  0x0000229d       0xf4 c:/program files (x86)/energia-0101e0014/hardware/tools/msp430/bin/../lib/gcc/msp430/4.6.3/../../../../msp430/lib\libm.a(sf_scalbn.o)
 .debug_abbrev  0x00002391      0x14a c:/program files (x86)/energia-0101e0014/hardware/tools/msp430/bin/../lib/gcc/msp430/4.6.3/../../../../msp430/lib\libm.a(ef_sqrt.o)
 .debug_abbrev  0x000024db       0x14 c:/program files (x86)/energia-0101e0014/hardware/tools/msp430/bin/../lib/gcc/msp430/4.6.3\libgcc.a(_mulqi3.o)
 .debug_abbrev  0x000024ef       0x14 c:/program files (x86)/energia-0101e0014/hardware/tools/msp430/bin/../lib/gcc/msp430/4.6.3\libgcc.a(_mulhi3.o)
 .debug_abbrev  0x00002503       0x14 c:/program files (x86)/energia-0101e0014/hardware/tools/msp430/bin/../lib/gcc/msp430/4.6.3\libgcc.a(_mulsi3.o)
 .debug_abbrev  0x00002517       0x14 c:/program files (x86)/energia-0101e0014/hardware/tools/msp430/bin/../lib/gcc/msp430/4.6.3\libgcc.a(_udivmod16.o)
 .debug_abbrev  0x0000252b       0x14 c:/program files (x86)/energia-0101e0014/hardware/tools/msp430/bin/../lib/gcc/msp430/4.6.3\libgcc.a(_udivmod32.o)
 .debug_abbrev  0x0000253f       0x5d c:/program files (x86)/energia-0101e0014/hardware/tools/msp430/bin/../lib/gcc/msp430/4.6.3\libgcc.a(_fixunssfsi.o)
 .debug_abbrev  0x0000259c      0x1ab c:/program files (x86)/energia-0101e0014/hardware/tools/msp430/bin/../lib/gcc/msp430/4.6.3\libgcc.a(_addsub_sf.o)
 .debug_abbrev  0x00002747      0x1d9 c:/program files (x86)/energia-0101e0014/hardware/tools/msp430/bin/../lib/gcc/msp430/4.6.3\libgcc.a(_mul_sf.o)
 .debug_abbrev  0x00002920      0x1c4 c:/program files (x86)/energia-0101e0014/hardware/tools/msp430/bin/../lib/gcc/msp430/4.6.3\libgcc.a(_div_sf.o)
 .debug_abbrev  0x00002ae4      0x151 c:/program files (x86)/energia-0101e0014/hardware/tools/msp430/bin/../lib/gcc/msp430/4.6.3\libgcc.a(_gt_sf.o)
 .debug_abbrev  0x00002c35      0x151 c:/program files (x86)/energia-0101e0014/hardware/tools/msp430/bin/../lib/gcc/msp430/4.6.3\libgcc.a(_ge_sf.o)
 .debug_abbrev  0x00002d86      0x151 c:/program files (x86)/energia-0101e0014/hardware/tools/msp430/bin/../lib/gcc/msp430/4.6.3\libgcc.a(_lt_sf.o)
 .debug_abbrev  0x00002ed7      0x151 c:/program files (x86)/energia-0101e0014/hardware/tools/msp430/bin/../lib/gcc/msp430/4.6.3\libgcc.a(_le_sf.o)
 .debug_abbrev  0x00003028      0x164 c:/program files (x86)/energia-0101e0014/hardware/tools/msp430/bin/../lib/gcc/msp430/4.6.3\libgcc.a(_si_to_sf.o)
 .debug_abbrev  0x0000318c      0x160 c:/program files (x86)/energia-0101e0014/hardware/tools/msp430/bin/../lib/gcc/msp430/4.6.3\libgcc.a(_sf_to_si.o)
 .debug_abbrev  0x000032ec       0xba c:/program files (x86)/energia-0101e0014/hardware/tools/msp430/bin/../lib/gcc/msp430/4.6.3\libgcc.a(_thenan_sf.o)
 .debug_abbrev  0x000033a6      0x173 c:/program files (x86)/energia-0101e0014/hardware/tools/msp430/bin/../lib/gcc/msp430/4.6.3\libgcc.a(_usi_to_sf.o)
 .debug_abbrev  0x00003519       0xac c:/program files (x86)/energia-0101e0014/hardware/tools/msp430/bin/../lib/gcc/msp430/4.6.3\libgcc.a(_clzsi2.o)
 .debug_abbrev  0x000035c5      0x192 c:/program files (x86)/energia-0101e0014/hardware/tools/msp430/bin/../lib/gcc/msp430/4.6.3\libgcc.a(_pack_sf.o)
 .debug_abbrev  0x00003757      0x15a c:/program files (x86)/energia-0101e0014/hardware/tools/msp430/bin/../lib/gcc/msp430/4.6.3\libgcc.a(_unpack_sf.o)
 .debug_abbrev  0x000038b1      0x10b c:/program files (x86)/energia-0101e0014/hardware/tools/msp430/bin/../lib/gcc/msp430/4.6.3\libgcc.a(_fpcmp_parts_sf.o)
 .debug_abbrev  0x000039bc       0x61 c:/program files (x86)/energia-0101e0014/hardware/tools/msp430/bin/../lib/gcc/msp430/4.6.3\libgcc.a(_clz.o)
 .debug_abbrev  0x00003a1d       0x6f c:/program files (x86)/energia-0101e0014/hardware/tools/msp430/bin/../lib/gcc/msp430/4.6.3/../../../../msp430/lib\libc.a(strchr.o)
 .debug_abbrev  0x00003a8c       0x60 c:/program files (x86)/energia-0101e0014/hardware/tools/msp430/bin/../lib/gcc/msp430/4.6.3/../../../../msp430/lib\libc.a(strcmp.o)
 .debug_abbrev  0x00003aec       0x7c c:/program files (x86)/energia-0101e0014/hardware/tools/msp430/bin/../lib/gcc/msp430/4.6.3/../../../../msp430/lib\libc.a(strncmp.o)
 .debug_abbrev  0x00003b68       0x7e c:/program files (x86)/energia-0101e0014/hardware/tools/msp430/bin/../lib/gcc/msp430/4.6.3/../../../../msp430/lib\libc.a(strcpy.o)
 .debug_abbrev  0x00003be6       0x94 c:/program files (x86)/energia-0101e0014/hardware/tools/msp430/bin/../lib/gcc/msp430/4.6.3/../../../../msp430/lib\libc.a(strncpy.o)
 .debug_abbrev  0x00003c7a       0x97 c:/program files (x86)/energia-0101e0014/hardware/tools/msp430/bin/../lib/gcc/msp430/4.6.3/../../../../msp430/lib\libc.a(memcpy.o)
 .debug_abbrev  0x00003d11       0x97 c:/program files (x86)/energia-0101e0014/hardware/tools/msp430/bin/../lib/gcc/msp430/4.6.3/../../../../msp430/lib\libc.a(memmove.o)
 .debug_abbrev  0x00003da8       0x7e c:/program files (x86)/energia-0101e0014/hardware/tools/msp430/bin/../lib/gcc/msp430/4.6.3/../../../../msp430/lib\libc.a(strrchr.o)
 .debug_abbrev  0x00003e26       0x8b c:/program files (x86)/energia-0101e0014/hardware/tools/msp430/bin/../lib/gcc/msp430/4.6.3/../../../../msp430/lib\libc.a(strstr.o)
 .debug_abbrev  0x00003eb1       0x60 c:/program files (x86)/energia-0101e0014/hardware/tools/msp430/bin/../lib/gcc/msp430/4.6.3/../../../../msp430/lib\libc.a(atol.o)
 .debug_abbrev  0x00003f11      0x104 c:/program files (x86)/energia-0101e0014/hardware/tools/msp430/bin/../lib/gcc/msp430/4.6.3/../../../../msp430/lib\libc.a(malloc.o)
 .debug_abbrev  0x00004015      0x112 c:/program files (x86)/energia-0101e0014/hardware/tools/msp430/bin/../lib/gcc/msp430/4.6.3/../../../../msp430/lib\libc.a(strtol.o)
 .debug_abbrev  0x00004127      0x105 c:/program files (x86)/energia-0101e0014/hardware/tools/msp430/bin/../lib/gcc/msp430/4.6.3/../../../../msp430/lib\libc.a(sprintf.o)
 .debug_abbrev  0x0000422c      0x1ef c:/program files (x86)/energia-0101e0014/hardware/tools/msp430/bin/../lib/gcc/msp430/4.6.3/../../../../msp430/lib\libc.a(vuprintf.o)
 .debug_abbrev  0x0000441b       0x30 c:/program files (x86)/energia-0101e0014/hardware/tools/msp430/bin/../lib/gcc/msp430/4.6.3/../../../../msp430/lib\libc.a(errno.o)
 .debug_abbrev  0x0000444b       0x14 c:/program files (x86)/energia-0101e0014/hardware/tools/msp430/bin/../lib/gcc/msp430/4.6.3\libgcc.a(_divmod32.o)
 .debug_abbrev  0x0000445f       0x14 c:/program files (x86)/energia-0101e0014/hardware/tools/msp430/bin/../lib/gcc/msp430/4.6.3\libgcc.a(_udivmod64.o)
 .debug_abbrev  0x00004473       0x14 c:/program files (x86)/energia-0101e0014/hardware/tools/msp430/bin/../lib/gcc/msp430/4.6.3\libcrt0.a(__watchdog_support.o)
 .debug_abbrev  0x00004487       0x14 c:/program files (x86)/energia-0101e0014/hardware/tools/msp430/bin/../lib/gcc/msp430/4.6.3\libcrt0.a(__init_stack.o)
 .debug_abbrev  0x0000449b       0x14 c:/program files (x86)/energia-0101e0014/hardware/tools/msp430/bin/../lib/gcc/msp430/4.6.3\libcrt0.a(_copy_data.o)
 .debug_abbrev  0x000044af       0x14 c:/program files (x86)/energia-0101e0014/hardware/tools/msp430/bin/../lib/gcc/msp430/4.6.3\libcrt0.a(_clear_bss.o)
 .debug_abbrev  0x000044c3       0x14 c:/program files (x86)/energia-0101e0014/hardware/tools/msp430/bin/../lib/gcc/msp430/4.6.3\libcrt0.a(_endless_loop__.o)
 .debug_abbrev  0x000044d7       0x14 c:/program files (x86)/energia-0101e0014/hardware/tools/msp430/bin/../lib/gcc/msp430/4.6.3\libcrt0.a(_unexpected_.o)
 .debug_abbrev  0x000044eb       0x14 c:/program files (x86)/energia-0101e0014/hardware/tools/msp430/bin/../lib/gcc/msp430/4.6.3\libcrt0.a(_ctors430.o)
 .debug_abbrev  0x000044ff       0x14 c:/program files (x86)/energia-0101e0014/hardware/tools/msp430/bin/../lib/gcc/msp430/4.6.3\libcrt0.a(_dtors430.o)

.debug_line     0x00000000     0x4d4a
 *(.debug_line)
 .debug_line    0x00000000      0x2a5 ./Enrf24_WiFi.o
 .debug_line    0x000002a5      0x6f6 C:/Users/opeRaptor/workspace_v6_0/lpmsp430g2553_Enrf24/Debug\liblpmsp430g2553_Enrf24.a(Enrf24.o)
 .debug_line    0x0000099b      0x1a3 C:/Users/opeRaptor/workspace_v6_0/lpmsp430g2553_SPI/Debug\liblpmsp430g2553_SPI.a(SPI.o)
 .debug_line    0x00000b3e      0x1e4 C:/Users/opeRaptor/workspace_v6_0/lpmsp430g2553_SPI/Debug\liblpmsp430g2553_SPI.a(usci_spi.o)
 .debug_line    0x00000d22      0x2c8 C:/Users/opeRaptor/workspace_v6_0/lpmsp430g2553_core/Debug\liblpmsp430g2553_core.a(wiring.o)
 .debug_line    0x00000fea      0x1fa C:/Users/opeRaptor/workspace_v6_0/lpmsp430g2553_core/Debug\liblpmsp430g2553_core.a(wiring_digital.o)
 .debug_line    0x000011e4      0x334 C:/Users/opeRaptor/workspace_v6_0/lpmsp430g2553_core/Debug\liblpmsp430g2553_core.a(HardwareSerial.o)
 .debug_line    0x00001518      0x161 C:/Users/opeRaptor/workspace_v6_0/lpmsp430g2553_core/Debug\liblpmsp430g2553_core.a(main.o)
 .debug_line    0x00001679      0x3c6 C:/Users/opeRaptor/workspace_v6_0/lpmsp430g2553_core/Debug\liblpmsp430g2553_core.a(Print.o)
 .debug_line    0x00001a3f      0x385 C:/Users/opeRaptor/workspace_v6_0/lpmsp430g2553_core/Debug\liblpmsp430g2553_core.a(Stream.o)
 .debug_line    0x00001dc4      0x7e1 C:/Users/opeRaptor/workspace_v6_0/lpmsp430g2553_core/Debug\liblpmsp430g2553_core.a(WString.o)
 .debug_line    0x000025a5       0xd7 C:/Users/opeRaptor/workspace_v6_0/lpmsp430g2553_core/Debug\liblpmsp430g2553_core.a(atof.o)
 .debug_line    0x0000267c      0x11f C:/Users/opeRaptor/workspace_v6_0/lpmsp430g2553_core/Debug\liblpmsp430g2553_core.a(dtostrf.o)
 .debug_line    0x0000279b       0xf2 C:/Users/opeRaptor/workspace_v6_0/lpmsp430g2553_core/Debug\liblpmsp430g2553_core.a(itoa.o)
 .debug_line    0x0000288d      0x1b2 C:/Users/opeRaptor/workspace_v6_0/lpmsp430g2553_core/Debug\liblpmsp430g2553_core.a(usci_isr_handler.o)
 .debug_line    0x00002a3f      0x138 C:/Users/opeRaptor/workspace_v6_0/lpmsp430g2553_core/Debug\liblpmsp430g2553_core.a(new.o)
 .debug_line    0x00002b77      0x2a5 C:/Users/opeRaptor/workspace_v6_0/lpmsp430g2553_core/Debug\liblpmsp430g2553_core.a(twi.o)
 .debug_line    0x00002e1c      0x1c6 c:/program files (x86)/energia-0101e0014/hardware/tools/msp430/bin/../lib/gcc/msp430/4.6.3/../../../../msp430/lib\libm.a(ef_pow.o)
 .debug_line    0x00002fe2       0x97 c:/program files (x86)/energia-0101e0014/hardware/tools/msp430/bin/../lib/gcc/msp430/4.6.3/../../../../msp430/lib\libm.a(sf_scalbn.o)
 .debug_line    0x00003079       0xb7 c:/program files (x86)/energia-0101e0014/hardware/tools/msp430/bin/../lib/gcc/msp430/4.6.3/../../../../msp430/lib\libm.a(ef_sqrt.o)
 .debug_line    0x00003130       0x73 c:/program files (x86)/energia-0101e0014/hardware/tools/msp430/bin/../lib/gcc/msp430/4.6.3\libgcc.a(_mulqi3.o)
 .debug_line    0x000031a3       0x74 c:/program files (x86)/energia-0101e0014/hardware/tools/msp430/bin/../lib/gcc/msp430/4.6.3\libgcc.a(_mulhi3.o)
 .debug_line    0x00003217       0x7e c:/program files (x86)/energia-0101e0014/hardware/tools/msp430/bin/../lib/gcc/msp430/4.6.3\libgcc.a(_mulsi3.o)
 .debug_line    0x00003295       0x77 c:/program files (x86)/energia-0101e0014/hardware/tools/msp430/bin/../lib/gcc/msp430/4.6.3\libgcc.a(_udivmod16.o)
 .debug_line    0x0000330c       0x86 c:/program files (x86)/energia-0101e0014/hardware/tools/msp430/bin/../lib/gcc/msp430/4.6.3\libgcc.a(_udivmod32.o)
 .debug_line    0x00003392       0x6f c:/program files (x86)/energia-0101e0014/hardware/tools/msp430/bin/../lib/gcc/msp430/4.6.3\libgcc.a(_fixunssfsi.o)
 .debug_line    0x00003401      0x117 c:/program files (x86)/energia-0101e0014/hardware/tools/msp430/bin/../lib/gcc/msp430/4.6.3\libgcc.a(_addsub_sf.o)
 .debug_line    0x00003518      0x10f c:/program files (x86)/energia-0101e0014/hardware/tools/msp430/bin/../lib/gcc/msp430/4.6.3\libgcc.a(_mul_sf.o)
 .debug_line    0x00003627       0xd1 c:/program files (x86)/energia-0101e0014/hardware/tools/msp430/bin/../lib/gcc/msp430/4.6.3\libgcc.a(_div_sf.o)
 .debug_line    0x000036f8       0x89 c:/program files (x86)/energia-0101e0014/hardware/tools/msp430/bin/../lib/gcc/msp430/4.6.3\libgcc.a(_gt_sf.o)
 .debug_line    0x00003781       0x89 c:/program files (x86)/energia-0101e0014/hardware/tools/msp430/bin/../lib/gcc/msp430/4.6.3\libgcc.a(_ge_sf.o)
 .debug_line    0x0000380a       0x89 c:/program files (x86)/energia-0101e0014/hardware/tools/msp430/bin/../lib/gcc/msp430/4.6.3\libgcc.a(_lt_sf.o)
 .debug_line    0x00003893       0x89 c:/program files (x86)/energia-0101e0014/hardware/tools/msp430/bin/../lib/gcc/msp430/4.6.3\libgcc.a(_le_sf.o)
 .debug_line    0x0000391c       0xa1 c:/program files (x86)/energia-0101e0014/hardware/tools/msp430/bin/../lib/gcc/msp430/4.6.3\libgcc.a(_si_to_sf.o)
 .debug_line    0x000039bd       0x97 c:/program files (x86)/energia-0101e0014/hardware/tools/msp430/bin/../lib/gcc/msp430/4.6.3\libgcc.a(_sf_to_si.o)
 .debug_line    0x00003a54       0x6c c:/program files (x86)/energia-0101e0014/hardware/tools/msp430/bin/../lib/gcc/msp430/4.6.3\libgcc.a(_thenan_sf.o)
 .debug_line    0x00003ac0       0x9e c:/program files (x86)/energia-0101e0014/hardware/tools/msp430/bin/../lib/gcc/msp430/4.6.3\libgcc.a(_usi_to_sf.o)
 .debug_line    0x00003b5e       0x99 c:/program files (x86)/energia-0101e0014/hardware/tools/msp430/bin/../lib/gcc/msp430/4.6.3\libgcc.a(_clzsi2.o)
 .debug_line    0x00003bf7       0xda c:/program files (x86)/energia-0101e0014/hardware/tools/msp430/bin/../lib/gcc/msp430/4.6.3\libgcc.a(_pack_sf.o)
 .debug_line    0x00003cd1       0xb5 c:/program files (x86)/energia-0101e0014/hardware/tools/msp430/bin/../lib/gcc/msp430/4.6.3\libgcc.a(_unpack_sf.o)
 .debug_line    0x00003d86       0xc0 c:/program files (x86)/energia-0101e0014/hardware/tools/msp430/bin/../lib/gcc/msp430/4.6.3\libgcc.a(_fpcmp_parts_sf.o)
 .debug_line    0x00003e46       0x5b c:/program files (x86)/energia-0101e0014/hardware/tools/msp430/bin/../lib/gcc/msp430/4.6.3\libgcc.a(_clz.o)
 .debug_line    0x00003ea1       0x44 c:/program files (x86)/energia-0101e0014/hardware/tools/msp430/bin/../lib/gcc/msp430/4.6.3/../../../../msp430/lib\libc.a(strchr.o)
 .debug_line    0x00003ee5       0x49 c:/program files (x86)/energia-0101e0014/hardware/tools/msp430/bin/../lib/gcc/msp430/4.6.3/../../../../msp430/lib\libc.a(strcmp.o)
 .debug_line    0x00003f2e       0x82 c:/program files (x86)/energia-0101e0014/hardware/tools/msp430/bin/../lib/gcc/msp430/4.6.3/../../../../msp430/lib\libc.a(strncmp.o)
 .debug_line    0x00003fb0       0x4d c:/program files (x86)/energia-0101e0014/hardware/tools/msp430/bin/../lib/gcc/msp430/4.6.3/../../../../msp430/lib\libc.a(strcpy.o)
 .debug_line    0x00003ffd       0x85 c:/program files (x86)/energia-0101e0014/hardware/tools/msp430/bin/../lib/gcc/msp430/4.6.3/../../../../msp430/lib\libc.a(strncpy.o)
 .debug_line    0x00004082       0xf6 c:/program files (x86)/energia-0101e0014/hardware/tools/msp430/bin/../lib/gcc/msp430/4.6.3/../../../../msp430/lib\libc.a(memcpy.o)
 .debug_line    0x00004178       0xf6 c:/program files (x86)/energia-0101e0014/hardware/tools/msp430/bin/../lib/gcc/msp430/4.6.3/../../../../msp430/lib\libc.a(memmove.o)
 .debug_line    0x0000426e       0x47 c:/program files (x86)/energia-0101e0014/hardware/tools/msp430/bin/../lib/gcc/msp430/4.6.3/../../../../msp430/lib\libc.a(strrchr.o)
 .debug_line    0x000042b5       0x86 c:/program files (x86)/energia-0101e0014/hardware/tools/msp430/bin/../lib/gcc/msp430/4.6.3/../../../../msp430/lib\libc.a(strstr.o)
 .debug_line    0x0000433b       0x3d c:/program files (x86)/energia-0101e0014/hardware/tools/msp430/bin/../lib/gcc/msp430/4.6.3/../../../../msp430/lib\libc.a(atol.o)
 .debug_line    0x00004378       0xce c:/program files (x86)/energia-0101e0014/hardware/tools/msp430/bin/../lib/gcc/msp430/4.6.3/../../../../msp430/lib\libc.a(malloc.o)
 .debug_line    0x00004446      0x10b c:/program files (x86)/energia-0101e0014/hardware/tools/msp430/bin/../lib/gcc/msp430/4.6.3/../../../../msp430/lib\libc.a(strtol.o)
 .debug_line    0x00004551       0xa9 c:/program files (x86)/energia-0101e0014/hardware/tools/msp430/bin/../lib/gcc/msp430/4.6.3/../../../../msp430/lib\libc.a(sprintf.o)
 .debug_line    0x000045fa      0x2df c:/program files (x86)/energia-0101e0014/hardware/tools/msp430/bin/../lib/gcc/msp430/4.6.3/../../../../msp430/lib\libc.a(vuprintf.o)
 .debug_line    0x000048d9       0x31 c:/program files (x86)/energia-0101e0014/hardware/tools/msp430/bin/../lib/gcc/msp430/4.6.3/../../../../msp430/lib\libc.a(errno.o)
 .debug_line    0x0000490a       0x8b c:/program files (x86)/energia-0101e0014/hardware/tools/msp430/bin/../lib/gcc/msp430/4.6.3\libgcc.a(_divmod32.o)
 .debug_line    0x00004995       0xcc c:/program files (x86)/energia-0101e0014/hardware/tools/msp430/bin/../lib/gcc/msp430/4.6.3\libgcc.a(_udivmod64.o)
 .debug_line    0x00004a61       0x5c c:/program files (x86)/energia-0101e0014/hardware/tools/msp430/bin/../lib/gcc/msp430/4.6.3\libcrt0.a(__watchdog_support.o)
 .debug_line    0x00004abd       0x5a c:/program files (x86)/energia-0101e0014/hardware/tools/msp430/bin/../lib/gcc/msp430/4.6.3\libcrt0.a(__init_stack.o)
 .debug_line    0x00004b17       0x60 c:/program files (x86)/energia-0101e0014/hardware/tools/msp430/bin/../lib/gcc/msp430/4.6.3\libcrt0.a(_copy_data.o)
 .debug_line    0x00004b77       0x60 c:/program files (x86)/energia-0101e0014/hardware/tools/msp430/bin/../lib/gcc/msp430/4.6.3\libcrt0.a(_clear_bss.o)
 .debug_line    0x00004bd7       0x5b c:/program files (x86)/energia-0101e0014/hardware/tools/msp430/bin/../lib/gcc/msp430/4.6.3\libcrt0.a(_endless_loop__.o)
 .debug_line    0x00004c32       0x5a c:/program files (x86)/energia-0101e0014/hardware/tools/msp430/bin/../lib/gcc/msp430/4.6.3\libcrt0.a(_unexpected_.o)
 .debug_line    0x00004c8c       0x5f c:/program files (x86)/energia-0101e0014/hardware/tools/msp430/bin/../lib/gcc/msp430/4.6.3\libcrt0.a(_ctors430.o)
 .debug_line    0x00004ceb       0x5f c:/program files (x86)/energia-0101e0014/hardware/tools/msp430/bin/../lib/gcc/msp430/4.6.3\libcrt0.a(_dtors430.o)

.debug_frame    0x00000000     0x1aa6
 *(.debug_frame)
 .debug_frame   0x00000000       0x84 ./Enrf24_WiFi.o
 .debug_frame   0x00000084      0x366 C:/Users/opeRaptor/workspace_v6_0/lpmsp430g2553_Enrf24/Debug\liblpmsp430g2553_Enrf24.a(Enrf24.o)
 .debug_frame   0x000003ea       0x4e C:/Users/opeRaptor/workspace_v6_0/lpmsp430g2553_SPI/Debug\liblpmsp430g2553_SPI.a(SPI.o)
 .debug_frame   0x00000438       0x5a C:/Users/opeRaptor/workspace_v6_0/lpmsp430g2553_SPI/Debug\liblpmsp430g2553_SPI.a(usci_spi.o)
 .debug_frame   0x00000492      0x110 C:/Users/opeRaptor/workspace_v6_0/lpmsp430g2553_core/Debug\liblpmsp430g2553_core.a(wiring.o)
 .debug_frame   0x000005a2       0x70 C:/Users/opeRaptor/workspace_v6_0/lpmsp430g2553_core/Debug\liblpmsp430g2553_core.a(wiring_digital.o)
 .debug_frame   0x00000612       0xce C:/Users/opeRaptor/workspace_v6_0/lpmsp430g2553_core/Debug\liblpmsp430g2553_core.a(HardwareSerial.o)
 .debug_frame   0x000006e0       0x1e C:/Users/opeRaptor/workspace_v6_0/lpmsp430g2553_core/Debug\liblpmsp430g2553_core.a(main.o)
 .debug_frame   0x000006fe      0x24a C:/Users/opeRaptor/workspace_v6_0/lpmsp430g2553_core/Debug\liblpmsp430g2553_core.a(Print.o)
 .debug_frame   0x00000948      0x1d4 C:/Users/opeRaptor/workspace_v6_0/lpmsp430g2553_core/Debug\liblpmsp430g2553_core.a(Stream.o)
 .debug_frame   0x00000b1c      0x5f4 C:/Users/opeRaptor/workspace_v6_0/lpmsp430g2553_core/Debug\liblpmsp430g2553_core.a(WString.o)
 .debug_frame   0x00001110       0x4a C:/Users/opeRaptor/workspace_v6_0/lpmsp430g2553_core/Debug\liblpmsp430g2553_core.a(atof.o)
 .debug_frame   0x0000115a       0x54 C:/Users/opeRaptor/workspace_v6_0/lpmsp430g2553_core/Debug\liblpmsp430g2553_core.a(dtostrf.o)
 .debug_frame   0x000011ae       0xa0 C:/Users/opeRaptor/workspace_v6_0/lpmsp430g2553_core/Debug\liblpmsp430g2553_core.a(itoa.o)
 .debug_frame   0x0000124e       0x5e C:/Users/opeRaptor/workspace_v6_0/lpmsp430g2553_core/Debug\liblpmsp430g2553_core.a(usci_isr_handler.o)
 .debug_frame   0x000012ac       0x5a C:/Users/opeRaptor/workspace_v6_0/lpmsp430g2553_core/Debug\liblpmsp430g2553_core.a(new.o)
 .debug_frame   0x00001306       0x90 C:/Users/opeRaptor/workspace_v6_0/lpmsp430g2553_core/Debug\liblpmsp430g2553_core.a(twi.o)
 .debug_frame   0x00001396       0x56 c:/program files (x86)/energia-0101e0014/hardware/tools/msp430/bin/../lib/gcc/msp430/4.6.3/../../../../msp430/lib\libm.a(ef_pow.o)
 .debug_frame   0x000013ec       0x44 c:/program files (x86)/energia-0101e0014/hardware/tools/msp430/bin/../lib/gcc/msp430/4.6.3/../../../../msp430/lib\libm.a(sf_scalbn.o)
 .debug_frame   0x00001430       0x62 c:/program files (x86)/energia-0101e0014/hardware/tools/msp430/bin/../lib/gcc/msp430/4.6.3/../../../../msp430/lib\libm.a(ef_sqrt.o)
 .debug_frame   0x00001492       0x28 c:/program files (x86)/energia-0101e0014/hardware/tools/msp430/bin/../lib/gcc/msp430/4.6.3\libgcc.a(_fixunssfsi.o)
 .debug_frame   0x000014ba       0x6a c:/program files (x86)/energia-0101e0014/hardware/tools/msp430/bin/../lib/gcc/msp430/4.6.3\libgcc.a(_addsub_sf.o)
 .debug_frame   0x00001524       0x4a c:/program files (x86)/energia-0101e0014/hardware/tools/msp430/bin/../lib/gcc/msp430/4.6.3\libgcc.a(_mul_sf.o)
 .debug_frame   0x0000156e       0x3a c:/program files (x86)/energia-0101e0014/hardware/tools/msp430/bin/../lib/gcc/msp430/4.6.3\libgcc.a(_div_sf.o)
 .debug_frame   0x000015a8       0x22 c:/program files (x86)/energia-0101e0014/hardware/tools/msp430/bin/../lib/gcc/msp430/4.6.3\libgcc.a(_gt_sf.o)
 .debug_frame   0x000015ca       0x22 c:/program files (x86)/energia-0101e0014/hardware/tools/msp430/bin/../lib/gcc/msp430/4.6.3\libgcc.a(_ge_sf.o)
 .debug_frame   0x000015ec       0x22 c:/program files (x86)/energia-0101e0014/hardware/tools/msp430/bin/../lib/gcc/msp430/4.6.3\libgcc.a(_lt_sf.o)
 .debug_frame   0x0000160e       0x22 c:/program files (x86)/energia-0101e0014/hardware/tools/msp430/bin/../lib/gcc/msp430/4.6.3\libgcc.a(_le_sf.o)
 .debug_frame   0x00001630       0x2c c:/program files (x86)/energia-0101e0014/hardware/tools/msp430/bin/../lib/gcc/msp430/4.6.3\libgcc.a(_si_to_sf.o)
 .debug_frame   0x0000165c       0x22 c:/program files (x86)/energia-0101e0014/hardware/tools/msp430/bin/../lib/gcc/msp430/4.6.3\libgcc.a(_sf_to_si.o)
 .debug_frame   0x0000167e       0x36 c:/program files (x86)/energia-0101e0014/hardware/tools/msp430/bin/../lib/gcc/msp430/4.6.3\libgcc.a(_usi_to_sf.o)
 .debug_frame   0x000016b4       0x2e c:/program files (x86)/energia-0101e0014/hardware/tools/msp430/bin/../lib/gcc/msp430/4.6.3\libgcc.a(_clzsi2.o)
 .debug_frame   0x000016e2       0x38 c:/program files (x86)/energia-0101e0014/hardware/tools/msp430/bin/../lib/gcc/msp430/4.6.3\libgcc.a(_pack_sf.o)
 .debug_frame   0x0000171a       0x28 c:/program files (x86)/energia-0101e0014/hardware/tools/msp430/bin/../lib/gcc/msp430/4.6.3\libgcc.a(_unpack_sf.o)
 .debug_frame   0x00001742       0x24 c:/program files (x86)/energia-0101e0014/hardware/tools/msp430/bin/../lib/gcc/msp430/4.6.3\libgcc.a(_fpcmp_parts_sf.o)
 .debug_frame   0x00001766       0x1e c:/program files (x86)/energia-0101e0014/hardware/tools/msp430/bin/../lib/gcc/msp430/4.6.3/../../../../msp430/lib\libc.a(strchr.o)
 .debug_frame   0x00001784       0x1e c:/program files (x86)/energia-0101e0014/hardware/tools/msp430/bin/../lib/gcc/msp430/4.6.3/../../../../msp430/lib\libc.a(strcmp.o)
 .debug_frame   0x000017a2       0x24 c:/program files (x86)/energia-0101e0014/hardware/tools/msp430/bin/../lib/gcc/msp430/4.6.3/../../../../msp430/lib\libc.a(strncmp.o)
 .debug_frame   0x000017c6       0x1e c:/program files (x86)/energia-0101e0014/hardware/tools/msp430/bin/../lib/gcc/msp430/4.6.3/../../../../msp430/lib\libc.a(strcpy.o)
 .debug_frame   0x000017e4       0x24 c:/program files (x86)/energia-0101e0014/hardware/tools/msp430/bin/../lib/gcc/msp430/4.6.3/../../../../msp430/lib\libc.a(strncpy.o)
 .debug_frame   0x00001808       0x38 c:/program files (x86)/energia-0101e0014/hardware/tools/msp430/bin/../lib/gcc/msp430/4.6.3/../../../../msp430/lib\libc.a(memcpy.o)
 .debug_frame   0x00001840       0x38 c:/program files (x86)/energia-0101e0014/hardware/tools/msp430/bin/../lib/gcc/msp430/4.6.3/../../../../msp430/lib\libc.a(memmove.o)