Archive member included because of file (symbol)

C:/Users/opeRaptor/workspace_v6_0/lpmsp430g2553_Enrf24/Debug\liblpmsp430g2553_Enrf24.a(Enrf24.o)
                              ./Enrf24_TXdemo.o (Enrf24::radioState())
C:/Users/opeRaptor/workspace_v6_0/lpmsp430g2553_SPI/Debug\liblpmsp430g2553_SPI.a(SPI.o)
                              ./Enrf24_TXdemo.o (SPIClass::begin())
C:/Users/opeRaptor/workspace_v6_0/lpmsp430g2553_SPI/Debug\liblpmsp430g2553_SPI.a(usci_spi.o)
                              C:/Users/opeRaptor/workspace_v6_0/lpmsp430g2553_SPI/Debug\liblpmsp430g2553_SPI.a(SPI.o) (spi_initialize())
C:/Users/opeRaptor/workspace_v6_0/lpmsp430g2553_core/Debug\liblpmsp430g2553_core.a(wiring.o)
                              C:/Users/opeRaptor/workspace_v6_0/lpmsp430g2553_Enrf24/Debug\liblpmsp430g2553_Enrf24.a(Enrf24.o) (millis)
C:/Users/opeRaptor/workspace_v6_0/lpmsp430g2553_core/Debug\liblpmsp430g2553_core.a(wiring_analog.o)
                              ./Enrf24_TXdemo.o (analogRead)
C:/Users/opeRaptor/workspace_v6_0/lpmsp430g2553_core/Debug\liblpmsp430g2553_core.a(wiring_digital.o)
                              C:/Users/opeRaptor/workspace_v6_0/lpmsp430g2553_Enrf24/Debug\liblpmsp430g2553_Enrf24.a(Enrf24.o) (pinMode)
C:/Users/opeRaptor/workspace_v6_0/lpmsp430g2553_core/Debug\liblpmsp430g2553_core.a(HardwareSerial.o)
                              ./Enrf24_TXdemo.o (Serial)
C:/Users/opeRaptor/workspace_v6_0/lpmsp430g2553_core/Debug\liblpmsp430g2553_core.a(main.o)
                              (main)
C:/Users/opeRaptor/workspace_v6_0/lpmsp430g2553_core/Debug\liblpmsp430g2553_core.a(Print.o)
                              C:/Users/opeRaptor/workspace_v6_0/lpmsp430g2553_Enrf24/Debug\liblpmsp430g2553_Enrf24.a(Enrf24.o) (Print::write(unsigned char const*, unsigned int))
C:/Users/opeRaptor/workspace_v6_0/lpmsp430g2553_core/Debug\liblpmsp430g2553_core.a(WString.o)
                              C:/Users/opeRaptor/workspace_v6_0/lpmsp430g2553_core/Debug\liblpmsp430g2553_core.a(Print.o) (String::operator[](unsigned int) const)
C:/Users/opeRaptor/workspace_v6_0/lpmsp430g2553_core/Debug\liblpmsp430g2553_core.a(atof.o)
                              C:/Users/opeRaptor/workspace_v6_0/lpmsp430g2553_core/Debug\liblpmsp430g2553_core.a(WString.o) (atof)
C:/Users/opeRaptor/workspace_v6_0/lpmsp430g2553_core/Debug\liblpmsp430g2553_core.a(dtostrf.o)
                              C:/Users/opeRaptor/workspace_v6_0/lpmsp430g2553_core/Debug\liblpmsp430g2553_core.a(WString.o) (dtostrf)
C:/Users/opeRaptor/workspace_v6_0/lpmsp430g2553_core/Debug\liblpmsp430g2553_core.a(itoa.o)
                              C:/Users/opeRaptor/workspace_v6_0/lpmsp430g2553_core/Debug\liblpmsp430g2553_core.a(WString.o) (ltoa)
C:/Users/opeRaptor/workspace_v6_0/lpmsp430g2553_core/Debug\liblpmsp430g2553_core.a(usci_isr_handler.o)
                              C:/Users/opeRaptor/workspace_v6_0/lpmsp430g2553_core/Debug\liblpmsp430g2553_core.a(HardwareSerial.o) (usci_isr_install)
C:/Users/opeRaptor/workspace_v6_0/lpmsp430g2553_core/Debug\liblpmsp430g2553_core.a(new.o)
                              C:/Users/opeRaptor/workspace_v6_0/lpmsp430g2553_core/Debug\liblpmsp430g2553_core.a(Print.o) (__cxa_pure_virtual)
C:/Users/opeRaptor/workspace_v6_0/lpmsp430g2553_core/Debug\liblpmsp430g2553_core.a(twi.o)
                              C:/Users/opeRaptor/workspace_v6_0/lpmsp430g2553_core/Debug\liblpmsp430g2553_core.a(usci_isr_handler.o) (i2c_txrx_isr)
c:/program files (x86)/energia-0101e0014/hardware/tools/msp430/bin/../lib/gcc/msp430/4.6.3/../../../../msp430/lib\libm.a(ef_pow.o)
                              C:/Users/opeRaptor/workspace_v6_0/lpmsp430g2553_core/Debug\liblpmsp430g2553_core.a(dtostrf.o) (powf)
c:/program files (x86)/energia-0101e0014/hardware/tools/msp430/bin/../lib/gcc/msp430/4.6.3/../../../../msp430/lib\libm.a(sf_scalbn.o)
                              c:/program files (x86)/energia-0101e0014/hardware/tools/msp430/bin/../lib/gcc/msp430/4.6.3/../../../../msp430/lib\libm.a(ef_pow.o) (scalbnf)
c:/program files (x86)/energia-0101e0014/hardware/tools/msp430/bin/../lib/gcc/msp430/4.6.3/../../../../msp430/lib\libm.a(ef_sqrt.o)
                              c:/program files (x86)/energia-0101e0014/hardware/tools/msp430/bin/../lib/gcc/msp430/4.6.3/../../../../msp430/lib\libm.a(ef_pow.o) (__ieee754_sqrtf)
c:/program files (x86)/energia-0101e0014/hardware/tools/msp430/bin/../lib/gcc/msp430/4.6.3\libgcc.a(_mulqi3.o)
                              C:/Users/opeRaptor/workspace_v6_0/lpmsp430g2553_core/Debug\liblpmsp430g2553_core.a(Print.o) (__mulqi3)
c:/program files (x86)/energia-0101e0014/hardware/tools/msp430/bin/../lib/gcc/msp430/4.6.3\libgcc.a(_mulhi3.o)
                              C:/Users/opeRaptor/workspace_v6_0/lpmsp430g2553_core/Debug\liblpmsp430g2553_core.a(wiring.o) (__mulhi3)
c:/program files (x86)/energia-0101e0014/hardware/tools/msp430/bin/../lib/gcc/msp430/4.6.3\libgcc.a(_mulsi3.o)
[...]
Memory Configuration

Name             Origin             Length             Attributes
sfr              0x00000000         0x00000010
peripheral_8bit  0x00000010         0x000000f0
peripheral_16bit 0x00000100         0x00000100
ram              0x00000200         0x00000200         xw
infomem          0x00001000         0x00000100
infod            0x00001000         0x00000040
infoc            0x00001040         0x00000040
infob            0x00001080         0x00000040
infoa            0x000010c0         0x00000040
rom              0x0000c000         0x00003fe0         xr
vectors          0x0000ffe0         0x00000020
bsl              0x00000000         0x00000000
ram2             0x00000000         0x00000000         xw
ram_mirror       0x00000000         0x00000000         xw
usbram           0x00000000         0x00000000         xw
far_rom          0x00000000         0x00000000
*default*        0x00000000         0xffffffff

Linker script and memory map

LOAD c:/program files (x86)/energia-0101e0014/hardware/tools/msp430/bin/../lib/gcc/msp430/4.6.3/crt0ivtbl16.o
LOAD ./Enrf24_TXdemo.o
START GROUP
LOAD C:/Users/opeRaptor/workspace_v6_0/lpmsp430g2553_Enrf24/Debug\liblpmsp430g2553_Enrf24.a
LOAD C:/Users/opeRaptor/workspace_v6_0/lpmsp430g2553_SPI/Debug\liblpmsp430g2553_SPI.a
LOAD C:/Users/opeRaptor/workspace_v6_0/lpmsp430g2553_core/Debug\liblpmsp430g2553_core.a
LOAD c:/program files (x86)/energia-0101e0014/hardware/tools/msp430/bin/../lib/gcc/msp430/4.6.3/../../../../msp430/lib\libm.a
END GROUP
LOAD c:/program files (x86)/energia-0101e0014/hardware/tools/msp430/bin/../lib/gcc/msp430/4.6.3\libgcc.a
LOAD c:/program files (x86)/energia-0101e0014/hardware/tools/msp430/bin/../lib/gcc/msp430/4.6.3/../../../../msp430/lib\libc.a
LOAD c:/program files (x86)/energia-0101e0014/hardware/tools/msp430/bin/../lib/gcc/msp430/4.6.3\libgcc.a
LOAD c:/program files (x86)/energia-0101e0014/hardware/tools/msp430/bin/../lib/gcc/msp430/4.6.3\libcrt0.a
                0x00000040                PROVIDE (__info_segment_size, 0x40)
                0x00001000                PROVIDE (__infod, 0x1000)
                0x00001040                PROVIDE (__infoc, 0x1040)
                0x00001080                PROVIDE (__infob, 0x1080)
                0x000010c0                PROVIDE (__infoa, 0x10c0)
                0x00000000                __IE1 = 0x0
                0x00000002                __IFG1 = 0x2
                0x00000001                __IE2 = 0x1
                0x00000003                __IFG2 = 0x3
                0x00000048                __ADC10DTC0 = 0x48
                0x00000049                __ADC10DTC1 = 0x49
                0x0000004a                __ADC10AE0 = 0x4a
                0x000001b0                __ADC10CTL0 = 0x1b0
                0x000001b2                __ADC10CTL1 = 0x1b2
                0x000001b4                __ADC10MEM = 0x1b4
                0x000001bc                __ADC10SA = 0x1bc
                0x00000056                __DCOCTL = 0x56
                0x00000057                __BCSCTL1 = 0x57
                0x00000058                __BCSCTL2 = 0x58
                0x00000053                __BCSCTL3 = 0x53
                0x00000059                __CACTL1 = 0x59
                0x0000005a                __CACTL2 = 0x5a
                0x0000005b                __CAPD = 0x5b
                0x00000128                __FCTL1 = 0x128
                0x0000012a                __FCTL2 = 0x12a
                0x0000012c                __FCTL3 = 0x12c
                0x00000020                __P1IN = 0x20
                0x00000021                __P1OUT = 0x21
                0x00000022                __P1DIR = 0x22
                0x00000023                __P1IFG = 0x23
                0x00000024                __P1IES = 0x24
                0x00000025                __P1IE = 0x25
                0x00000026                __P1SEL = 0x26
                0x00000041                __P1SEL2 = 0x41
                0x00000027                __P1REN = 0x27
                0x00000028                __P2IN = 0x28
                0x00000029                __P2OUT = 0x29
                0x0000002a                __P2DIR = 0x2a
                0x0000002b                __P2IFG = 0x2b
                0x0000002c                __P2IES = 0x2c
                0x0000002d                __P2IE = 0x2d
                0x0000002e                __P2SEL = 0x2e
                0x00000042                __P2SEL2 = 0x42
                0x0000002f                __P2REN = 0x2f
                0x00000018                __P3IN = 0x18
                0x00000019                __P3OUT = 0x19
                0x0000001a                __P3DIR = 0x1a
                0x0000001b                __P3SEL = 0x1b
                0x00000043                __P3SEL2 = 0x43
                0x00000010                __P3REN = 0x10
                0x0000012e                __TA0IV = 0x12e
                0x00000160                __TA0CTL = 0x160
                0x00000162                __TA0CCTL0 = 0x162
                0x00000164                __TA0CCTL1 = 0x164
                0x00000166                __TA0CCTL2 = 0x166
                0x00000170                __TA0R = 0x170
                0x00000172                __TA0CCR0 = 0x172
                0x00000174                __TA0CCR1 = 0x174
                0x00000176                __TA0CCR2 = 0x176
                0x0000011e                __TA1IV = 0x11e
                0x00000180                __TA1CTL = 0x180
                0x00000182                __TA1CCTL0 = 0x182
                0x00000184                __TA1CCTL1 = 0x184
                0x00000186                __TA1CCTL2 = 0x186
                0x00000190                __TA1R = 0x190
                0x00000192                __TA1CCR0 = 0x192
                0x00000194                __TA1CCR1 = 0x194
                0x00000196                __TA1CCR2 = 0x196
                0x00000060                __UCA0CTL0 = 0x60
                0x00000061                __UCA0CTL1 = 0x61
                0x00000062                __UCA0BR0 = 0x62
                0x00000063                __UCA0BR1 = 0x63
                0x00000064                __UCA0MCTL = 0x64
                0x00000065                __UCA0STAT = 0x65
                0x00000066                __UCA0RXBUF = 0x66
                0x00000067                __UCA0TXBUF = 0x67
                0x0000005d                __UCA0ABCTL = 0x5d
                0x0000005e                __UCA0IRTCTL = 0x5e
                0x0000005f                __UCA0IRRCTL = 0x5f
                0x00000068                __UCB0CTL0 = 0x68
                0x00000069                __UCB0CTL1 = 0x69
                0x0000006a                __UCB0BR0 = 0x6a
                0x0000006b                __UCB0BR1 = 0x6b
                0x0000006c                __UCB0I2CIE = 0x6c
                0x0000006d                __UCB0STAT = 0x6d
                0x0000006e                __UCB0RXBUF = 0x6e
                0x0000006f                __UCB0TXBUF = 0x6f
                0x00000118                __UCB0I2COA = 0x118
                0x0000011a                __UCB0I2CSA = 0x11a
                0x00000120                __WDTCTL = 0x120
                0x000010f8                __CALDCO_16MHZ = 0x10f8
                0x000010f9                __CALBC1_16MHZ = 0x10f9
                0x000010fa                __CALDCO_12MHZ = 0x10fa
                0x000010fb                __CALBC1_12MHZ = 0x10fb
                0x000010fc                __CALDCO_8MHZ = 0x10fc
                0x000010fd                __CALBC1_8MHZ = 0x10fd
                0x000010fe                __CALDCO_1MHZ = 0x10fe
                0x000010ff                __CALBC1_1MHZ = 0x10ff

.hash
 *(.hash)

.dynsym
 *(.dynsym)

.dynstr
 *(.dynstr)

.gnu.version
 *(.gnu.version)

.gnu.version_d
 *(.gnu.version_d)

.gnu.version_r
 *(.gnu.version_r)

.rel.init
 *(.rel.init)

.rela.init
 *(.rela.init)

.rel.fini
 *(.rel.fini)

.rela.fini
 *(.rela.fini)

.rel.text
 *(.rel.text .rel.text.* .rel.gnu.linkonce.t.*)

.rela.text
 *(.rela.text .rela.text.* .rela.gnu.linkonce.t.*)

.rel.rodata
 *(.rel.rodata .rel.rodata.* .rel.gnu.linkonce.r.*)

.rela.rodata
 *(.rela.rodata .rela.rodata.* .rela.gnu.linkonce.r.*)

.rel.data
 *(.rel.data .rel.data.* .rel.gnu.linkonce.d.*)

.rela.data
 *(.rela.data .rela.data.* .rela.gnu.linkonce.d.*)

.rel.bss
 *(.rel.bss .rel.bss.* .rel.gnu.linkonce.b.*)

.rela.bss
 *(.rela.bss .rela.bss.* .rela.gnu.linkonce.b.*)

.rel.ctors
 *(.rel.ctors)

.rela.ctors
 *(.rela.ctors)

.rel.dtors
 *(.rel.dtors)

.rela.dtors
 *(.rela.dtors)

.rel.got
 *(.rel.got)

.rela.got
 *(.rela.got)

.rel.plt
 *(.rel.plt)

.rela.plt
 *(.rela.plt)

.text           0x0000c000     0x13f8
                0x0000c000                . = ALIGN (0x2)
 *(.init .init.*)
 *(.init0)
 .init0         0x0000c000        0x0 c:/program files (x86)/energia-0101e0014/hardware/tools/msp430/bin/../lib/gcc/msp430/4.6.3\libcrt0.a(_reset_vector__.o)
                0x0000c000                _reset_vector__
 *(.init1)
 .init1         0x0000c000        0xc c:/program files (x86)/energia-0101e0014/hardware/tools/msp430/bin/../lib/gcc/msp430/4.6.3\libcrt0.a(__watchdog_support.o)
                0x0000c000                __watchdog_support
 *(.init2)
 .init2         0x0000c00c        0x4 c:/program files (x86)/energia-0101e0014/hardware/tools/msp430/bin/../lib/gcc/msp430/4.6.3\libcrt0.a(__init_stack.o)
                0x0000c00c                __init_stack
 *(.init3)
 .init3         0x0000c010        0x0 c:/program files (x86)/energia-0101e0014/hardware/tools/msp430/bin/../lib/gcc/msp430/4.6.3\libcrt0.a(__low_level_init.o)
                0x0000c010                __low_level_init
 *(.init4)
 .init4         0x0000c010       0x18 c:/program files (x86)/energia-0101e0014/hardware/tools/msp430/bin/../lib/gcc/msp430/4.6.3\libcrt0.a(_copy_data.o)
                0x0000c010                __do_copy_data
 .init4         0x0000c028       0x16 c:/program files (x86)/energia-0101e0014/hardware/tools/msp430/bin/../lib/gcc/msp430/4.6.3\libcrt0.a(_clear_bss.o)
                0x0000c028                __do_clear_bss
 *(.init5)
 *(.init6)
 .init6         0x0000c03e       0x14 c:/program files (x86)/energia-0101e0014/hardware/tools/msp430/bin/../lib/gcc/msp430/4.6.3\libcrt0.a(_ctors430.o)
                0x0000c03e                __do_global_ctors
 *(.init7)
 *(.init8)
 *(.init9)
 .init9         0x0000c052       0x1a C:/Users/opeRaptor/workspace_v6_0/lpmsp430g2553_core/Debug\liblpmsp430g2553_core.a(main.o)
                0x0000c052                main
 *(.fini9)
 .fini9         0x0000c06c        0x0 c:/program files (x86)/energia-0101e0014/hardware/tools/msp430/bin/../lib/gcc/msp430/4.6.3\libcrt0.a(__stop_progExec__.o)
                0x0000c06c                __stop_progExec__
 *(.fini8)
 *(.fini7)
 *(.fini6)
 *(.fini5)
 *(.fini4)
 *(.fini3)
 *(.fini2)
 *(.fini1)
 *(.fini0)
 .fini0         0x0000c06c        0x6 c:/program files (x86)/energia-0101e0014/hardware/tools/msp430/bin/../lib/gcc/msp430/4.6.3\libcrt0.a(_endless_loop__.o)
                0x0000c06c                _endless_loop__
 *(.fini .fini.*)
                0x0000c072                . = ALIGN (0x2)
                0x0000c072                __ctors_start = .
 *(.ctors)
 .ctors         0x0000c072        0x2 ./Enrf24_TXdemo.o
 .ctors         0x0000c074        0x2 C:/Users/opeRaptor/workspace_v6_0/lpmsp430g2553_core/Debug\liblpmsp430g2553_core.a(HardwareSerial.o)
                0x0000c076                __ctors_end = .
                0x0000c076                __dtors_start = .
 *(.dtors)
                0x0000c076                __dtors_end = .
                0x0000c076                . = ALIGN (0x2)
 *(.text .text.* .gnu.linkonce.t.*)
 .text          0x0000c076        0x4 c:/program files (x86)/energia-0101e0014/hardware/tools/msp430/bin/../lib/gcc/msp430/4.6.3/crt0ivtbl16.o
                0x0000c076                __isr_14
                0x0000c076                __isr_4
                0x0000c076                __isr_11
                0x0000c076                __isr_2
                0x0000c076                __isr_0
                0x0000c076                __isr_8
                0x0000c076                __isr_3
                0x0000c076                __isr_12
                0x0000c076                __isr_13
                0x0000c076                __isr_9
                0x0000c076                __isr_1
 .text._Z31dump_radio_status_to_serialporth
                0x0000c07a       0x4c ./Enrf24_TXdemo.o
                0x0000c07a                dump_radio_status_to_serialport(unsigned char)
 .text.loop     0x0000c0c6       0x62 ./Enrf24_TXdemo.o
                0x0000c0c6                loop
 .text.setup    0x0000c128       0x4a ./Enrf24_TXdemo.o
                0x0000c128                setup
 .text.startup._GLOBAL__sub_I_radio
                0x0000c172       0x14 ./Enrf24_TXdemo.o
 .text._ZN6Enrf245writeEPKvj
                0x0000c186        0x8 C:/Users/opeRaptor/workspace_v6_0/lpmsp430g2553_Enrf24/Debug\liblpmsp430g2553_Enrf24.a(Enrf24.o)
                0x0000c186                Enrf24::write(void const*, unsigned int)
 .text._ZN6Enrf24C2Ehhh
                0x0000c18e       0x2a C:/Users/opeRaptor/workspace_v6_0/lpmsp430g2553_Enrf24/Debug\liblpmsp430g2553_Enrf24.a(Enrf24.o)
                0x0000c18e                Enrf24::Enrf24(unsigned char, unsigned char, unsigned char)
                0x0000c18e                Enrf24::Enrf24(unsigned char, unsigned char, unsigned char)
 .text._ZN6Enrf248_readRegEh
                0x0000c1b8       0x36 C:/Users/opeRaptor/workspace_v6_0/lpmsp430g2553_Enrf24/Debug\liblpmsp430g2553_Enrf24.a(Enrf24.o)
                0x0000c1b8                Enrf24::_readReg(unsigned char)
 .text._ZN6Enrf2416_readRegMultiLSBEhPhj
                0x0000c1ee       0x60 C:/Users/opeRaptor/workspace_v6_0/lpmsp430g2553_Enrf24/Debug\liblpmsp430g2553_Enrf24.a(Enrf24.o)
                0x0000c1ee                Enrf24::_readRegMultiLSB(unsigned char, unsigned char*, unsigned int)
 .text._ZN6Enrf249_writeRegEhh
                0x0000c24e       0x3c C:/Users/opeRaptor/workspace_v6_0/lpmsp430g2553_Enrf24/Debug\liblpmsp430g2553_Enrf24.a(Enrf24.o)
                0x0000c24e                Enrf24::_writeReg(unsigned char, unsigned char)
 .text._ZN6Enrf2417_writeRegMultiLSBEhPhj
                0x0000c28a       0x56 C:/Users/opeRaptor/workspace_v6_0/lpmsp430g2553_Enrf24/Debug\liblpmsp430g2553_Enrf24.a(Enrf24.o)
                0x0000c28a                Enrf24::_writeRegMultiLSB(unsigned char, unsigned char*, unsigned int)
 .text._ZN6Enrf249_issueCmdEh
                0x0000c2e0       0x2c C:/Users/opeRaptor/workspace_v6_0/lpmsp430g2553_Enrf24/Debug\liblpmsp430g2553_Enrf24.a(Enrf24.o)
                0x0000c2e0                Enrf24::_issueCmd(unsigned char)
 .text._ZN6Enrf2416_issueCmdPayloadEhPhj
                0x0000c30c       0x4c C:/Users/opeRaptor/workspace_v6_0/lpmsp430g2553_Enrf24/Debug\liblpmsp430g2553_Enrf24.a(Enrf24.o)
                0x0000c30c                Enrf24::_issueCmdPayload(unsigned char, unsigned char*, unsigned int)
 .text._ZN6Enrf2415_readCmdPayloadEhPhjj
                0x0000c358       0x5c C:/Users/opeRaptor/workspace_v6_0/lpmsp430g2553_Enrf24/Debug\liblpmsp430g2553_Enrf24.a(Enrf24.o)
                0x0000c358                Enrf24::_readCmdPayload(unsigned char, unsigned char*, unsigned int, unsigned int)
 .text._ZN6Enrf248_isAliveEv
                0x0000c3b4       0x22 C:/Users/opeRaptor/workspace_v6_0/lpmsp430g2553_Enrf24/Debug\liblpmsp430g2553_Enrf24.a(Enrf24.o)
                0x0000c3b4                Enrf24::_isAlive()
 .text._ZN6Enrf2414_irq_getreasonEv
                0x0000c3d6       0x18 C:/Users/opeRaptor/workspace_v6_0/lpmsp430g2553_Enrf24/Debug\liblpmsp430g2553_Enrf24.a(Enrf24.o)
                0x0000c3d6                Enrf24::_irq_getreason()
 .text._ZN6Enrf2410_irq_clearEh
                0x0000c3ee       0x10 C:/Users/opeRaptor/workspace_v6_0/lpmsp430g2553_Enrf24/Debug\liblpmsp430g2553_Enrf24.a(Enrf24.o)
                0x0000c3ee                Enrf24::_irq_clear(unsigned char)
 .text._ZN6Enrf2411_readTXaddrEPh
                0x0000c3fe       0x10 C:/Users/opeRaptor/workspace_v6_0/lpmsp430g2553_Enrf24/Debug\liblpmsp430g2553_Enrf24.a(Enrf24.o)
                0x0000c3fe                Enrf24::_readTXaddr(unsigned char*)
 .text._ZN6Enrf2414_writeRXaddrP0EPh
                0x0000c40e       0x10 C:/Users/opeRaptor/workspace_v6_0/lpmsp430g2553_Enrf24/Debug\liblpmsp430g2553_Enrf24.a(Enrf24.o)
                0x0000c40e                Enrf24::_writeRXaddrP0(unsigned char*)
 .text._ZN6Enrf2416_maintenanceHookEv
                0x0000c41e       0xb4 C:/Users/opeRaptor/workspace_v6_0/lpmsp430g2553_Enrf24/Debug\liblpmsp430g2553_Enrf24.a(Enrf24.o)
                0x0000c41e                Enrf24::_maintenanceHook()
 .text._ZN6Enrf2410radioStateEv
                0x0000c4d2       0x54 C:/Users/opeRaptor/workspace_v6_0/lpmsp430g2553_Enrf24/Debug\liblpmsp430g2553_Enrf24.a(Enrf24.o)
                0x0000c4d2                Enrf24::radioState()
 .text._ZN6Enrf249deepsleepEv
                0x0000c526       0x2c C:/Users/opeRaptor/workspace_v6_0/lpmsp430g2553_Enrf24/Debug\liblpmsp430g2553_Enrf24.a(Enrf24.o)
                0x0000c526                Enrf24::deepsleep()
 .text._ZN6Enrf248enableRXEv
                0x0000c552       0x3e C:/Users/opeRaptor/workspace_v6_0/lpmsp430g2553_Enrf24/Debug\liblpmsp430g2553_Enrf24.a(Enrf24.o)
                0x0000c552                Enrf24::enableRX()
 .text._ZN6Enrf245flushEv
                0x0000c590      0x156 C:/Users/opeRaptor/workspace_v6_0/lpmsp430g2553_Enrf24/Debug\liblpmsp430g2553_Enrf24.a(Enrf24.o)
                0x0000c590                Enrf24::flush()
 .text._ZN6Enrf245writeEh
                0x0000c6e6       0x2e C:/Users/opeRaptor/workspace_v6_0/lpmsp430g2553_Enrf24/Debug\liblpmsp430g2553_Enrf24.a(Enrf24.o)
                0x0000c6e6                Enrf24::write(unsigned char)
 .text._ZN6Enrf2410setChannelEh
                0x0000c714       0x16 C:/Users/opeRaptor/workspace_v6_0/lpmsp430g2553_Enrf24/Debug\liblpmsp430g2553_Enrf24.a(Enrf24.o)
                0x0000c714                Enrf24::setChannel(unsigned char)
 .text._ZN6Enrf2410setTXpowerEa
                0x0000c72a       0x54 C:/Users/opeRaptor/workspace_v6_0/lpmsp430g2553_Enrf24/Debug\liblpmsp430g2553_Enrf24.a(Enrf24.o)
                0x0000c72a                Enrf24::setTXpower(signed char)
 .text._ZN6Enrf248setSpeedEm
                0x0000c77e       0x64 C:/Users/opeRaptor/workspace_v6_0/lpmsp430g2553_Enrf24/Debug\liblpmsp430g2553_Enrf24.a(Enrf24.o)
                0x0000c77e                Enrf24::setSpeed(unsigned long)
 .text._ZN6Enrf246setCRCEhh
                0x0000c7e2       0x3c C:/Users/opeRaptor/workspace_v6_0/lpmsp430g2553_Enrf24/Debug\liblpmsp430g2553_Enrf24.a(Enrf24.o)
                0x0000c7e2                Enrf24::setCRC(unsigned char, unsigned char)
 .text._ZN6Enrf2416setAutoAckParamsEhj
                0x0000c81e       0x34 C:/Users/opeRaptor/workspace_v6_0/lpmsp430g2553_Enrf24/Debug\liblpmsp430g2553_Enrf24.a(Enrf24.o)
                0x0000c81e                Enrf24::setAutoAckParams(unsigned char, unsigned int)
 .text._ZN6Enrf2416setAddressLengthEj
                0x0000c852       0x38 C:/Users/opeRaptor/workspace_v6_0/lpmsp430g2553_Enrf24/Debug\liblpmsp430g2553_Enrf24.a(Enrf24.o)
                0x0000c852                Enrf24::setAddressLength(unsigned int)
 .text._ZN6Enrf245beginEmh
                0x0000c88a      0x138 C:/Users/opeRaptor/workspace_v6_0/lpmsp430g2553_Enrf24/Debug\liblpmsp430g2553_Enrf24.a(Enrf24.o)
                0x0000c88a                Enrf24::begin(unsigned long, unsigned char)
 .text._ZN6Enrf2412setTXaddressEPKv
                0x0000c9c2       0x10 C:/Users/opeRaptor/workspace_v6_0/lpmsp430g2553_Enrf24/Debug\liblpmsp430g2553_Enrf24.a(Enrf24.o)
                0x0000c9c2                Enrf24::setTXaddress(void const*)
 .text._ZN8SPIClass5beginEv
                0x0000c9d2        0x6 C:/Users/opeRaptor/workspace_v6_0/lpmsp430g2553_SPI/Debug\liblpmsp430g2553_SPI.a(SPI.o)
                0x0000c9d2                SPIClass::begin()
 .text._ZN8SPIClass11setBitOrderEh
                0x0000c9d8        0x6 C:/Users/opeRaptor/workspace_v6_0/lpmsp430g2553_SPI/Debug\liblpmsp430g2553_SPI.a(SPI.o)
                0x0000c9d8                SPIClass::setBitOrder(unsigned char)
 .text._ZN8SPIClass11setDataModeEh
                0x0000c9de        0x6 C:/Users/opeRaptor/workspace_v6_0/lpmsp430g2553_SPI/Debug\liblpmsp430g2553_SPI.a(SPI.o)
                0x0000c9de                SPIClass::setDataMode(unsigned char)
 .text._Z14spi_initializev
                0x0000c9e4       0x40 C:/Users/opeRaptor/workspace_v6_0/lpmsp430g2553_SPI/Debug\liblpmsp430g2553_SPI.a(usci_spi.o)
                0x0000c9e4                spi_initialize()
 .text._Z8spi_sendh
                0x0000ca24       0x12 C:/Users/opeRaptor/workspace_v6_0/lpmsp430g2553_SPI/Debug\liblpmsp430g2553_SPI.a(usci_spi.o)
                0x0000ca24                spi_send(unsigned char)
 .text._Z16spi_set_bitorderh
                0x0000ca36       0x26 C:/Users/opeRaptor/workspace_v6_0/lpmsp430g2553_SPI/Debug\liblpmsp430g2553_SPI.a(usci_spi.o)
                0x0000ca36                spi_set_bitorder(unsigned char)
 .text._Z16spi_set_datamodeh
                0x0000ca5c       0x4e C:/Users/opeRaptor/workspace_v6_0/lpmsp430g2553_SPI/Debug\liblpmsp430g2553_SPI.a(usci_spi.o)
                0x0000ca5c                spi_set_datamode(unsigned char)
 .text.enableXtal
                0x0000caaa       0x42 C:/Users/opeRaptor/workspace_v6_0/lpmsp430g2553_core/Debug\liblpmsp430g2553_core.a(wiring.o)
                0x0000caaa                enableXtal
 .text.enableWatchDogIntervalMode
                0x0000caec        0xc C:/Users/opeRaptor/workspace_v6_0/lpmsp430g2553_core/Debug\liblpmsp430g2553_core.a(wiring.o)
                0x0000caec                enableWatchDogIntervalMode
 .text.initClocks
                0x0000caf8       0x1c C:/Users/opeRaptor/workspace_v6_0/lpmsp430g2553_core/Debug\liblpmsp430g2553_core.a(wiring.o)
                0x0000caf8                initClocks
 .text.init     0x0000cb14       0x12 C:/Users/opeRaptor/workspace_v6_0/lpmsp430g2553_core/Debug\liblpmsp430g2553_core.a(wiring.o)
                0x0000cb14                init
 .text.micros   0x0000cb26       0x24 C:/Users/opeRaptor/workspace_v6_0/lpmsp430g2553_core/Debug\liblpmsp430g2553_core.a(wiring.o)
                0x0000cb26                micros
 .text.millis   0x0000cb4a       0x12 C:/Users/opeRaptor/workspace_v6_0/lpmsp430g2553_core/Debug\liblpmsp430g2553_core.a(wiring.o)
                0x0000cb4a                millis
 .text.delayMicroseconds
                0x0000cb5c       0x12 C:/Users/opeRaptor/workspace_v6_0/lpmsp430g2553_core/Debug\liblpmsp430g2553_core.a(wiring.o)
                0x0000cb5c                delayMicroseconds
 .text.delay    0x0000cb6e       0x48 C:/Users/opeRaptor/workspace_v6_0/lpmsp430g2553_core/Debug\liblpmsp430g2553_core.a(wiring.o)
                0x0000cb6e                delay
 .text.watchdog_isr
                0x0000cbb6       0x82 C:/Users/opeRaptor/workspace_v6_0/lpmsp430g2553_core/Debug\liblpmsp430g2553_core.a(wiring.o)
                0x0000cbb6                __isr_10
                0x0000cbb6                watchdog_isr
 .text.analogRead
                0x0000cc38       0x86 C:/Users/opeRaptor/workspace_v6_0/lpmsp430g2553_core/Debug\liblpmsp430g2553_core.a(wiring_analog.o)
                0x0000cc38                analogRead
 .text.ADC10_ISR
                0x0000ccbe        0x8 C:/Users/opeRaptor/workspace_v6_0/lpmsp430g2553_core/Debug\liblpmsp430g2553_core.a(wiring_analog.o)
                0x0000ccbe                __isr_5
                0x0000ccbe                ADC10_ISR
 .text.pinMode  0x0000ccc6       0x76 C:/Users/opeRaptor/workspace_v6_0/lpmsp430g2553_core/Debug\liblpmsp430g2553_core.a(wiring_digital.o)
                0x0000ccc6                pinMode
 .text.pinMode_int
                0x0000cd3c       0x9a C:/Users/opeRaptor/workspace_v6_0/lpmsp430g2553_core/Debug\liblpmsp430g2553_core.a(wiring_digital.o)
                0x0000cd3c                pinMode_int
 .text.digitalRead
                0x0000cdd6       0x3e C:/Users/opeRaptor/workspace_v6_0/lpmsp430g2553_core/Debug\liblpmsp430g2553_core.a(wiring_digital.o)
                0x0000cdd6                digitalRead
 .text.digitalWrite
                0x0000ce14       0x4a C:/Users/opeRaptor/workspace_v6_0/lpmsp430g2553_core/Debug\liblpmsp430g2553_core.a(wiring_digital.o)
                0x0000ce14                digitalWrite
 .text._ZN14HardwareSerial9availableEv
                0x0000ce5e       0x12 C:/Users/opeRaptor/workspace_v6_0/lpmsp430g2553_core/Debug\liblpmsp430g2553_core.a(HardwareSerial.o)
                0x0000ce5e                HardwareSerial::available()
 .text._ZN14HardwareSerial4peekEv
                0x0000ce70       0x1e C:/Users/opeRaptor/workspace_v6_0/lpmsp430g2553_core/Debug\liblpmsp430g2553_core.a(HardwareSerial.o)
                0x0000ce70                HardwareSerial::peek()
 .text._ZN14HardwareSerial4readEv
                0x0000ce8e       0x2c C:/Users/opeRaptor/workspace_v6_0/lpmsp430g2553_core/Debug\liblpmsp430g2553_core.a(HardwareSerial.o)
                0x0000ce8e                HardwareSerial::read()
 .text._ZN14HardwareSerial5flushEv
                0x0000ceba       0x12 C:/Users/opeRaptor/workspace_v6_0/lpmsp430g2553_core/Debug\liblpmsp430g2553_core.a(HardwareSerial.o)
                0x0000ceba                HardwareSerial::flush()
 .text._ZN14HardwareSerial5writeEh
                0x0000cecc       0x3c C:/Users/opeRaptor/workspace_v6_0/lpmsp430g2553_core/Debug\liblpmsp430g2553_core.a(HardwareSerial.o)
                0x0000cecc                HardwareSerial::write(unsigned char)
 .text._Z11serialEventv
                0x0000cf08        0x2 C:/Users/opeRaptor/workspace_v6_0/lpmsp430g2553_core/Debug\liblpmsp430g2553_core.a(HardwareSerial.o)
                0x0000cf08                serialEvent()
 .text._Z14serialEventRunv
                0x0000cf0a       0x12 C:/Users/opeRaptor/workspace_v6_0/lpmsp430g2553_core/Debug\liblpmsp430g2553_core.a(HardwareSerial.o)
                0x0000cf0a                serialEventRun()
 .text._ZN14HardwareSerial5beginEm
                0x0000cf1c      0x128 C:/Users/opeRaptor/workspace_v6_0/lpmsp430g2553_core/Debug\liblpmsp430g2553_core.a(HardwareSerial.o)
                0x0000cf1c                HardwareSerial::begin(unsigned long)
 .text.uart_rx_isr
                0x0000d044       0x28 C:/Users/opeRaptor/workspace_v6_0/lpmsp430g2553_core/Debug\liblpmsp430g2553_core.a(HardwareSerial.o)
                0x0000d044                uart_rx_isr
 .text.uart_tx_isr
                0x0000d06c       0x3c C:/Users/opeRaptor/workspace_v6_0/lpmsp430g2553_core/Debug\liblpmsp430g2553_core.a(HardwareSerial.o)
                0x0000d06c                uart_tx_isr
 .text.startup._GLOBAL__sub_I_rx_buffer
                0x0000d0a8       0x44 C:/Users/opeRaptor/workspace_v6_0/lpmsp430g2553_core/Debug\liblpmsp430g2553_core.a(HardwareSerial.o)
 .text._ZN5Print5writeEPKhj
                0x0000d0ec       0x2e C:/Users/opeRaptor/workspace_v6_0/lpmsp430g2553_core/Debug\liblpmsp430g2553_core.a(Print.o)
                0x0000d0ec                Print::write(unsigned char const*, unsigned int)
 .text._ZN5Print5printEPKc
                0x0000d11a       0x16 C:/Users/opeRaptor/workspace_v6_0/lpmsp430g2553_core/Debug\liblpmsp430g2553_core.a(Print.o)
                0x0000d11a                Print::print(char const*)
 .text._ZN5Print5printEc
                0x0000d130        0x6 C:/Users/opeRaptor/workspace_v6_0/lpmsp430g2553_core/Debug\liblpmsp430g2553_core.a(Print.o)
                0x0000d130                Print::print(char)
 .text._ZN5Print7printlnEv
                0x0000d136       0x22 C:/Users/opeRaptor/workspace_v6_0/lpmsp430g2553_core/Debug\liblpmsp430g2553_core.a(Print.o)
                0x0000d136                Print::println()
 .text._ZN5Print7printlnEPKc
                0x0000d158       0x1a C:/Users/opeRaptor/workspace_v6_0/lpmsp430g2553_core/Debug\liblpmsp430g2553_core.a(Print.o)
                0x0000d158                Print::println(char const*)
 .text.usci_isr_install
                0x0000d172        0x2 C:/Users/opeRaptor/workspace_v6_0/lpmsp430g2553_core/Debug\liblpmsp430g2553_core.a(usci_isr_handler.o)
                0x0000d172                usci_isr_install
 .text.USCIAB0TX_ISR
                0x0000d174       0x52 C:/Users/opeRaptor/workspace_v6_0/lpmsp430g2553_core/Debug\liblpmsp430g2553_core.a(usci_isr_handler.o)
                0x0000d174                USCIAB0TX_ISR
                0x0000d174                __isr_6
 .text.USCIAB0RX_ISR
                0x0000d1c6       0x44 C:/Users/opeRaptor/workspace_v6_0/lpmsp430g2553_core/Debug\liblpmsp430g2553_core.a(usci_isr_handler.o)
                0x0000d1c6                USCIAB0RX_ISR
                0x0000d1c6                __isr_7
 .text.i2c_txrx_isr
                0x0000d20a       0xe8 C:/Users/opeRaptor/workspace_v6_0/lpmsp430g2553_core/Debug\liblpmsp430g2553_core.a(twi.o)
                0x0000d20a                i2c_txrx_isr
 .text.i2c_state_isr
                0x0000d2f2       0xa2 C:/Users/opeRaptor/workspace_v6_0/lpmsp430g2553_core/Debug\liblpmsp430g2553_core.a(twi.o)
                0x0000d2f2                i2c_state_isr
 .text.libgcc   0x0000d394       0x22 c:/program files (x86)/energia-0101e0014/hardware/tools/msp430/bin/../lib/gcc/msp430/4.6.3\libgcc.a(_udivmod16.o)
                0x0000d394                __ext_udivmod16
                0x0000d394                __udivhi3
                0x0000d3ae                __umodhi3
 .text.libgcc   0x0000d3b6       0x40 c:/program files (x86)/energia-0101e0014/hardware/tools/msp430/bin/../lib/gcc/msp430/4.6.3\libgcc.a(_udivmod32.o)
                0x0000d3b6                __ext_udivmod32
                0x0000d3b6                __udivsi3
                0x0000d3ec                __umodsi3
 .text.crt0     0x0000d3f6        0x2 c:/program files (x86)/energia-0101e0014/hardware/tools/msp430/bin/../lib/gcc/msp430/4.6.3\libcrt0.a(_unexpected_.o)
                0x0000d3f6                _unexpected_
                0x0000d3f8                . = ALIGN (0x2)

.rodata         0x0000d3f8      0x1a8
                0x0000d3f8                . = ALIGN (0x2)
 *(.rodata .rodata.* .gnu.linkonce.r.*)
 .rodata._Z31dump_radio_status_to_serialporth
                0x0000d3f8       0xca ./Enrf24_TXdemo.o
 .rodata.loop   0x0000d4c2       0x11 ./Enrf24_TXdemo.o
 .rodata._ZL6txaddr
                0x0000d4d3        0x5 ./Enrf24_TXdemo.o
 .rodata._ZTV6Enrf24
                0x0000d4d8        0xa C:/Users/opeRaptor/workspace_v6_0/lpmsp430g2553_Enrf24/Debug\liblpmsp430g2553_Enrf24.a(Enrf24.o)
                0x0000d4d8                vtable for Enrf24
 .rodata.digital_pin_to_analog_in
                0x0000d4e2       0x54 C:/Users/opeRaptor/workspace_v6_0/lpmsp430g2553_core/Debug\liblpmsp430g2553_core.a(wiring_digital.o)
                0x0000d4e2                digital_pin_to_analog_in
 .rodata.digital_pin_to_bit_mask
                0x0000d536       0x15 C:/Users/opeRaptor/workspace_v6_0/lpmsp430g2553_core/Debug\liblpmsp430g2553_core.a(wiring_digital.o)
                0x0000d536                digital_pin_to_bit_mask
 .rodata.digital_pin_to_port
                0x0000d54b       0x15 C:/Users/opeRaptor/workspace_v6_0/lpmsp430g2553_core/Debug\liblpmsp430g2553_core.a(wiring_digital.o)
                0x0000d54b                digital_pin_to_port
 .rodata.port_to_sel2
                0x0000d560        0x8 C:/Users/opeRaptor/workspace_v6_0/lpmsp430g2553_core/Debug\liblpmsp430g2553_core.a(wiring_digital.o)
                0x0000d560                port_to_sel2
 .rodata.port_to_sel0
                0x0000d568        0x8 C:/Users/opeRaptor/workspace_v6_0/lpmsp430g2553_core/Debug\liblpmsp430g2553_core.a(wiring_digital.o)
                0x0000d568                port_to_sel0
 .rodata.port_to_ren
                0x0000d570        0x8 C:/Users/opeRaptor/workspace_v6_0/lpmsp430g2553_core/Debug\liblpmsp430g2553_core.a(wiring_digital.o)
                0x0000d570                port_to_ren
 .rodata.port_to_dir
                0x0000d578        0x8 C:/Users/opeRaptor/workspace_v6_0/lpmsp430g2553_core/Debug\liblpmsp430g2553_core.a(wiring_digital.o)
                0x0000d578                port_to_dir
 .rodata.port_to_output
                0x0000d580        0x8 C:/Users/opeRaptor/workspace_v6_0/lpmsp430g2553_core/Debug\liblpmsp430g2553_core.a(wiring_digital.o)
                0x0000d580                port_to_output
 .rodata.port_to_input
                0x0000d588        0x8 C:/Users/opeRaptor/workspace_v6_0/lpmsp430g2553_core/Debug\liblpmsp430g2553_core.a(wiring_digital.o)
                0x0000d588                port_to_input
 .rodata._ZTV14HardwareSerial
                0x0000d590       0x10 C:/Users/opeRaptor/workspace_v6_0/lpmsp430g2553_core/Debug\liblpmsp430g2553_core.a(HardwareSerial.o)
                0x0000d590                vtable for HardwareSerial
                0x0000d5a0                . = ALIGN (0x2)
                0x0000d5a0                _etext = .

.data           0x00000200        0x0 load address 0x0000d5a0
                0x00000200                . = ALIGN (0x2)
                0x00000200                PROVIDE (__data_start, .)
 *(.data .data.* .gnu.linkonce.d.*)
                0x00000200                . = ALIGN (0x2)
                0x00000200                _edata = .
                0x0000d5a0                PROVIDE (__data_load_start, LOADADDR (.data))
                0x00000000                PROVIDE (__data_size, SIZEOF (.data))

.bss            0x00000200       0xc8 load address 0x0000d5a0
                0x00000200                PROVIDE (__bss_start, .)
 *(.bss .bss.*)
 .bss.message   0x00000200        0x6 ./Enrf24_TXdemo.o
                0x00000200                message
 .bss.radio     0x00000206       0x2e ./Enrf24_TXdemo.o
                0x00000206                radio
 .bss.vlo_freq  0x00000234        0x2 C:/Users/opeRaptor/workspace_v6_0/lpmsp430g2553_core/Debug\liblpmsp430g2553_core.a(wiring.o)
                0x00000234                vlo_freq
 .bss.stay_asleep
                0x00000236        0x1 C:/Users/opeRaptor/workspace_v6_0/lpmsp430g2553_core/Debug\liblpmsp430g2553_core.a(wiring.o)
                0x00000236                stay_asleep
 .bss.sleeping  0x00000237        0x1 C:/Users/opeRaptor/workspace_v6_0/lpmsp430g2553_core/Debug\liblpmsp430g2553_core.a(wiring.o)
                0x00000237                sleeping
 .bss.wdt_fract
                0x00000238        0x2 C:/Users/opeRaptor/workspace_v6_0/lpmsp430g2553_core/Debug\liblpmsp430g2553_core.a(wiring.o)
                0x00000238                wdt_fract
 .bss.wdt_millis
                0x0000023a        0x4 C:/Users/opeRaptor/workspace_v6_0/lpmsp430g2553_core/Debug\liblpmsp430g2553_core.a(wiring.o)
                0x0000023a                wdt_millis
 .bss.wdt_overflow_count
                0x0000023e        0x4 C:/Users/opeRaptor/workspace_v6_0/lpmsp430g2553_core/Debug\liblpmsp430g2553_core.a(wiring.o)
                0x0000023e                wdt_overflow_count
 .bss.analog_reference
                0x00000242        0x2 C:/Users/opeRaptor/workspace_v6_0/lpmsp430g2553_core/Debug\liblpmsp430g2553_core.a(wiring_analog.o)
                0x00000242                analog_reference
 .bss.Serial    0x00000244       0x1a C:/Users/opeRaptor/workspace_v6_0/lpmsp430g2553_core/Debug\liblpmsp430g2553_core.a(HardwareSerial.o)
                0x00000244                Serial
 .bss.tx_buffer
                0x0000025e       0x14 C:/Users/opeRaptor/workspace_v6_0/lpmsp430g2553_core/Debug\liblpmsp430g2553_core.a(HardwareSerial.o)
                0x0000025e                tx_buffer
 .bss.rx_buffer
                0x00000272       0x14 C:/Users/opeRaptor/workspace_v6_0/lpmsp430g2553_core/Debug\liblpmsp430g2553_core.a(HardwareSerial.o)
                0x00000272                rx_buffer
 .bss.still_asleep
                0x00000286        0x1 C:/Users/opeRaptor/workspace_v6_0/lpmsp430g2553_core/Debug\liblpmsp430g2553_core.a(usci_isr_handler.o)
 .bss.twi_error
                0x00000287        0x1 C:/Users/opeRaptor/workspace_v6_0/lpmsp430g2553_core/Debug\liblpmsp430g2553_core.a(twi.o)
 .bss.twi_rxBufferIndex
                0x00000288        0x1 C:/Users/opeRaptor/workspace_v6_0/lpmsp430g2553_core/Debug\liblpmsp430g2553_core.a(twi.o)
 .bss.twi_txBufferLength
                0x00000289        0x1 C:/Users/opeRaptor/workspace_v6_0/lpmsp430g2553_core/Debug\liblpmsp430g2553_core.a(twi.o)
 .bss.twi_txBufferIndex
                0x0000028a        0x1 C:/Users/opeRaptor/workspace_v6_0/lpmsp430g2553_core/Debug\liblpmsp430g2553_core.a(twi.o)
 .bss.twi_masterBufferIndex
                0x0000028b        0x1 C:/Users/opeRaptor/workspace_v6_0/lpmsp430g2553_core/Debug\liblpmsp430g2553_core.a(twi.o)
 .bss.twi_inRepStart
                0x0000028c        0x1 C:/Users/opeRaptor/workspace_v6_0/lpmsp430g2553_core/Debug\liblpmsp430g2553_core.a(twi.o)
 .bss.twi_sendStop
                0x0000028d        0x1 C:/Users/opeRaptor/workspace_v6_0/lpmsp430g2553_core/Debug\liblpmsp430g2553_core.a(twi.o)
 .bss.twi_state
                0x0000028e        0x1 C:/Users/opeRaptor/workspace_v6_0/lpmsp430g2553_core/Debug\liblpmsp430g2553_core.a(twi.o)
 .bss.twi_masterBufferLength
                0x0000028f        0x1 C:/Users/opeRaptor/workspace_v6_0/lpmsp430g2553_core/Debug\liblpmsp430g2553_core.a(twi.o)
 .bss.twi_masterBuffer
                0x00000290       0x10 C:/Users/opeRaptor/workspace_v6_0/lpmsp430g2553_core/Debug\liblpmsp430g2553_core.a(twi.o)
 .bss.twi_txBuffer
                0x000002a0       0x10 C:/Users/opeRaptor/workspace_v6_0/lpmsp430g2553_core/Debug\liblpmsp430g2553_core.a(twi.o)
 .bss.twi_onSlaveReceive
                0x000002b0        0x2 C:/Users/opeRaptor/workspace_v6_0/lpmsp430g2553_core/Debug\liblpmsp430g2553_core.a(twi.o)
 .bss.twi_onSlaveTransmit
                0x000002b2        0x2 C:/Users/opeRaptor/workspace_v6_0/lpmsp430g2553_core/Debug\liblpmsp430g2553_core.a(twi.o)
 .bss.twi_rxBuffer
                0x000002b4       0x10 C:/Users/opeRaptor/workspace_v6_0/lpmsp430g2553_core/Debug\liblpmsp430g2553_core.a(twi.o)
 *(COMMON)
 COMMON         0x000002c4        0x4 C:/Users/opeRaptor/workspace_v6_0/lpmsp430g2553_core/Debug\liblpmsp430g2553_core.a(wiring.o)
                0x000002c4                SMILLIS_INC
                0x000002c6                SFRACT_INC
                0x000002c8                . = ALIGN (0x2)
                0x000002c8                PROVIDE (__bss_end, .)
                0x000000c8                PROVIDE (__bss_size, SIZEOF (.bss))

.noinit         0x000002c8        0x2 load address 0x0000d5a0
                0x000002c8                PROVIDE (__noinit_start, .)
 *(.noinit .noinit.*)
 .noinit.crt0   0x000002c8        0x2 c:/program files (x86)/energia-0101e0014/hardware/tools/msp430/bin/../lib/gcc/msp430/4.6.3\libcrt0.a(__watchdog_support.o)
                0x000002c8                __wdt_clear_value
                0x000002ca                . = ALIGN (0x2)
                0x000002ca                PROVIDE (__noinit_end, .)
                0x000002ca                . = ALIGN (0x2)
                0x000002ca                _end = .

.infomem        0x00001000        0x0
 *(.infomem)
                0x00001000                . = ALIGN (0x2)
 *(.infomem.*)

.infomemnobits  0x00001000        0x0
 *(.infomemnobits)
                0x00001000                . = ALIGN (0x2)
 *(.infomemnobits.*)

.infoa
 *(.infoa .infoa.*)

.infob
 *(.infob .infob.*)

.infoc
 *(.infoc .infoc.*)

.infod
 *(.infod .infod.*)

.vectors        0x0000ffe0       0x20
                0x0000ffe0                PROVIDE (__vectors_start, .)
 *(.vectors*)
 .vectors       0x0000ffe0       0x20 c:/program files (x86)/energia-0101e0014/hardware/tools/msp430/bin/../lib/gcc/msp430/4.6.3/crt0ivtbl16.o
                0x0000ffe0                __ivtbl_16
                0x00010000                _vectors_end = .

.fartext        0x00000000        0x0
                0x00000000                . = ALIGN (0x2)
 *(.fartext)
                0x00000000                . = ALIGN (0x2)
 *(.fartext.*)
                0x00000000                _efartext = .

.profiler
 *(.profiler)

.stab
 *(.stab)

.stabstr
 *(.stabstr)

.stab.excl
 *(.stab.excl)

.stab.exclstr
 *(.stab.exclstr)

.stab.index
 *(.stab.index)

.stab.indexstr
 *(.stab.indexstr)

.comment
 *(.comment)

.debug
 *(.debug)

.line
 *(.line)

.debug_srcinfo
 *(.debug_srcinfo)

.debug_sfnames
 *(.debug_sfnames)

.debug_aranges  0x00000000      0x820
 *(.debug_aranges)
 .debug_aranges
                0x00000000       0x20 ./Enrf24_TXdemo.o
 .debug_aranges
                0x00000020       0xbc C:/Users/opeRaptor/workspace_v6_0/lpmsp430g2553_Enrf24/Debug\liblpmsp430g2553_Enrf24.a(Enrf24.o)
 .debug_aranges
                0x000000dc       0x24 C:/Users/opeRaptor/workspace_v6_0/lpmsp430g2553_SPI/Debug\liblpmsp430g2553_SPI.a(SPI.o)
 .debug_aranges
                0x00000100       0x28 C:/Users/opeRaptor/workspace_v6_0/lpmsp430g2553_SPI/Debug\liblpmsp430g2553_SPI.a(usci_spi.o)
 .debug_aranges
                0x00000128       0x48 C:/Users/opeRaptor/workspace_v6_0/lpmsp430g2553_core/Debug\liblpmsp430g2553_core.a(wiring.o)
 .debug_aranges
                0x00000170       0x28 C:/Users/opeRaptor/workspace_v6_0/lpmsp430g2553_core/Debug\liblpmsp430g2553_core.a(wiring_analog.o)
 .debug_aranges
                0x00000198       0x20 C:/Users/opeRaptor/workspace_v6_0/lpmsp430g2553_core/Debug\liblpmsp430g2553_core.a(wiring_digital.o)
 .debug_aranges
                0x000001b8       0x44 C:/Users/opeRaptor/workspace_v6_0/lpmsp430g2553_core/Debug\liblpmsp430g2553_core.a(HardwareSerial.o)
 .debug_aranges
                0x000001fc       0x14 C:/Users/opeRaptor/workspace_v6_0/lpmsp430g2553_core/Debug\liblpmsp430g2553_core.a(main.o)
 .debug_aranges
                0x00000210       0x70 C:/Users/opeRaptor/workspace_v6_0/lpmsp430g2553_core/Debug\liblpmsp430g2553_core.a(Print.o)
 .debug_aranges
                0x00000280      0x144 C:/Users/opeRaptor/workspace_v6_0/lpmsp430g2553_core/Debug\liblpmsp430g2553_core.a(WString.o)
 .debug_aranges
                0x000003c4       0x14 C:/Users/opeRaptor/workspace_v6_0/lpmsp430g2553_core/Debug\liblpmsp430g2553_core.a(atof.o)
 .debug_aranges
                0x000003d8       0x14 C:/Users/opeRaptor/workspace_v6_0/lpmsp430g2553_core/Debug\liblpmsp430g2553_core.a(dtostrf.o)
 .debug_aranges
                0x000003ec       0x20 C:/Users/opeRaptor/workspace_v6_0/lpmsp430g2553_core/Debug\liblpmsp430g2553_core.a(itoa.o)
 .debug_aranges
                0x0000040c       0x1c C:/Users/opeRaptor/workspace_v6_0/lpmsp430g2553_core/Debug\liblpmsp430g2553_core.a(usci_isr_handler.o)
 .debug_aranges
                0x00000428       0x28 C:/Users/opeRaptor/workspace_v6_0/lpmsp430g2553_core/Debug\liblpmsp430g2553_core.a(new.o)
 .debug_aranges
                0x00000450       0x38 C:/Users/opeRaptor/workspace_v6_0/lpmsp430g2553_core/Debug\liblpmsp430g2553_core.a(twi.o)
 .debug_aranges
                0x00000488       0x14 c:/program files (x86)/energia-0101e0014/hardware/tools/msp430/bin/../lib/gcc/msp430/4.6.3/../../../../msp430/lib\libm.a(ef_pow.o)
 .debug_aranges
                0x0000049c       0x14 c:/program files (x86)/energia-0101e0014/hardware/tools/msp430/bin/../lib/gcc/msp430/4.6.3/../../../../msp430/lib\libm.a(sf_scalbn.o)
 .debug_aranges
                0x000004b0       0x14 c:/program files (x86)/energia-0101e0014/hardware/tools/msp430/bin/../lib/gcc/msp430/4.6.3/../../../../msp430/lib\libm.a(ef_sqrt.o)
 .debug_aranges
                0x000004c4       0x14 c:/program files (x86)/energia-0101e0014/hardware/tools/msp430/bin/../lib/gcc/msp430/4.6.3\libgcc.a(_mulqi3.o)
 .debug_aranges
                0x000004d8       0x14 c:/program files (x86)/energia-0101e0014/hardware/tools/msp430/bin/../lib/gcc/msp430/4.6.3\libgcc.a(_mulhi3.o)
 .debug_aranges
                0x000004ec       0x14 c:/program files (x86)/energia-0101e0014/hardware/tools/msp430/bin/../lib/gcc/msp430/4.6.3\libgcc.a(_mulsi3.o)
 .debug_aranges
                0x00000500       0x14 c:/program files (x86)/energia-0101e0014/hardware/tools/msp430/bin/../lib/gcc/msp430/4.6.3\libgcc.a(_udivmod16.o)
 .debug_aranges
                0x00000514       0x14 c:/program files (x86)/energia-0101e0014/hardware/tools/msp430/bin/../lib/gcc/msp430/4.6.3\libgcc.a(_udivmod32.o)
 .debug_aranges
                0x00000528       0x14 c:/program files (x86)/energia-0101e0014/hardware/tools/msp430/bin/../lib/gcc/msp430/4.6.3\libgcc.a(_fixunssfsi.o)
 .debug_aranges
                0x0000053c       0x14 c:/program files (x86)/energia-0101e0014/hardware/tools/msp430/bin/../lib/gcc/msp430/4.6.3\libgcc.a(_addsub_sf.o)
 .debug_aranges
                0x00000550       0x14 c:/program files (x86)/energia-0101e0014/hardware/tools/msp430/bin/../lib/gcc/msp430/4.6.3\libgcc.a(_mul_sf.o)
 .debug_aranges
                0x00000564       0x14 c:/program files (x86)/energia-0101e0014/hardware/tools/msp430/bin/../lib/gcc/msp430/4.6.3\libgcc.a(_div_sf.o)
 .debug_aranges
                0x00000578       0x14 c:/program files (x86)/energia-0101e0014/hardware/tools/msp430/bin/../lib/gcc/msp430/4.6.3\libgcc.a(_gt_sf.o)
 .debug_aranges
                0x0000058c       0x14 c:/program files (x86)/energia-0101e0014/hardware/tools/msp430/bin/../lib/gcc/msp430/4.6.3\libgcc.a(_ge_sf.o)
 .debug_aranges
                0x000005a0       0x14 c:/program files (x86)/energia-0101e0014/hardware/tools/msp430/bin/../lib/gcc/msp430/4.6.3\libgcc.a(_lt_sf.o)
 .debug_aranges
                0x000005b4       0x14 c:/program files (x86)/energia-0101e0014/hardware/tools/msp430/bin/../lib/gcc/msp430/4.6.3\libgcc.a(_le_sf.o)
 .debug_aranges
                0x000005c8       0x14 c:/program files (x86)/energia-0101e0014/hardware/tools/msp430/bin/../lib/gcc/msp430/4.6.3\libgcc.a(_si_to_sf.o)
 .debug_aranges
                0x000005dc       0x14 c:/program files (x86)/energia-0101e0014/hardware/tools/msp430/bin/../lib/gcc/msp430/4.6.3\libgcc.a(_sf_to_si.o)
 .debug_aranges
                0x000005f0       0x14 c:/program files (x86)/energia-0101e0014/hardware/tools/msp430/bin/../lib/gcc/msp430/4.6.3\libgcc.a(_usi_to_sf.o)
 .debug_aranges
                0x00000604       0x14 c:/program files (x86)/energia-0101e0014/hardware/tools/msp430/bin/../lib/gcc/msp430/4.6.3\libgcc.a(_clzsi2.o)
 .debug_aranges
                0x00000618       0x14 c:/program files (x86)/energia-0101e0014/hardware/tools/msp430/bin/../lib/gcc/msp430/4.6.3\libgcc.a(_pack_sf.o)
 .debug_aranges
                0x0000062c       0x14 c:/program files (x86)/energia-0101e0014/hardware/tools/msp430/bin/../lib/gcc/msp430/4.6.3\libgcc.a(_unpack_sf.o)
 .debug_aranges
                0x00000640       0x14 c:/program files (x86)/energia-0101e0014/hardware/tools/msp430/bin/../lib/gcc/msp430/4.6.3\libgcc.a(_fpcmp_parts_sf.o)
 .debug_aranges
                0x00000654       0x14 c:/program files (x86)/energia-0101e0014/hardware/tools/msp430/bin/../lib/gcc/msp430/4.6.3/../../../../msp430/lib\libc.a(strchr.o)
 .debug_aranges
                0x00000668       0x14 c:/program files (x86)/energia-0101e0014/hardware/tools/msp430/bin/../lib/gcc/msp430/4.6.3/../../../../msp430/lib\libc.a(strcmp.o)
 .debug_aranges
                0x0000067c       0x14 c:/program files (x86)/energia-0101e0014/hardware/tools/msp430/bin/../lib/gcc/msp430/4.6.3/../../../../msp430/lib\libc.a(strncmp.o)
 .debug_aranges
                0x00000690       0x14 c:/program files (x86)/energia-0101e0014/hardware/tools/msp430/bin/../lib/gcc/msp430/4.6.3/../../../../msp430/lib\libc.a(strcpy.o)
 .debug_aranges
                0x000006a4       0x14 c:/program files (x86)/energia-0101e0014/hardware/tools/msp430/bin/../lib/gcc/msp430/4.6.3/../../../../msp430/lib\libc.a(strncpy.o)
 .debug_aranges
                0x000006b8       0x14 c:/program files (x86)/energia-0101e0014/hardware/tools/msp430/bin/../lib/gcc/msp430/4.6.3/../../../../msp430/lib\libc.a(memcpy.o)
 .debug_aranges
                0x000006cc       0x14 c:/program files (x86)/energia-0101e0014/hardware/tools/msp430/bin/../lib/gcc/msp430/4.6.3/../../../../msp430/lib\libc.a(memmove.o)
 .debug_aranges
                0x000006e0       0x14 c:/program files (x86)/energia-0101e0014/hardware/tools/msp430/bin/../lib/gcc/msp430/4.6.3/../../../../msp430/lib\libc.a(strrchr.o)
 .debug_aranges
                0x000006f4       0x14 c:/program files (x86)/energia-0101e0014/hardware/tools/msp430/bin/../lib/gcc/msp430/4.6.3/../../../../msp430/lib\libc.a(strstr.o)
 .debug_aranges
                0x00000708       0x14 c:/program files (x86)/energia-0101e0014/hardware/tools/msp430/bin/../lib/gcc/msp430/4.6.3/../../../../msp430/lib\libc.a(atol.o)
 .debug_aranges
                0x0000071c       0x14 c:/program files (x86)/energia-0101e0014/hardware/tools/msp430/bin/../lib/gcc/msp430/4.6.3/../../../../msp430/lib\libc.a(malloc.o)
 .debug_aranges
                0x00000730       0x14 c:/program files (x86)/energia-0101e0014/hardware/tools/msp430/bin/../lib/gcc/msp430/4.6.3/../../../../msp430/lib\libc.a(strtol.o)
 .debug_aranges
                0x00000744       0x14 c:/program files (x86)/energia-0101e0014/hardware/tools/msp430/bin/../lib/gcc/msp430/4.6.3/../../../../msp430/lib\libc.a(sprintf.o)
 .debug_aranges
                0x00000758       0x14 c:/program files (x86)/energia-0101e0014/hardware/tools/msp430/bin/../lib/gcc/msp430/4.6.3/../../../../msp430/lib\libc.a(vuprintf.o)
 .debug_aranges
                0x0000076c       0x14 c:/program files (x86)/energia-0101e0014/hardware/tools/msp430/bin/../lib/gcc/msp430/4.6.3\libgcc.a(_divmod32.o)
 .debug_aranges
                0x00000780       0x14 c:/program files (x86)/energia-0101e0014/hardware/tools/msp430/bin/../lib/gcc/msp430/4.6.3\libgcc.a(_udivmod64.o)
 .debug_aranges
                0x00000794       0x14 c:/program files (x86)/energia-0101e0014/hardware/tools/msp430/bin/../lib/gcc/msp430/4.6.3\libcrt0.a(__watchdog_support.o)
 .debug_aranges
                0x000007a8       0x14 c:/program files (x86)/energia-0101e0014/hardware/tools/msp430/bin/../lib/gcc/msp430/4.6.3\libcrt0.a(__init_stack.o)
 .debug_aranges
                0x000007bc       0x14 c:/program files (x86)/energia-0101e0014/hardware/tools/msp430/bin/../lib/gcc/msp430/4.6.3\libcrt0.a(_copy_data.o)
 .debug_aranges
                0x000007d0       0x14 c:/program files (x86)/energia-0101e0014/hardware/tools/msp430/bin/../lib/gcc/msp430/4.6.3\libcrt0.a(_clear_bss.o)
 .debug_aranges
                0x000007e4       0x14 c:/program files (x86)/energia-0101e0014/hardware/tools/msp430/bin/../lib/gcc/msp430/4.6.3\libcrt0.a(_endless_loop__.o)
 .debug_aranges
                0x000007f8       0x14 c:/program files (x86)/energia-0101e0014/hardware/tools/msp430/bin/../lib/gcc/msp430/4.6.3\libcrt0.a(_unexpected_.o)
 .debug_aranges
                0x0000080c       0x14 c:/program files (x86)/energia-0101e0014/hardware/tools/msp430/bin/../lib/gcc/msp430/4.6.3\libcrt0.a(_ctors430.o)

.debug_pubnames
 *(.debug_pubnames)

.debug_info     0x00000000     0xeaae
 *(.debug_info)
 .debug_info    0x00000000      0x4ac ./Enrf24_TXdemo.o
 .debug_info    0x000004ac     0x15e2 C:/Users/opeRaptor/workspace_v6_0/lpmsp430g2553_Enrf24/Debug\liblpmsp430g2553_Enrf24.a(Enrf24.o)
 .debug_info    0x00001a8e      0x37b C:/Users/opeRaptor/workspace_v6_0/lpmsp430g2553_SPI/Debug\liblpmsp430g2553_SPI.a(SPI.o)
 .debug_info    0x00001e09      0x3a7 C:/Users/opeRaptor/workspace_v6_0/lpmsp430g2553_SPI/Debug\liblpmsp430g2553_SPI.a(usci_spi.o)
 .debug_info    0x000021b0      0x5e9 C:/Users/opeRaptor/workspace_v6_0/lpmsp430g2553_core/Debug\liblpmsp430g2553_core.a(wiring.o)
 .debug_info    0x00002799      0x5fe C:/Users/opeRaptor/workspace_v6_0/lpmsp430g2553_core/Debug\liblpmsp430g2553_core.a(wiring_analog.o)
 .debug_info    0x00002d97      0x74f C:/Users/opeRaptor/workspace_v6_0/lpmsp430g2553_core/Debug\liblpmsp430g2553_core.a(wiring_digital.o)
 .debug_info    0x000034e6     0x1834 C:/Users/opeRaptor/workspace_v6_0/lpmsp430g2553_core/Debug\liblpmsp430g2553_core.a(HardwareSerial.o)
 .debug_info    0x00004d1a      0x25c C:/Users/opeRaptor/workspace_v6_0/lpmsp430g2553_core/Debug\liblpmsp430g2553_core.a(main.o)
 .debug_info    0x00004f76     0x1b82 C:/Users/opeRaptor/workspace_v6_0/lpmsp430g2553_core/Debug\liblpmsp430g2553_core.a(Print.o)
 .debug_info    0x00006af8     0x2767 C:/Users/opeRaptor/workspace_v6_0/lpmsp430g2553_core/Debug\liblpmsp430g2553_core.a(WString.o)
 .debug_info    0x0000925f       0xd6 C:/Users/opeRaptor/workspace_v6_0/lpmsp430g2553_core/Debug\liblpmsp430g2553_core.a(atof.o)
 .debug_info    0x00009335      0x14b C:/Users/opeRaptor/workspace_v6_0/lpmsp430g2553_core/Debug\liblpmsp430g2553_core.a(dtostrf.o)
 .debug_info    0x00009480      0x224 C:/Users/opeRaptor/workspace_v6_0/lpmsp430g2553_core/Debug\liblpmsp430g2553_core.a(itoa.o)
 .debug_info    0x000096a4      0x2cf C:/Users/opeRaptor/workspace_v6_0/lpmsp430g2553_core/Debug\liblpmsp430g2553_core.a(usci_isr_handler.o)
 .debug_info    0x00009973      0x142 C:/Users/opeRaptor/workspace_v6_0/lpmsp430g2553_core/Debug\liblpmsp430g2553_core.a(new.o)
 .debug_info    0x00009ab5      0x5f0 C:/Users/opeRaptor/workspace_v6_0/lpmsp430g2553_core/Debug\liblpmsp430g2553_core.a(twi.o)
 .debug_info    0x0000a0a5      0x5ea c:/program files (x86)/energia-0101e0014/hardware/tools/msp430/bin/../lib/gcc/msp430/4.6.3/../../../../msp430/lib\libm.a(ef_pow.o)
 .debug_info    0x0000a68f      0x1e4 c:/program files (x86)/energia-0101e0014/hardware/tools/msp430/bin/../lib/gcc/msp430/4.6.3/../../../../msp430/lib\libm.a(sf_scalbn.o)
 .debug_info    0x0000a873      0x208 c:/program files (x86)/energia-0101e0014/hardware/tools/msp430/bin/../lib/gcc/msp430/4.6.3/../../../../msp430/lib\libm.a(ef_sqrt.o)
 .debug_info    0x0000aa7b       0x8d c:/program files (x86)/energia-0101e0014/hardware/tools/msp430/bin/../lib/gcc/msp430/4.6.3\libgcc.a(_mulqi3.o)
 .debug_info    0x0000ab08       0x8d c:/program files (x86)/energia-0101e0014/hardware/tools/msp430/bin/../lib/gcc/msp430/4.6.3\libgcc.a(_mulhi3.o)
 .debug_info    0x0000ab95       0x8d c:/program files (x86)/energia-0101e0014/hardware/tools/msp430/bin/../lib/gcc/msp430/4.6.3\libgcc.a(_mulsi3.o)
 .debug_info    0x0000ac22       0x8d c:/program files (x86)/energia-0101e0014/hardware/tools/msp430/bin/../lib/gcc/msp430/4.6.3\libgcc.a(_udivmod16.o)
 .debug_info    0x0000acaf       0x8d c:/program files (x86)/energia-0101e0014/hardware/tools/msp430/bin/../lib/gcc/msp430/4.6.3\libgcc.a(_udivmod32.o)
 .debug_info    0x0000ad3c       0xb5 c:/program files (x86)/energia-0101e0014/hardware/tools/msp430/bin/../lib/gcc/msp430/4.6.3\libgcc.a(_fixunssfsi.o)
 .debug_info    0x0000adf1      0x425 c:/program files (x86)/energia-0101e0014/hardware/tools/msp430/bin/../lib/gcc/msp430/4.6.3\libgcc.a(_addsub_sf.o)
 .debug_info    0x0000b216      0x3c9 c:/program files (x86)/energia-0101e0014/hardware/tools/msp430/bin/../lib/gcc/msp430/4.6.3\libgcc.a(_mul_sf.o)
 .debug_info    0x0000b5df      0x35c c:/program files (x86)/energia-0101e0014/hardware/tools/msp430/bin/../lib/gcc/msp430/4.6.3\libgcc.a(_div_sf.o)
 .debug_info    0x0000b93b      0x26e c:/program files (x86)/energia-0101e0014/hardware/tools/msp430/bin/../lib/gcc/msp430/4.6.3\libgcc.a(_gt_sf.o)
 .debug_info    0x0000bba9      0x26e c:/program files (x86)/energia-0101e0014/hardware/tools/msp430/bin/../lib/gcc/msp430/4.6.3\libgcc.a(_ge_sf.o)
 .debug_info    0x0000be17      0x26e c:/program files (x86)/energia-0101e0014/hardware/tools/msp430/bin/../lib/gcc/msp430/4.6.3\libgcc.a(_lt_sf.o)
 .debug_info    0x0000c085      0x26e c:/program files (x86)/energia-0101e0014/hardware/tools/msp430/bin/../lib/gcc/msp430/4.6.3\libgcc.a(_le_sf.o)
 .debug_info    0x0000c2f3      0x20b c:/program files (x86)/energia-0101e0014/hardware/tools/msp430/bin/../lib/gcc/msp430/4.6.3\libgcc.a(_si_to_sf.o)
 .debug_info    0x0000c4fe      0x289 c:/program files (x86)/energia-0101e0014/hardware/tools/msp430/bin/../lib/gcc/msp430/4.6.3\libgcc.a(_sf_to_si.o)
 .debug_info    0x0000c787      0x144 c:/program files (x86)/energia-0101e0014/hardware/tools/msp430/bin/../lib/gcc/msp430/4.6.3\libgcc.a(_thenan_sf.o)
 .debug_info    0x0000c8cb      0x204 c:/program files (x86)/energia-0101e0014/hardware/tools/msp430/bin/../lib/gcc/msp430/4.6.3\libgcc.a(_usi_to_sf.o)
 .debug_info    0x0000cacf      0x109 c:/program files (x86)/energia-0101e0014/hardware/tools/msp430/bin/../lib/gcc/msp430/4.6.3\libgcc.a(_clzsi2.o)
 .debug_info    0x0000cbd8      0x2b1 c:/program files (x86)/energia-0101e0014/hardware/tools/msp430/bin/../lib/gcc/msp430/4.6.3\libgcc.a(_pack_sf.o)
 .debug_info    0x0000ce89      0x23e c:/program files (x86)/energia-0101e0014/hardware/tools/msp430/bin/../lib/gcc/msp430/4.6.3\libgcc.a(_unpack_sf.o)
 .debug_info    0x0000d0c7      0x1d5 c:/program files (x86)/energia-0101e0014/hardware/tools/msp430/bin/../lib/gcc/msp430/4.6.3\libgcc.a(_fpcmp_parts_sf.o)
 .debug_info    0x0000d29c       0xa0 c:/program files (x86)/energia-0101e0014/hardware/tools/msp430/bin/../lib/gcc/msp430/4.6.3\libgcc.a(_clz.o)
 .debug_info    0x0000d33c       0xa7 c:/program files (x86)/energia-0101e0014/hardware/tools/msp430/bin/../lib/gcc/msp430/4.6.3/../../../../msp430/lib\libc.a(strchr.o)
 .debug_info    0x0000d3e3       0xa4 c:/program files (x86)/energia-0101e0014/hardware/tools/msp430/bin/../lib/gcc/msp430/4.6.3/../../../../msp430/lib\libc.a(strcmp.o)
 .debug_info    0x0000d487       0xbb c:/program files (x86)/energia-0101e0014/hardware/tools/msp430/bin/../lib/gcc/msp430/4.6.3/../../../../msp430/lib\libc.a(strncmp.o)
 .debug_info    0x0000d542       0xb6 c:/program files (x86)/energia-0101e0014/hardware/tools/msp430/bin/../lib/gcc/msp430/4.6.3/../../../../msp430/lib\libc.a(strcpy.o)
 .debug_info    0x0000d5f8       0xe1 c:/program files (x86)/energia-0101e0014/hardware/tools/msp430/bin/../lib/gcc/msp430/4.6.3/../../../../msp430/lib\libc.a(strncpy.o)
 .debug_info    0x0000d6d9      0x113 c:/program files (x86)/energia-0101e0014/hardware/tools/msp430/bin/../lib/gcc/msp430/4.6.3/../../../../msp430/lib\libc.a(memcpy.o)
 .debug_info    0x0000d7ec      0x113 c:/program files (x86)/energia-0101e0014/hardware/tools/msp430/bin/../lib/gcc/msp430/4.6.3/../../../../msp430/lib\libc.a(memmove.o)
 .debug_info    0x0000d8ff       0xb7 c:/program files (x86)/energia-0101e0014/hardware/tools/msp430/bin/../lib/gcc/msp430/4.6.3/../../../../msp430/lib\libc.a(strrchr.o)
 .debug_info    0x0000d9b6       0xe0 c:/program files (x86)/energia-0101e0014/hardware/tools/msp430/bin/../lib/gcc/msp430/4.6.3/../../../../msp430/lib\libc.a(strstr.o)
 .debug_info    0x0000da96       0x95 c:/program files (x86)/energia-0101e0014/hardware/tools/msp430/bin/../lib/gcc/msp430/4.6.3/../../../../msp430/lib\libc.a(atol.o)
 .debug_info    0x0000db2b      0x151 c:/program files (x86)/energia-0101e0014/hardware/tools/msp430/bin/../lib/gcc/msp430/4.6.3/../../../../msp430/lib\libc.a(malloc.o)
 .debug_info    0x0000dc7c      0x1d7 c:/program files (x86)/energia-0101e0014/hardware/tools/msp430/bin/../lib/gcc/msp430/4.6.3/../../../../msp430/lib\libc.a(strtol.o)
 .debug_info    0x0000de53      0x277 c:/program files (x86)/energia-0101e0014/hardware/tools/msp430/bin/../lib/gcc/msp430/4.6.3/../../../../msp430/lib\libc.a(sprintf.o)
 .debug_info    0x0000e0ca      0x565 c:/program files (x86)/energia-0101e0014/hardware/tools/msp430/bin/../lib/gcc/msp430/4.6.3/../../../../msp430/lib\libc.a(vuprintf.o)
 .debug_info    0x0000e62f       0x39 c:/program files (x86)/energia-0101e0014/hardware/tools/msp430/bin/../lib/gcc/msp430/4.6.3/../../../../msp430/lib\libc.a(errno.o)
 .debug_info    0x0000e668       0x8d c:/program files (x86)/energia-0101e0014/hardware/tools/msp430/bin/../lib/gcc/msp430/4.6.3\libgcc.a(_divmod32.o)
 .debug_info    0x0000e6f5       0x8d c:/program files (x86)/energia-0101e0014/hardware/tools/msp430/bin/../lib/gcc/msp430/4.6.3\libgcc.a(_udivmod64.o)
 .debug_info    0x0000e782       0x74 c:/program files (x86)/energia-0101e0014/hardware/tools/msp430/bin/../lib/gcc/msp430/4.6.3\libcrt0.a(__watchdog_support.o)
 .debug_info    0x0000e7f6       0x74 c:/program files (x86)/energia-0101e0014/hardware/tools/msp430/bin/../lib/gcc/msp430/4.6.3\libcrt0.a(__init_stack.o)
 .debug_info    0x0000e86a       0x74 c:/program files (x86)/energia-0101e0014/hardware/tools/msp430/bin/../lib/gcc/msp430/4.6.3\libcrt0.a(_copy_data.o)
 .debug_info    0x0000e8de       0x74 c:/program files (x86)/energia-0101e0014/hardware/tools/msp430/bin/../lib/gcc/msp430/4.6.3\libcrt0.a(_clear_bss.o)
 .debug_info    0x0000e952       0x74 c:/program files (x86)/energia-0101e0014/hardware/tools/msp430/bin/../lib/gcc/msp430/4.6.3\libcrt0.a(_endless_loop__.o)
 .debug_info    0x0000e9c6       0x74 c:/program files (x86)/energia-0101e0014/hardware/tools/msp430/bin/../lib/gcc/msp430/4.6.3\libcrt0.a(_unexpected_.o)
 .debug_info    0x0000ea3a       0x74 c:/program files (x86)/energia-0101e0014/hardware/tools/msp430/bin/../lib/gcc/msp430/4.6.3\libcrt0.a(_ctors430.o)
 *(.gnu.linkonce.wi.*)

.debug_abbrev   0x00000000     0x42b4
 *(.debug_abbrev)
 .debug_abbrev  0x00000000      0x243 ./Enrf24_TXdemo.o
 .debug_abbrev  0x00000243      0x414 C:/Users/opeRaptor/workspace_v6_0/lpmsp430g2553_Enrf24/Debug\liblpmsp430g2553_Enrf24.a(Enrf24.o)
 .debug_abbrev  0x00000657      0x133 C:/Users/opeRaptor/workspace_v6_0/lpmsp430g2553_SPI/Debug\liblpmsp430g2553_SPI.a(SPI.o)
 .debug_abbrev  0x0000078a       0xec C:/Users/opeRaptor/workspace_v6_0/lpmsp430g2553_SPI/Debug\liblpmsp430g2553_SPI.a(usci_spi.o)
 .debug_abbrev  0x00000876      0x22e C:/Users/opeRaptor/workspace_v6_0/lpmsp430g2553_core/Debug\liblpmsp430g2553_core.a(wiring.o)
 .debug_abbrev  0x00000aa4      0x1d3 C:/Users/opeRaptor/workspace_v6_0/lpmsp430g2553_core/Debug\liblpmsp430g2553_core.a(wiring_analog.o)
 .debug_abbrev  0x00000c77      0x15b C:/Users/opeRaptor/workspace_v6_0/lpmsp430g2553_core/Debug\liblpmsp430g2553_core.a(wiring_digital.o)
 .debug_abbrev  0x00000dd2      0x456 C:/Users/opeRaptor/workspace_v6_0/lpmsp430g2553_core/Debug\liblpmsp430g2553_core.a(HardwareSerial.o)
 .debug_abbrev  0x00001228       0x8f C:/Users/opeRaptor/workspace_v6_0/lpmsp430g2553_core/Debug\liblpmsp430g2553_core.a(main.o)
 .debug_abbrev  0x000012b7      0x32d C:/Users/opeRaptor/workspace_v6_0/lpmsp430g2553_core/Debug\liblpmsp430g2553_core.a(Print.o)
 .debug_abbrev  0x000015e4      0x365 C:/Users/opeRaptor/workspace_v6_0/lpmsp430g2553_core/Debug\liblpmsp430g2553_core.a(WString.o)
 .debug_abbrev  0x00001949       0x83 C:/Users/opeRaptor/workspace_v6_0/lpmsp430g2553_core/Debug\liblpmsp430g2553_core.a(atof.o)
 .debug_abbrev  0x000019cc       0xe9 C:/Users/opeRaptor/workspace_v6_0/lpmsp430g2553_core/Debug\liblpmsp430g2553_core.a(dtostrf.o)
 .debug_abbrev  0x00001ab5       0xad C:/Users/opeRaptor/workspace_v6_0/lpmsp430g2553_core/Debug\liblpmsp430g2553_core.a(itoa.o)
 .debug_abbrev  0x00001b62       0xf1 C:/Users/opeRaptor/workspace_v6_0/lpmsp430g2553_core/Debug\liblpmsp430g2553_core.a(usci_isr_handler.o)
 .debug_abbrev  0x00001c53       0xec C:/Users/opeRaptor/workspace_v6_0/lpmsp430g2553_core/Debug\liblpmsp430g2553_core.a(new.o)
 .debug_abbrev  0x00001d3f      0x1d3 C:/Users/opeRaptor/workspace_v6_0/lpmsp430g2553_core/Debug\liblpmsp430g2553_core.a(twi.o)
 .debug_abbrev  0x00001f12      0x140 c:/program files (x86)/energia-0101e0014/hardware/tools/msp430/bin/../lib/gcc/msp430/4.6.3/../../../../msp430/lib\libm.a(ef_pow.o)
 .debug_abbrev  0x00002052       0xf4 c:/program files (x86)/energia-0101e0014/hardware/tools/msp430/bin/../lib/gcc/msp430/4.6.3/../../../../msp430/lib\libm.a(sf_scalbn.o)
 .debug_abbrev  0x00002146      0x14a c:/program files (x86)/energia-0101e0014/hardware/tools/msp430/bin/../lib/gcc/msp430/4.6.3/../../../../msp430/lib\libm.a(ef_sqrt.o)
 .debug_abbrev  0x00002290       0x14 c:/program files (x86)/energia-0101e0014/hardware/tools/msp430/bin/../lib/gcc/msp430/4.6.3\libgcc.a(_mulqi3.o)
 .debug_abbrev  0x000022a4       0x14 c:/program files (x86)/energia-0101e0014/hardware/tools/msp430/bin/../lib/gcc/msp430/4.6.3\libgcc.a(_mulhi3.o)
 .debug_abbrev  0x000022b8       0x14 c:/program files (x86)/energia-0101e0014/hardware/tools/msp430/bin/../lib/gcc/msp430/4.6.3\libgcc.a(_mulsi3.o)
 .debug_abbrev  0x000022cc       0x14 c:/program files (x86)/energia-0101e0014/hardware/tools/msp430/bin/../lib/gcc/msp430/4.6.3\libgcc.a(_udivmod16.o)
 .debug_abbrev  0x000022e0       0x14 c:/program files (x86)/energia-0101e0014/hardware/tools/msp430/bin/../lib/gcc/msp430/4.6.3\libgcc.a(_udivmod32.o)
 .debug_abbrev  0x000022f4       0x5d c:/program files (x86)/energia-0101e0014/hardware/tools/msp430/bin/../lib/gcc/msp430/4.6.3\libgcc.a(_fixunssfsi.o)
 .debug_abbrev  0x00002351      0x1ab c:/program files (x86)/energia-0101e0014/hardware/tools/msp430/bin/../lib/gcc/msp430/4.6.3\libgcc.a(_addsub_sf.o)
 .debug_abbrev  0x000024fc      0x1d9 c:/program files (x86)/energia-0101e0014/hardware/tools/msp430/bin/../lib/gcc/msp430/4.6.3\libgcc.a(_mul_sf.o)
 .debug_abbrev  0x000026d5      0x1c4 c:/program files (x86)/energia-0101e0014/hardware/tools/msp430/bin/../lib/gcc/msp430/4.6.3\libgcc.a(_div_sf.o)
 .debug_abbrev  0x00002899      0x151 c:/program files (x86)/energia-0101e0014/hardware/tools/msp430/bin/../lib/gcc/msp430/4.6.3\libgcc.a(_gt_sf.o)
 .debug_abbrev  0x000029ea      0x151 c:/program files (x86)/energia-0101e0014/hardware/tools/msp430/bin/../lib/gcc/msp430/4.6.3\libgcc.a(_ge_sf.o)
 .debug_abbrev  0x00002b3b      0x151 c:/program files (x86)/energia-0101e0014/hardware/tools/msp430/bin/../lib/gcc/msp430/4.6.3\libgcc.a(_lt_sf.o)
 .debug_abbrev  0x00002c8c      0x151 c:/program files (x86)/energia-0101e0014/hardware/tools/msp430/bin/../lib/gcc/msp430/4.6.3\libgcc.a(_le_sf.o)
 .debug_abbrev  0x00002ddd      0x164 c:/program files (x86)/energia-0101e0014/hardware/tools/msp430/bin/../lib/gcc/msp430/4.6.3\libgcc.a(_si_to_sf.o)
 .debug_abbrev  0x00002f41      0x160 c:/program files (x86)/energia-0101e0014/hardware/tools/msp430/bin/../lib/gcc/msp430/4.6.3\libgcc.a(_sf_to_si.o)
 .debug_abbrev  0x000030a1       0xba c:/program files (x86)/energia-0101e0014/hardware/tools/msp430/bin/../lib/gcc/msp430/4.6.3\libgcc.a(_thenan_sf.o)
 .debug_abbrev  0x0000315b      0x173 c:/program files (x86)/energia-0101e0014/hardware/tools/msp430/bin/../lib/gcc/msp430/4.6.3\libgcc.a(_usi_to_sf.o)
 .debug_abbrev  0x000032ce       0xac c:/program files (x86)/energia-0101e0014/hardware/tools/msp430/bin/../lib/gcc/msp430/4.6.3\libgcc.a(_clzsi2.o)
 .debug_abbrev  0x0000337a      0x192 c:/program files (x86)/energia-0101e0014/hardware/tools/msp430/bin/../lib/gcc/msp430/4.6.3\libgcc.a(_pack_sf.o)
 .debug_abbrev  0x0000350c      0x15a c:/program files (x86)/energia-0101e0014/hardware/tools/msp430/bin/../lib/gcc/msp430/4.6.3\libgcc.a(_unpack_sf.o)
 .debug_abbrev  0x00003666      0x10b c:/program files (x86)/energia-0101e0014/hardware/tools/msp430/bin/../lib/gcc/msp430/4.6.3\libgcc.a(_fpcmp_parts_sf.o)
 .debug_abbrev  0x00003771       0x61 c:/program files (x86)/energia-0101e0014/hardware/tools/msp430/bin/../lib/gcc/msp430/4.6.3\libgcc.a(_clz.o)
 .debug_abbrev  0x000037d2       0x6f c:/program files (x86)/energia-0101e0014/hardware/tools/msp430/bin/../lib/gcc/msp430/4.6.3/../../../../msp430/lib\libc.a(strchr.o)
 .debug_abbrev  0x00003841       0x60 c:/program files (x86)/energia-0101e0014/hardware/tools/msp430/bin/../lib/gcc/msp430/4.6.3/../../../../msp430/lib\libc.a(strcmp.o)
 .debug_abbrev  0x000038a1       0x7c c:/program files (x86)/energia-0101e0014/hardware/tools/msp430/bin/../lib/gcc/msp430/4.6.3/../../../../msp430/lib\libc.a(strncmp.o)
 .debug_abbrev  0x0000391d       0x7e c:/program files (x86)/energia-0101e0014/hardware/tools/msp430/bin/../lib/gcc/msp430/4.6.3/../../../../msp430/lib\libc.a(strcpy.o)
 .debug_abbrev  0x0000399b       0x94 c:/program files (x86)/energia-0101e0014/hardware/tools/msp430/bin/../lib/gcc/msp430/4.6.3/../../../../msp430/lib\libc.a(strncpy.o)
 .debug_abbrev  0x00003a2f       0x97 c:/program files (x86)/energia-0101e0014/hardware/tools/msp430/bin/../lib/gcc/msp430/4.6.3/../../../../msp430/lib\libc.a(memcpy.o)
 .debug_abbrev  0x00003ac6       0x97 c:/program files (x86)/energia-0101e0014/hardware/tools/msp430/bin/../lib/gcc/msp430/4.6.3/../../../../msp430/lib\libc.a(memmove.o)
 .debug_abbrev  0x00003b5d       0x7e c:/program files (x86)/energia-0101e0014/hardware/tools/msp430/bin/../lib/gcc/msp430/4.6.3/../../../../msp430/lib\libc.a(strrchr.o)
 .debug_abbrev  0x00003bdb       0x8b c:/program files (x86)/energia-0101e0014/hardware/tools/msp430/bin/../lib/gcc/msp430/4.6.3/../../../../msp430/lib\libc.a(strstr.o)
 .debug_abbrev  0x00003c66       0x60 c:/program files (x86)/energia-0101e0014/hardware/tools/msp430/bin/../lib/gcc/msp430/4.6.3/../../../../msp430/lib\libc.a(atol.o)
 .debug_abbrev  0x00003cc6      0x104 c:/program files (x86)/energia-0101e0014/hardware/tools/msp430/bin/../lib/gcc/msp430/4.6.3/../../../../msp430/lib\libc.a(malloc.o)
 .debug_abbrev  0x00003dca      0x112 c:/program files (x86)/energia-0101e0014/hardware/tools/msp430/bin/../lib/gcc/msp430/4.6.3/../../../../msp430/lib\libc.a(strtol.o)
 .debug_abbrev  0x00003edc      0x105 c:/program files (x86)/energia-0101e0014/hardware/tools/msp430/bin/../lib/gcc/msp430/4.6.3/../../../../msp430/lib\libc.a(sprintf.o)
 .debug_abbrev  0x00003fe1      0x1ef c:/program files (x86)/energia-0101e0014/hardware/tools/msp430/bin/../lib/gcc/msp430/4.6.3/../../../../msp430/lib\libc.a(vuprintf.o)
 .debug_abbrev  0x000041d0       0x30 c:/program files (x86)/energia-0101e0014/hardware/tools/msp430/bin/../lib/gcc/msp430/4.6.3/../../../../msp430/lib\libc.a(errno.o)
 .debug_abbrev  0x00004200       0x14 c:/program files (x86)/energia-0101e0014/hardware/tools/msp430/bin/../lib/gcc/msp430/4.6.3\libgcc.a(_divmod32.o)
 .debug_abbrev  0x00004214       0x14 c:/program files (x86)/energia-0101e0014/hardware/tools/msp430/bin/../lib/gcc/msp430/4.6.3\libgcc.a(_udivmod64.o)
 .debug_abbrev  0x00004228       0x14 c:/program files (x86)/energia-0101e0014/hardware/tools/msp430/bin/../lib/gcc/msp430/4.6.3\libcrt0.a(__watchdog_support.o)
 .debug_abbrev  0x0000423c       0x14 c:/program files (x86)/energia-0101e0014/hardware/tools/msp430/bin/../lib/gcc/msp430/4.6.3\libcrt0.a(__init_stack.o)
 .debug_abbrev  0x00004250       0x14 c:/program files (x86)/energia-0101e0014/hardware/tools/msp430/bin/../lib/gcc/msp430/4.6.3\libcrt0.a(_copy_data.o)
 .debug_abbrev  0x00004264       0x14 c:/program files (x86)/energia-0101e0014/hardware/tools/msp430/bin/../lib/gcc/msp430/4.6.3\libcrt0.a(_clear_bss.o)
 .debug_abbrev  0x00004278       0x14 c:/program files (x86)/energia-0101e0014/hardware/tools/msp430/bin/../lib/gcc/msp430/4.6.3\libcrt0.a(_endless_loop__.o)
 .debug_abbrev  0x0000428c       0x14 c:/program files (x86)/energia-0101e0014/hardware/tools/msp430/bin/../lib/gcc/msp430/4.6.3\libcrt0.a(_unexpected_.o)
 .debug_abbrev  0x000042a0       0x14 c:/program files (x86)/energia-0101e0014/hardware/tools/msp430/bin/../lib/gcc/msp430/4.6.3\libcrt0.a(_ctors430.o)

.debug_line     0x00000000     0x4c2a
 *(.debug_line)
 .debug_line    0x00000000      0x2e4 ./Enrf24_TXdemo.o
 .debug_line    0x000002e4      0x759 C:/Users/opeRaptor/workspace_v6_0/lpmsp430g2553_Enrf24/Debug\liblpmsp430g2553_Enrf24.a(Enrf24.o)
 .debug_line    0x00000a3d      0x1a3 C:/Users/opeRaptor/workspace_v6_0/lpmsp430g2553_SPI/Debug\liblpmsp430g2553_SPI.a(SPI.o)
 .debug_line    0x00000be0      0x1e4 C:/Users/opeRaptor/workspace_v6_0/lpmsp430g2553_SPI/Debug\liblpmsp430g2553_SPI.a(usci_spi.o)
 .debug_line    0x00000dc4      0x2c8 C:/Users/opeRaptor/workspace_v6_0/lpmsp430g2553_core/Debug\liblpmsp430g2553_core.a(wiring.o)
 .debug_line    0x0000108c      0x222 C:/Users/opeRaptor/workspace_v6_0/lpmsp430g2553_core/Debug\liblpmsp430g2553_core.a(wiring_analog.o)
 .debug_line    0x000012ae      0x1fa C:/Users/opeRaptor/workspace_v6_0/lpmsp430g2553_core/Debug\liblpmsp430g2553_core.a(wiring_digital.o)
 .debug_line    0x000014a8      0x334 C:/Users/opeRaptor/workspace_v6_0/lpmsp430g2553_core/Debug\liblpmsp430g2553_core.a(HardwareSerial.o)
 .debug_line    0x000017dc      0x161 C:/Users/opeRaptor/workspace_v6_0/lpmsp430g2553_core/Debug\liblpmsp430g2553_core.a(main.o)
 .debug_line    0x0000193d      0x3c6 C:/Users/opeRaptor/workspace_v6_0/lpmsp430g2553_core/Debug\liblpmsp430g2553_core.a(Print.o)
 .debug_line    0x00001d03      0x7e1 C:/Users/opeRaptor/workspace_v6_0/lpmsp430g2553_core/Debug\liblpmsp430g2553_core.a(WString.o)
 .debug_line    0x000024e4       0xd7 C:/Users/opeRaptor/workspace_v6_0/lpmsp430g2553_core/Debug\liblpmsp430g2553_core.a(atof.o)
 .debug_line    0x000025bb      0x11f C:/Users/opeRaptor/workspace_v6_0/lpmsp430g2553_core/Debug\liblpmsp430g2553_core.a(dtostrf.o)
 .debug_line    0x000026da       0xf2 C:/Users/opeRaptor/workspace_v6_0/lpmsp430g2553_core/Debug\liblpmsp430g2553_core.a(itoa.o)
 .debug_line    0x000027cc      0x1b2 C:/Users/opeRaptor/workspace_v6_0/lpmsp430g2553_core/Debug\liblpmsp430g2553_core.a(usci_isr_handler.o)
 .debug_line    0x0000297e      0x138 C:/Users/opeRaptor/workspace_v6_0/lpmsp430g2553_core/Debug\liblpmsp430g2553_core.a(new.o)
 .debug_line    0x00002ab6      0x2a5 C:/Users/opeRaptor/workspace_v6_0/lpmsp430g2553_core/Debug\liblpmsp430g2553_core.a(twi.o)
 .debug_line    0x00002d5b      0x1c6 c:/program files (x86)/energia-0101e0014/hardware/tools/msp430/bin/../lib/gcc/msp430/4.6.3/../../../../msp430/lib\libm.a(ef_pow.o)
 .debug_line    0x00002f21       0x97 c:/program files (x86)/energia-0101e0014/hardware/tools/msp430/bin/../lib/gcc/msp430/4.6.3/../../../../msp430/lib\libm.a(sf_scalbn.o)
 .debug_line    0x00002fb8       0xb7 c:/program files (x86)/energia-0101e0014/hardware/tools/msp430/bin/../lib/gcc/msp430/4.6.3/../../../../msp430/lib\libm.a(ef_sqrt.o)
 .debug_line    0x0000306f       0x73 c:/program files (x86)/energia-0101e0014/hardware/tools/msp430/bin/../lib/gcc/msp430/4.6.3\libgcc.a(_mulqi3.o)
 .debug_line    0x000030e2       0x74 c:/program files (x86)/energia-0101e0014/hardware/tools/msp430/bin/../lib/gcc/msp430/4.6.3\libgcc.a(_mulhi3.o)
 .debug_line    0x00003156       0x7e c:/program files (x86)/energia-0101e0014/hardware/tools/msp430/bin/../lib/gcc/msp430/4.6.3\libgcc.a(_mulsi3.o)
 .debug_line    0x000031d4       0x77 c:/program files (x86)/energia-0101e0014/hardware/tools/msp430/bin/../lib/gcc/msp430/4.6.3\libgcc.a(_udivmod16.o)
 .debug_line    0x0000324b       0x86 c:/program files (x86)/energia-0101e0014/hardware/tools/msp430/bin/../lib/gcc/msp430/4.6.3\libgcc.a(_udivmod32.o)
 .debug_line    0x000032d1       0x6f c:/program files (x86)/energia-0101e0014/hardware/tools/msp430/bin/../lib/gcc/msp430/4.6.3\libgcc.a(_fixunssfsi.o)
 .debug_line    0x00003340      0x117 c:/program files (x86)/energia-0101e0014/hardware/tools/msp430/bin/../lib/gcc/msp430/4.6.3\libgcc.a(_addsub_sf.o)
 .debug_line    0x00003457      0x10f c:/program files (x86)/energia-0101e0014/hardware/tools/msp430/bin/../lib/gcc/msp430/4.6.3\libgcc.a(_mul_sf.o)
 .debug_line    0x00003566       0xd1 c:/program files (x86)/energia-0101e0014/hardware/tools/msp430/bin/../lib/gcc/msp430/4.6.3\libgcc.a(_div_sf.o)
 .debug_line    0x00003637       0x89 c:/program files (x86)/energia-0101e0014/hardware/tools/msp430/bin/../lib/gcc/msp430/4.6.3\libgcc.a(_gt_sf.o)
 .debug_line    0x000036c0       0x89 c:/program files (x86)/energia-0101e0014/hardware/tools/msp430/bin/../lib/gcc/msp430/4.6.3\libgcc.a(_ge_sf.o)
 .debug_line    0x00003749       0x89 c:/program files (x86)/energia-0101e0014/hardware/tools/msp430/bin/../lib/gcc/msp430/4.6.3\libgcc.a(_lt_sf.o)
 .debug_line    0x000037d2       0x89 c:/program files (x86)/energia-0101e0014/hardware/tools/msp430/bin/../lib/gcc/msp430/4.6.3\libgcc.a(_le_sf.o)
 .debug_line    0x0000385b       0xa1 c:/program files (x86)/energia-0101e0014/hardware/tools/msp430/bin/../lib/gcc/msp430/4.6.3\libgcc.a(_si_to_sf.o)
 .debug_line    0x000038fc       0x97 c:/program files (x86)/energia-0101e0014/hardware/tools/msp430/bin/../lib/gcc/msp430/4.6.3\libgcc.a(_sf_to_si.o)
 .debug_line    0x00003993       0x6c c:/program files (x86)/energia-0101e0014/hardware/tools/msp430/bin/../lib/gcc/msp430/4.6.3\libgcc.a(_thenan_sf.o)
 .debug_line    0x000039ff       0x9e c:/program files (x86)/energia-0101e0014/hardware/tools/msp430/bin/../lib/gcc/msp430/4.6.3\libgcc.a(_usi_to_sf.o)
 .debug_line    0x00003a9d       0x99 c:/program files (x86)/energia-0101e0014/hardware/tools/msp430/bin/../lib/gcc/msp430/4.6.3\libgcc.a(_clzsi2.o)
 .debug_line    0x00003b36       0xda c:/program files (x86)/energia-0101e0014/hardware/tools/msp430/bin/../lib/gcc/msp430/4.6.3\libgcc.a(_pack_sf.o)
 .debug_line    0x00003c10       0xb5 c:/program files (x86)/energia-0101e0014/hardware/tools/msp430/bin/../lib/gcc/msp430/4.6.3\libgcc.a(_unpack_sf.o)
 .debug_line    0x00003cc5       0xc0 c:/program files (x86)/energia-0101e0014/hardware/tools/msp430/bin/../lib/gcc/msp430/4.6.3\libgcc.a(_fpcmp_parts_sf.o)
 .debug_line    0x00003d85       0x5b c:/program files (x86)/energia-0101e0014/hardware/tools/msp430/bin/../lib/gcc/msp430/4.6.3\libgcc.a(_clz.o)
 .debug_line    0x00003de0       0x44 c:/program files (x86)/energia-0101e0014/hardware/tools/msp430/bin/../lib/gcc/msp430/4.6.3/../../../../msp430/lib\libc.a(strchr.o)
 .debug_line    0x00003e24       0x49 c:/program files (x86)/energia-0101e0014/hardware/tools/msp430/bin/../lib/gcc/msp430/4.6.3/../../../../msp430/lib\libc.a(strcmp.o)
 .debug_line    0x00003e6d       0x82 c:/program files (x86)/energia-0101e0014/hardware/tools/msp430/bin/../lib/gcc/msp430/4.6.3/../../../../msp430/lib\libc.a(strncmp.o)
 .debug_line    0x00003eef       0x4d c:/program files (x86)/energia-0101e0014/hardware/tools/msp430/bin/../lib/gcc/msp430/4.6.3/../../../../msp430/lib\libc.a(strcpy.o)
 .debug_line    0x00003f3c       0x85 c:/program files (x86)/energia-0101e0014/hardware/tools/msp430/bin/../lib/gcc/msp430/4.6.3/../../../../msp430/lib\libc.a(strncpy.o)
 .debug_line    0x00003fc1       0xf6 c:/program files (x86)/energia-0101e0014/hardware/tools/msp430/bin/../lib/gcc/msp430/4.6.3/../../../../msp430/lib\libc.a(memcpy.o)
 .debug_line    0x000040b7       0xf6 c:/program files (x86)/energia-0101e0014/hardware/tools/msp430/bin/../lib/gcc/msp430/4.6.3/../../../../msp430/lib\libc.a(memmove.o)
 .debug_line    0x000041ad       0x47 c:/program files (x86)/energia-0101e0014/hardware/tools/msp430/bin/../lib/gcc/msp430/4.6.3/../../../../msp430/lib\libc.a(strrchr.o)
 .debug_line    0x000041f4       0x86 c:/program files (x86)/energia-0101e0014/hardware/tools/msp430/bin/../lib/gcc/msp430/4.6.3/../../../../msp430/lib\libc.a(strstr.o)
 .debug_line    0x0000427a       0x3d c:/program files (x86)/energia-0101e0014/hardware/tools/msp430/bin/../lib/gcc/msp430/4.6.3/../../../../msp430/lib\libc.a(atol.o)
 .debug_line    0x000042b7       0xce c:/program files (x86)/energia-0101e0014/hardware/tools/msp430/bin/../lib/gcc/msp430/4.6.3/../../../../msp430/lib\libc.a(malloc.o)
 .debug_line    0x00004385      0x10b c:/program files (x86)/energia-0101e0014/hardware/tools/msp430/bin/../lib/gcc/msp430/4.6.3/../../../../msp430/lib\libc.a(strtol.o)
 .debug_line    0x00004490       0xa9 c:/program files (x86)/energia-0101e0014/hardware/tools/msp430/bin/../lib/gcc/msp430/4.6.3/../../../../msp430/lib\libc.a(sprintf.o)
 .debug_line    0x00004539      0x2df c:/program files (x86)/energia-0101e0014/hardware/tools/msp430/bin/../lib/gcc/msp430/4.6.3/../../../../msp430/lib\libc.a(vuprintf.o)
 .debug_line    0x00004818       0x31 c:/program files (x86)/energia-0101e0014/hardware/tools/msp430/bin/../lib/gcc/msp430/4.6.3/../../../../msp430/lib\libc.a(errno.o)
 .debug_line    0x00004849       0x8b c:/program files (x86)/energia-0101e0014/hardware/tools/msp430/bin/../lib/gcc/msp430/4.6.3\libgcc.a(_divmod32.o)
 .debug_line    0x000048d4       0xcc c:/program files (x86)/energia-0101e0014/hardware/tools/msp430/bin/../lib/gcc/msp430/4.6.3\libgcc.a(_udivmod64.o)
 .debug_line    0x000049a0       0x5c c:/program files (x86)/energia-0101e0014/hardware/tools/msp430/bin/../lib/gcc/msp430/4.6.3\libcrt0.a(__watchdog_support.o)
 .debug_line    0x000049fc       0x5a c:/program files (x86)/energia-0101e0014/hardware/tools/msp430/bin/../lib/gcc/msp430/4.6.3\libcrt0.a(__init_stack.o)
 .debug_line    0x00004a56       0x60 c:/program files (x86)/energia-0101e0014/hardware/tools/msp430/bin/../lib/gcc/msp430/4.6.3\libcrt0.a(_copy_data.o)
 .debug_line    0x00004ab6       0x60 c:/program files (x86)/energia-0101e0014/hardware/tools/msp430/bin/../lib/gcc/msp430/4.6.3\libcrt0.a(_clear_bss.o)
 .debug_line    0x00004b16       0x5b c:/program files (x86)/energia-0101e0014/hardware/tools/msp430/bin/../lib/gcc/msp430/4.6.3\libcrt0.a(_endless_loop__.o)
 .debug_line    0x00004b71       0x5a c:/program files (x86)/energia-0101e0014/hardware/tools/msp430/bin/../lib/gcc/msp430/4.6.3\libcrt0.a(_unexpected_.o)
 .debug_line    0x00004bcb       0x5f c:/program files (x86)/energia-0101e0014/hardware/tools/msp430/bin/../lib/gcc/msp430/4.6.3\libcrt0.a(_ctors430.o)

.debug_frame    0x00000000     0x190c
 *(.debug_frame)
 .debug_frame   0x00000000       0x4e ./Enrf24_TXdemo.o
 .debug_frame   0x0000004e      0x372 C:/Users/opeRaptor/workspace_v6_0/lpmsp430g2553_Enrf24/Debug\liblpmsp430g2553_Enrf24.a(Enrf24.o)
 .debug_frame   0x000003c0       0x4e C:/Users/opeRaptor/workspace_v6_0/lpmsp430g2553_SPI/Debug\liblpmsp430g2553_SPI.a(SPI.o)
 .debug_frame   0x0000040e       0x5a C:/Users/opeRaptor/workspace_v6_0/lpmsp430g2553_SPI/Debug\liblpmsp430g2553_SPI.a(usci_spi.o)
 .debug_frame   0x00000468      0x110 C:/Users/opeRaptor/workspace_v6_0/lpmsp430g2553_core/Debug\liblpmsp430g2553_core.a(wiring.o)
 .debug_frame   0x00000578       0x64 C:/Users/opeRaptor/workspace_v6_0/lpmsp430g2553_core/Debug\liblpmsp430g2553_core.a(wiring_analog.o)
 .debug_frame   0x000005dc       0x70 C:/Users/opeRaptor/workspace_v6_0/lpmsp430g2553_core/Debug\liblpmsp430g2553_core.a(wiring_digital.o)
 .debug_frame   0x0000064c       0xce C:/Users/opeRaptor/workspace_v6_0/lpmsp430g2553_core/Debug\liblpmsp430g2553_core.a(HardwareSerial.o)
 .debug_frame   0x0000071a       0x1e C:/Users/opeRaptor/workspace_v6_0/lpmsp430g2553_core/Debug\liblpmsp430g2553_core.a(main.o)
 .debug_frame   0x00000738      0x24a C:/Users/opeRaptor/workspace_v6_0/lpmsp430g2553_core/Debug\liblpmsp430g2553_core.a(Print.o)
 .debug_frame   0x00000982      0x5f4 C:/Users/opeRaptor/workspace_v6_0/lpmsp430g2553_core/Debug\liblpmsp430g2553_core.a(WString.o)
 .debug_frame   0x00000f76       0x4a C:/Users/opeRaptor/workspace_v6_0/lpmsp430g2553_core/Debug\liblpmsp430g2553_core.a(atof.o)
 .debug_frame   0x00000fc0       0x54 C:/Users/opeRaptor/workspace_v6_0/lpmsp430g2553_core/Debug\liblpmsp430g2553_core.a(dtostrf.o)
 .debug_frame   0x00001014       0xa0 C:/Users/opeRaptor/workspace_v6_0/lpmsp430g2553_core/Debug\liblpmsp430g2553_core.a(itoa.o)
 .debug_frame   0x000010b4       0x5e C:/Users/opeRaptor/workspace_v6_0/lpmsp430g2553_core/Debug\liblpmsp430g2553_core.a(usci_isr_handler.o)
 .debug_frame   0x00001112       0x5a C:/Users/opeRaptor/workspace_v6_0/lpmsp430g2553_core/Debug\liblpmsp430g2553_core.a(new.o)
 .debug_frame   0x0000116c       0x90 C:/Users/opeRaptor/workspace_v6_0/lpmsp430g2553_core/Debug\liblpmsp430g2553_core.a(twi.o)
 .debug_frame   0x000011fc       0x56 c:/program files (x86)/energia-0101e0014/hardware/tools/msp430/bin/../lib/gcc/msp430/4.6.3/../../../../msp430/lib\libm.a(ef_pow.o)
 .debug_frame   0x00001252       0x44 c:/program files (x86)/energia-0101e0014/hardware/tools/msp430/bin/../lib/gcc/msp430/4.6.3/../../../../msp430/lib\libm.a(sf_scalbn.o)
 .debug_frame   0x00001296       0x62 c:/program files (x86)/energia-0101e0014/hardware/tools/msp430/bin/../lib/gcc/msp430/4.6.3/../../../../msp430/lib\libm.a(ef_sqrt.o)
 .debug_frame   0x000012f8       0x28 c:/program files (x86)/energia-0101e0014/hardware/tools/msp430/bin/../lib/gcc/msp430/4.6.3\libgcc.a(_fixunssfsi.o)
 .debug_frame   0x00001320       0x6a c:/program files (x86)/energia-0101e0014/hardware/tools/msp430/bin/../lib/gcc/msp430/4.6.3\libgcc.a(_addsub_sf.o)
 .debug_frame   0x0000138a       0x4a c:/program files (x86)/energia-0101e0014/hardware/tools/msp430/bin/../lib/gcc/msp430/4.6.3\libgcc.a(_mul_sf.o)
 .debug_frame   0x000013d4       0x3a c:/program files (x86)/energia-0101e0014/hardware/tools/msp430/bin/../lib/gcc/msp430/4.6.3\libgcc.a(_div_sf.o)
 .debug_frame   0x0000140e       0x22 c:/program files (x86)/energia-0101e0014/hardware/tools/msp430/bin/../lib/gcc/msp430/4.6.3\libgcc.a(_gt_sf.o)
 .debug_frame   0x00001430       0x22 c:/program files (x86)/energia-0101e0014/hardware/tools/msp430/bin/../lib/gcc/msp430/4.6.3\libgcc.a(_ge_sf.o)
 .debug_frame   0x00001452       0x22 c:/program files (x86)/energia-0101e0014/hardware/tools/msp430/bin/../lib/gcc/msp430/4.6.3\libgcc.a(_lt_sf.o)
 .debug_frame   0x00001474       0x22 c:/program files (x86)/energia-0101e0014/hardware/tools/msp430/bin/../lib/gcc/msp430/4.6.3\libgcc.a(_le_sf.o)
 .debug_frame   0x00001496       0x2c c:/program files (x86)/energia-0101e0014/hardware/tools/msp430/bin/../lib/gcc/msp430/4.6.3\libgcc.a(_si_to_sf.o)
 .debug_frame   0x000014c2       0x22 c:/program files (x86)/energia-0101e0014/hardware/tools/msp430/bin/../lib/gcc/msp430/4.6.3\libgcc.a(_sf_to_si.o)
 .debug_frame   0x000014e4       0x36 c:/program files (x86)/energia-0101e0014/hardware/tools/msp430/bin/../lib/gcc/msp430/4.6.3\libgcc.a(_usi_to_sf.o)
 .debug_frame   0x0000151a       0x2e c:/program files (x86)/energia-0101e0014/hardware/tools/msp430/bin/../lib/gcc/msp430/4.6.3\libgcc.a(_clzsi2.o)
 .debug_frame   0x00001548       0x38 c:/program files (x86)/energia-0101e0014/hardware/tools/msp430/bin/../lib/gcc/msp430/4.6.3\libgcc.a(_pack_sf.o)
 .debug_frame   0x00001580       0x28 c:/program files (x86)/energia-0101e0014/hardware/tools/msp430/bin/../lib/gcc/msp430/4.6.3\libgcc.a(_unpack_sf.o)
 .debug_frame   0x000015a8       0x24 c:/program files (x86)/energia-0101e0014/hardware/tools/msp430/bin/../lib/gcc/msp430/4.6.3\libgcc.a(_fpcmp_parts_sf.o)
 .debug_frame   0x000015cc       0x1e c:/program files (x86)/energia-0101e0014/hardware/tools/msp430/bin/../lib/gcc/msp430/4.6.3/../../../../msp430/lib\libc.a(strchr.o)
 .debug_frame   0x000015ea       0x1e c:/program files (x86)/energia-0101e0014/hardware/tools/msp430/bin/../lib/gcc/msp430/4.6.3/../../../../msp430/lib\libc.a(strcmp.o)
 .debug_frame   0x00001608       0x24 c:/program files (x86)/energia-0101e0014/hardware/tools/msp430/bin/../lib/gcc/msp430/4.6.3/../../../../msp430/lib\libc.a(strncmp.o)
 .debug_frame   0x0000162c       0x1e c:/program files (x86)/energia-0101e0014/hardware/tools/msp430/bin/../lib/gcc/msp430/4.6.3/../../../../msp430/lib\libc.a(strcpy.o)
 .debug_frame   0x0000164a       0x24 c:/program files (x86)/energia-0101e0014/hardware/tools/msp430/bin/../lib/gcc/msp430/4.6.3/../../../../msp430/lib\libc.a(strncpy.o)
 .debug_frame   0x0000166e       0x38 c:/program files (x86)/energia-0101e0014/hardware/tools/msp430/bin/../lib/gcc/msp430/4.6.3/../../../../msp430/lib\libc.a(memcpy.o)
 .debug_frame   0x000016a6       0x38 c:/program files (x86)/energia-0101e0014/hardware/tools/msp430/bin/../lib/gcc/msp430/4.6.3/../../../../msp430/lib\libc.a(memmove.o)
 .debug_frame   0x000016de       0x24 c:/program files (x86)/energia-0101e0014/hardware/tools/msp430/bin/../lib/gcc/msp430/4.6.3/../../../../msp430/lib\libc.a(strrchr.o)
 .debug_frame   0x00001702       0x38 c:/program files (x86)/energia-0101e0014/hardware/tools/msp430/bin/../lib/gcc/msp430/4.6.3/../../../../msp430/lib\libc.a(strstr.o)
 .debug_frame   0x0000173a       0x1e c:/program files (x86)/energia-0101e0014/hardware/tools/msp430/bin/../lib/gcc/msp430/4.6.3/../../../../msp430/lib\libc.a(atol.o)
 .debug_frame   0x00001758       0x52 c:/program files (x86)/energia-0101e0014/hardware/tools/msp430/bin/../lib/gcc/msp430/4.6.3/../../../../msp430/lib\libc.a(malloc.o)
 .debug_frame   0x000017aa       0x4a c:/program files (x86)/energia-0101e0014/hardware/tools/msp430/bin/../lib/gcc/msp430/4.6.3/../../../../msp430/lib\libc.a(strtol.o)
 .debug_frame   0x000017f4       0x68 c:/program files (x86)/energia-0101e0014/hardware/tools/msp430/bin/../lib/gcc/msp430/4.6.3/../../../../msp430/lib\libc.a(sprintf.o)
 .debug_frame   0x0000185c       0xb0 c:/program files (x86)/energia-0101e0014/hardware/tools/msp430/bin/../lib/gcc/msp430/4.6.3/../../../../msp430/lib\libc.a(vuprintf.o)

.debug_str      0x00000000     0x341c
 *(.debug_str)
 .debug_str     0x00000000      0x39b ./Enrf24_TXdemo.o
                                0x3f3 (size before relaxing)
 .debug_str     0x0000039b      0x7d0 C:/Users/opeRaptor/workspace_v6_0/lpmsp430g2553_Enrf24/Debug\liblpmsp430g2553_Enrf24.a(Enrf24.o)
                                0xaf1 (size before relaxing)
 .debug_str     0x00000b6b       0x92 C:/Users/opeRaptor/workspace_v6_0/lpmsp430g2553_SPI/Debug\liblpmsp430g2553_SPI.a(SPI.o)
                                0x35f (size before relaxing)
 .debug_str     0x00000bfd      0x179 C:/Users/opeRaptor/workspace_v6_0/lpmsp430g2553_SPI/Debug\liblpmsp430g2553_SPI.a(usci_spi.o)
                                0x397 (size before relaxing)
 .debug_str     0x00000d76      0x1f4 C:/Users/opeRaptor/workspace_v6_0/lpmsp430g2553_core/Debug\liblpmsp430g2553_core.a(wiring.o)
                                0x3c0 (size before relaxing)
 .debug_str     0x00000f6a      0x273 C:/Users/opeRaptor/workspace_v6_0/lpmsp430g2553_core/Debug\liblpmsp430g2553_core.a(wiring_analog.o)
                                0x4a2 (size before relaxing)
 .debug_str     0x000011dd      0x14e C:/Users/opeRaptor/workspace_v6_0/lpmsp430g2553_core/Debug\liblpmsp430g2553_core.a(wiring_digital.o)
                                0x44a (size before relaxing)
 .debug_str     0x0000132b      0xdbb C:/Users/opeRaptor/workspace_v6_0/lpmsp430g2553_core/Debug\liblpmsp430g2553_core.a(HardwareSerial.o)
                               0x1087 (size before relaxing)
 .debug_str     0x000020e6       0x54 C:/Users/opeRaptor/workspace_v6_0/lpmsp430g2553_core/Debug\liblpmsp430g2553_core.a(main.o)
                                0x21a (size before relaxing)
 .debug_str     0x0000213a      0x3fa C:/Users/opeRaptor/workspace_v6_0/lpmsp430g2553_core/Debug\liblpmsp430g2553_core.a(Print.o)
                                0xe89 (size before relaxing)
 .debug_str     0x00002534      0x24f C:/Users/opeRaptor/workspace_v6_0/lpmsp430g2553_core/Debug\liblpmsp430g2553_core.a(WString.o)
                                0xc33 (size before relaxing)
 .debug_str     0x00002783       0x69 C:/Users/opeRaptor/workspace_v6_0/lpmsp430g2553_core/Debug\liblpmsp430g2553_core.a(atof.o)
                                 0xcc (size before relaxing)
 .debug_str     0x000027ec       0x75 C:/Users/opeRaptor/workspace_v6_0/lpmsp430g2553_core/Debug\liblpmsp430g2553_core.a(dtostrf.o)
                                0x1a0 (size before relaxing)
 .debug_str     0x00002861       0x63 C:/Users/opeRaptor/workspace_v6_0/lpmsp430g2553_core/Debug\liblpmsp430g2553_core.a(itoa.o)
                                0x138 (size before relaxing)
 .debug_str     0x000028c4       0x9a C:/Users/opeRaptor/workspace_v6_0/lpmsp430g2553_core/Debug\liblpmsp430g2553_core.a(usci_isr_handler.o)
                                0x259 (size before relaxing)
 .debug_str     0x0000295e       0xb0 C:/Users/opeRaptor/workspace_v6_0/lpmsp430g2553_core/Debug\liblpmsp430g2553_core.a(new.o)
                                0x199 (size before relaxing)
 .debug_str     0x00002a0e      0x1f6 C:/Users/opeRaptor/workspace_v6_0/lpmsp430g2553_core/Debug\liblpmsp430g2553_core.a(twi.o)
                                0x44d (size before relaxing)
 .debug_str     0x00002c04       0xcc c:/program files (x86)/energia-0101e0014/hardware/tools/msp430/bin/../lib/gcc/msp430/4.6.3/../../../../msp430/lib\libm.a(ef_pow.o)
                                0x197 (size before relaxing)
 .debug_str     0x00002cd0       0x2f c:/program files (x86)/energia-0101e0014/hardware/tools/msp430/bin/../lib/gcc/msp430/4.6.3/../../../../msp430/lib\libm.a(sf_scalbn.o)
                                0x15a (size before relaxing)
 .debug_str     0x00002cff       0x26 c:/program files (x86)/energia-0101e0014/hardware/tools/msp430/bin/../lib/gcc/msp430/4.6.3/../../../../msp430/lib\libm.a(ef_sqrt.o)
                                0x152 (size before relaxing)
 .debug_str     0x00002d25       0x86 c:/program files (x86)/energia-0101e0014/hardware/tools/msp430/bin/../lib/gcc/msp430/4.6.3\libgcc.a(_fixunssfsi.o)
                                0x13e (size before relaxing)
 .debug_str     0x00002dab      0x138 c:/program files (x86)/energia-0101e0014/hardware/tools/msp430/bin/../lib/gcc/msp430/4.6.3\libgcc.a(_addsub_sf.o)
                                0x238 (size before relaxing)
 .debug_str     0x00002ee3       0x27 c:/program files (x86)/energia-0101e0014/hardware/tools/msp430/bin/../lib/gcc/msp430/4.6.3\libgcc.a(_mul_sf.o)
                                0x1f1 (size before relaxing)
 .debug_str     0x00002f0a       0x35 c:/program files (x86)/energia-0101e0014/hardware/tools/msp430/bin/../lib/gcc/msp430/4.6.3\libgcc.a(_div_sf.o)
                                0x1fa (size before relaxing)
 .debug_str     0x00002f3f        0x8 c:/program files (x86)/energia-0101e0014/hardware/tools/msp430/bin/../lib/gcc/msp430/4.6.3\libgcc.a(_gt_sf.o)
                                0x1bf (size before relaxing)
 .debug_str     0x00002f47        0x8 c:/program files (x86)/energia-0101e0014/hardware/tools/msp430/bin/../lib/gcc/msp430/4.6.3\libgcc.a(_ge_sf.o)
                                0x1bf (size before relaxing)
 .debug_str     0x00002f4f        0x8 c:/program files (x86)/energia-0101e0014/hardware/tools/msp430/bin/../lib/gcc/msp430/4.6.3\libgcc.a(_lt_sf.o)
                                0x1bf (size before relaxing)
 .debug_str     0x00002f57        0x8 c:/program files (x86)/energia-0101e0014/hardware/tools/msp430/bin/../lib/gcc/msp430/4.6.3\libgcc.a(_le_sf.o)
                                0x1bf (size before relaxing)
 .debug_str     0x00002f5f       0x27 c:/program files (x86)/energia-0101e0014/hardware/tools/msp430/bin/../lib/gcc/msp430/4.6.3\libgcc.a(_si_to_sf.o)
                                0x1ae (size before relaxing)
 .debug_str     0x00002f86        0xa c:/program files (x86)/energia-0101e0014/hardware/tools/msp430/bin/../lib/gcc/msp430/4.6.3\libgcc.a(_sf_to_si.o)
                                0x1c8 (size before relaxing)